192.168.10.231 - - [10/Jun/2024:12:02:56 +0900] "GET /spring_mbv/common/css/board.css HTTP/1.1" 404 850
0:0:0:0:0:0:0:1 - - [10/Jun/2024:12:02:56 +0900] "GET /spring_mvc/index.do HTTP/1.1" 200 3704
192.168.10.231 - - [10/Jun/2024:12:02:56 +0900] "GET /spring_mbv/common/css/board.css HTTP/1.1" 404 850
0:0:0:0:0:0:0:1 - - [10/Jun/2024:12:02:57 +0900] "GET /spring_mvc/day0610/jsp_include.do HTTP/1.1" 200 1591
192.168.10.231 - - [10/Jun/2024:12:02:57 +0900] "GET /spring_mbv/common/css/board.css HTTP/1.1" 404 850
127.0.0.1 - - [10/Jun/2024:12:03:07 +0900] "GET / HTTP/1.1" 404 807
0:0:0:0:0:0:0:1 - - [10/Jun/2024:12:03:07 +0900] "GET /favicon.ico HTTP/1.1" 404 818
0:0:0:0:0:0:0:1 - - [10/Jun/2024:12:03:07 +0900] "GET /spring_mvc/index.do HTTP/1.1" 200 3704
192.168.10.231 - - [10/Jun/2024:12:03:07 +0900] "GET /spring_mbv/common/css/board.css HTTP/1.1" 404 850
0:0:0:0:0:0:0:1 - - [10/Jun/2024:12:03:08 +0900] "GET /spring_mvc/day0610/jsp_include.do HTTP/1.1" 200 1591
192.168.10.231 - - [10/Jun/2024:12:03:08 +0900] "GET /spring_mbv/common/css/board.css HTTP/1.1" 404 850
0:0:0:0:0:0:0:1 - - [10/Jun/2024:12:04:09 +0900] "GET /spring_mvc/index.do HTTP/1.1" 200 3704
192.168.10.231 - - [10/Jun/2024:12:04:09 +0900] "GET /spring_mbv/common/css/board.css HTTP/1.1" 404 850
0:0:0:0:0:0:0:1 - - [10/Jun/2024:12:04:09 +0900] "GET /spring_mvc/index.do HTTP/1.1" 200 3704
192.168.10.231 - - [10/Jun/2024:12:04:09 +0900] "GET /spring_mbv/common/css/board.css HTTP/1.1" 404 850
0:0:0:0:0:0:0:1 - - [10/Jun/2024:12:04:09 +0900] "GET /spring_mvc/index.do HTTP/1.1" 200 3704
192.168.10.231 - - [10/Jun/2024:12:04:09 +0900] "GET /spring_mbv/common/css/board.css HTTP/1.1" 404 850
0:0:0:0:0:0:0:1 - - [10/Jun/2024:12:04:09 +0900] "GET /spring_mvc/index.do HTTP/1.1" 200 3704
192.168.10.231 - - [10/Jun/2024:12:04:09 +0900] "GET /spring_mbv/common/css/board.css HTTP/1.1" 404 850
0:0:0:0:0:0:0:1 - - [10/Jun/2024:12:04:10 +0900] "GET /spring_mvc/day0610/jsp_include.do HTTP/1.1" 200 1593
192.168.10.231 - - [10/Jun/2024:12:04:10 +0900] "GET /spring_mbv/common/css/board.css HTTP/1.1" 404 850
0:0:0:0:0:0:0:1 - - [10/Jun/2024:12:04:13 +0900] "GET /spring_mvc/index.do HTTP/1.1" 200 3704
192.168.10.231 - - [10/Jun/2024:12:04:13 +0900] "GET /spring_mbv/common/css/board.css HTTP/1.1" 404 850
0:0:0:0:0:0:0:1 - - [10/Jun/2024:12:04:14 +0900] "GET /spring_mvc/day0610/jsp_include.do HTTP/1.1" 200 1593
192.168.10.231 - - [10/Jun/2024:12:04:14 +0900] "GET /spring_mbv/common/css/board.css HTTP/1.1" 404 850
127.0.0.1 - - [10/Jun/2024:12:05:25 +0900] "GET / HTTP/1.1" 404 807
0:0:0:0:0:0:0:1 - - [10/Jun/2024:12:05:25 +0900] "GET /spring_mvc/WEB-INF/views/day0610/include_test.jsp HTTP/1.1" 404 721
0:0:0:0:0:0:0:1 - - [10/Jun/2024:12:05:37 +0900] "GET /spring_mvc/WEB-INF/views/day0610/include_test.jsp HTTP/1.1" 404 721
0:0:0:0:0:0:0:1 - - [10/Jun/2024:12:05:37 +0900] "GET /spring_mvc/WEB-INF/views/day0610/include_test.jsp HTTP/1.1" 404 721
0:0:0:0:0:0:0:1 - - [10/Jun/2024:12:05:38 +0900] "GET /spring_mvc/WEB-INF/views/day0610/include_test.jsp HTTP/1.1" 404 721
0:0:0:0:0:0:0:1 - - [10/Jun/2024:12:05:38 +0900] "GET /spring_mvc/WEB-INF/views/day0610/include_test.jsp HTTP/1.1" 404 721
0:0:0:0:0:0:0:1 - - [10/Jun/2024:12:05:38 +0900] "GET /spring_mvc/WEB-INF/views/day0610/include_test.jsp HTTP/1.1" 404 721
0:0:0:0:0:0:0:1 - - [10/Jun/2024:12:05:38 +0900] "GET /spring_mvc/WEB-INF/views/day0610/include_test.jsp HTTP/1.1" 404 721
0:0:0:0:0:0:0:1 - - [10/Jun/2024:12:06:00 +0900] "GET /spring_mvc/WEB-INF/views/day0610/include_test.jsp HTTP/1.1" 404 721
0:0:0:0:0:0:0:1 - - [10/Jun/2024:12:06:00 +0900] "GET /spring_mvc/WEB-INF/views/day0610/include_test.jsp HTTP/1.1" 404 721
0:0:0:0:0:0:0:1 - - [10/Jun/2024:12:06:00 +0900] "GET /spring_mvc/WEB-INF/views/day0610/include_test.jsp HTTP/1.1" 404 721
0:0:0:0:0:0:0:1 - - [10/Jun/2024:12:06:01 +0900] "GET /spring_mvc/WEB-INF/views/day0610/include_test.jsp HTTP/1.1" 404 721
0:0:0:0:0:0:0:1 - - [10/Jun/2024:12:06:46 +0900] "GET /spring_mvc/WEB-INF/views/day0610/include_test.jsp HTTP/1.1" 404 721
0:0:0:0:0:0:0:1 - - [10/Jun/2024:12:06:46 +0900] "GET /spring_mvc/WEB-INF/views/day0610/include_test.jsp HTTP/1.1" 404 721
0:0:0:0:0:0:0:1 - - [10/Jun/2024:12:06:47 +0900] "GET /spring_mvc/WEB-INF/views/day0610/include_test.jsp HTTP/1.1" 404 721
0:0:0:0:0:0:0:1 - - [10/Jun/2024:12:06:47 +0900] "GET /spring_mvc/WEB-INF/views/day0610/include_test.jsp HTTP/1.1" 404 721
0:0:0:0:0:0:0:1 - - [10/Jun/2024:12:07:00 +0900] "GET /spring_mvc/WEB-INF/views/day0610/include_test.jsp HTTP/1.1" 404 721
0:0:0:0:0:0:0:1 - - [10/Jun/2024:12:07:01 +0900] "GET /spring_mvc/WEB-INF/views/day0610/include_test.jsp HTTP/1.1" 404 721
0:0:0:0:0:0:0:1 - - [10/Jun/2024:12:07:01 +0900] "GET /spring_mvc/WEB-INF/views/day0610/include_test.jsp HTTP/1.1" 404 721
0:0:0:0:0:0:0:1 - - [10/Jun/2024:12:07:02 +0900] "GET /spring_mvc/WEB-INF/views/day0610/include_test.jsp HTTP/1.1" 404 721
0:0:0:0:0:0:0:1 - - [10/Jun/2024:12:07:02 +0900] "GET /spring_mvc/WEB-INF/views/day0610/include_test.jsp HTTP/1.1" 404 721
0:0:0:0:0:0:0:1 - - [10/Jun/2024:12:07:02 +0900] "GET /spring_mvc/WEB-INF/views/day0610/include_test.jsp HTTP/1.1" 404 721
0:0:0:0:0:0:0:1 - - [10/Jun/2024:12:07:02 +0900] "GET /spring_mvc/WEB-INF/views/day0610/include_test.jsp HTTP/1.1" 404 721
127.0.0.1 - - [10/Jun/2024:12:07:12 +0900] "GET / HTTP/1.1" 404 807
0:0:0:0:0:0:0:1 - - [10/Jun/2024:12:07:12 +0900] "GET /spring_mvc/index.do HTTP/1.1" 200 3704
192.168.10.231 - - [10/Jun/2024:12:07:12 +0900] "GET /spring_mbv/common/css/board.css HTTP/1.1" 404 850
0:0:0:0:0:0:0:1 - - [10/Jun/2024:12:07:13 +0900] "GET /spring_mvc/day0610/jsp_include.do HTTP/1.1" 200 1674
192.168.10.231 - - [10/Jun/2024:12:07:13 +0900] "GET /spring_mbv/common/css/board.css HTTP/1.1" 404 850
127.0.0.1 - - [10/Jun/2024:12:09:22 +0900] "GET / HTTP/1.1" 404 807
0:0:0:0:0:0:0:1 - - [10/Jun/2024:12:09:22 +0900] "GET /spring_mvc/index.do HTTP/1.1" 200 3704
192.168.10.231 - - [10/Jun/2024:12:09:22 +0900] "GET /spring_mbv/common/css/board.css HTTP/1.1" 404 850
127.0.0.1 - - [10/Jun/2024:12:15:18 +0900] "GET / HTTP/1.1" 404 807
0:0:0:0:0:0:0:1 - - [10/Jun/2024:12:15:18 +0900] "GET /spring_mvc/index.do HTTP/1.1" 200 3704
192.168.10.231 - - [10/Jun/2024:12:15:18 +0900] "GET /spring_mbv/common/css/board.css HTTP/1.1" 404 850
127.0.0.1 - - [10/Jun/2024:12:15:20 +0900] "GET /spring_mvc/common/jsp/header.jsp HTTP/1.1" 200 45
127.0.0.1 - - [10/Jun/2024:12:15:20 +0900] "GET /spring_mvc/common/jsp/header.jsp HTTP/1.1" 200 45
0:0:0:0:0:0:0:1 - - [10/Jun/2024:12:15:20 +0900] "GET /spring_mvc/day0610/jsp_include.do HTTP/1.1" 200 1789
192.168.10.231 - - [10/Jun/2024:12:15:20 +0900] "GET /spring_mbv/common/css/board.css HTTP/1.1" 404 850
127.0.0.1 - - [10/Jun/2024:12:21:18 +0900] "GET / HTTP/1.1" 404 807
127.0.0.1 - - [10/Jun/2024:12:21:19 +0900] "GET /spring_mvc/index.do HTTP/1.1" 200 3761
192.168.10.231 - - [10/Jun/2024:12:21:19 +0900] "GET /spring_mbv/common/css/board.css HTTP/1.1" 404 850
127.0.0.1 - - [10/Jun/2024:12:21:20 +0900] "GET /spring_mvc/day0610/temp.do HTTP/1.1" 200 50
127.0.0.1 - - [10/Jun/2024:12:26:44 +0900] "GET / HTTP/1.1" 404 807
0:0:0:0:0:0:0:1 - - [10/Jun/2024:12:26:44 +0900] "GET /spring_mvc/index.do HTTP/1.1" 200 3820
192.168.10.231 - - [10/Jun/2024:12:26:44 +0900] "GET /spring_mbv/common/css/board.css HTTP/1.1" 404 850
0:0:0:0:0:0:0:1 - - [10/Jun/2024:12:28:25 +0900] "GET /spring_mvc/index.do HTTP/1.1" 200 3820
192.168.10.231 - - [10/Jun/2024:12:28:25 +0900] "GET /spring_mbv/common/css/board.css HTTP/1.1" 404 850
0:0:0:0:0:0:0:1 - - [10/Jun/2024:12:28:26 +0900] "GET /spring_mvc/index.do HTTP/1.1" 200 3820
192.168.10.231 - - [10/Jun/2024:12:28:26 +0900] "GET /spring_mbv/common/css/board.css HTTP/1.1" 404 850
0:0:0:0:0:0:0:1 - - [10/Jun/2024:12:28:26 +0900] "GET /spring_mvc/index.do HTTP/1.1" 200 3820
192.168.10.231 - - [10/Jun/2024:12:28:26 +0900] "GET /spring_mbv/common/css/board.css HTTP/1.1" 404 850
0:0:0:0:0:0:0:1 - - [10/Jun/2024:12:28:26 +0900] "GET /spring_mvc/index.do HTTP/1.1" 200 3820
192.168.10.231 - - [10/Jun/2024:12:28:26 +0900] "GET /spring_mbv/common/css/board.css HTTP/1.1" 404 850
0:0:0:0:0:0:0:1 - - [10/Jun/2024:12:28:26 +0900] "GET /spring_mvc/index.do HTTP/1.1" 200 3820
192.168.10.231 - - [10/Jun/2024:12:28:26 +0900] "GET /spring_mbv/common/css/board.css HTTP/1.1" 404 850
0:0:0:0:0:0:0:1 - - [10/Jun/2024:12:28:28 +0900] "GET /spring_mvc/day0610/do_include.do HTTP/1.1" 200 1334
192.168.10.231 - - [10/Jun/2024:12:28:28 +0900] "GET /spring_mbv/common/css/board.css HTTP/1.1" 404 850
0:0:0:0:0:0:0:1 - - [10/Jun/2024:12:29:46 +0900] "GET /spring_mvc/index.do HTTP/1.1" 200 3820
192.168.10.231 - - [10/Jun/2024:12:29:46 +0900] "GET /spring_mbv/common/css/board.css HTTP/1.1" 404 850
0:0:0:0:0:0:0:1 - - [10/Jun/2024:12:29:46 +0900] "GET /spring_mvc/index.do HTTP/1.1" 200 3820
192.168.10.231 - - [10/Jun/2024:12:29:46 +0900] "GET /spring_mbv/common/css/board.css HTTP/1.1" 404 850
0:0:0:0:0:0:0:1 - - [10/Jun/2024:12:29:46 +0900] "GET /spring_mvc/index.do HTTP/1.1" 200 3820
192.168.10.231 - - [10/Jun/2024:12:29:46 +0900] "GET /spring_mbv/common/css/board.css HTTP/1.1" 404 850
0:0:0:0:0:0:0:1 - - [10/Jun/2024:12:29:47 +0900] "GET /spring_mvc/index.do HTTP/1.1" 200 3820
192.168.10.231 - - [10/Jun/2024:12:29:47 +0900] "GET /spring_mbv/common/css/board.css HTTP/1.1" 404 850
0:0:0:0:0:0:0:1 - - [10/Jun/2024:12:29:47 +0900] "GET /spring_mvc/index.do HTTP/1.1" 200 3820
192.168.10.231 - - [10/Jun/2024:12:29:47 +0900] "GET /spring_mbv/common/css/board.css HTTP/1.1" 404 850
0:0:0:0:0:0:0:1 - - [10/Jun/2024:12:29:47 +0900] "GET /spring_mvc/index.do HTTP/1.1" 200 3820
192.168.10.231 - - [10/Jun/2024:12:29:47 +0900] "GET /spring_mbv/common/css/board.css HTTP/1.1" 404 850
0:0:0:0:0:0:0:1 - - [10/Jun/2024:12:29:47 +0900] "GET /spring_mvc/index.do HTTP/1.1" 200 3820
192.168.10.231 - - [10/Jun/2024:12:29:47 +0900] "GET /spring_mbv/common/css/board.css HTTP/1.1" 404 850
0:0:0:0:0:0:0:1 - - [10/Jun/2024:12:29:48 +0900] "GET /spring_mvc/index.do HTTP/1.1" 200 3820
192.168.10.231 - - [10/Jun/2024:12:29:48 +0900] "GET /spring_mbv/common/css/board.css HTTP/1.1" 404 850
192.168.10.231 - - [10/Jun/2024:12:29:48 +0900] "GET /spring_mvc/common/css/main.css HTTP/1.1" 200 16461
192.168.10.231 - - [10/Jun/2024:12:29:48 +0900] "GET /spring_mvc/common/favicon.ico HTTP/1.1" 200 1150
0:0:0:0:0:0:0:1 - - [10/Jun/2024:12:29:49 +0900] "GET /spring_mvc/day0610/do_include.do HTTP/1.1" 200 1419
192.168.10.231 - - [10/Jun/2024:12:29:49 +0900] "GET /spring_mbv/common/css/board.css HTTP/1.1" 404 850
0:0:0:0:0:0:0:1 - - [10/Jun/2024:12:32:42 +0900] "GET /spring_mvc/index.do HTTP/1.1" 200 3831
192.168.10.231 - - [10/Jun/2024:12:32:42 +0900] "GET /spring_mbv/common/css/board.css HTTP/1.1" 404 850
0:0:0:0:0:0:0:1 - - [10/Jun/2024:12:32:42 +0900] "GET /spring_mvc/index.do HTTP/1.1" 200 3831
192.168.10.231 - - [10/Jun/2024:12:32:42 +0900] "GET /spring_mbv/common/css/board.css HTTP/1.1" 404 850
0:0:0:0:0:0:0:1 - - [10/Jun/2024:12:32:42 +0900] "GET /spring_mvc/index.do HTTP/1.1" 200 3831
192.168.10.231 - - [10/Jun/2024:12:32:42 +0900] "GET /spring_mbv/common/css/board.css HTTP/1.1" 404 850
0:0:0:0:0:0:0:1 - - [10/Jun/2024:12:32:42 +0900] "GET /spring_mvc/index.do HTTP/1.1" 200 3831
192.168.10.231 - - [10/Jun/2024:12:32:42 +0900] "GET /spring_mbv/common/css/board.css HTTP/1.1" 404 850
0:0:0:0:0:0:0:1 - - [10/Jun/2024:12:32:43 +0900] "GET /spring_mvc/day0610/do_include.do HTTP/1.1" 200 1419
192.168.10.231 - - [10/Jun/2024:12:32:43 +0900] "GET /spring_mbv/common/css/board.css HTTP/1.1" 404 850
127.0.0.1 - - [10/Jun/2024:12:32:46 +0900] "GET /spring_mvc/common/jsp/header.jsp HTTP/1.1" 200 45
127.0.0.1 - - [10/Jun/2024:12:32:46 +0900] "GET /spring_mvc/common/jsp/header.jsp HTTP/1.1" 200 45
0:0:0:0:0:0:0:1 - - [10/Jun/2024:12:32:46 +0900] "GET /spring_mvc/day0610/jsp_include.do?param=test HTTP/1.1" 200 1789
192.168.10.231 - - [10/Jun/2024:12:32:46 +0900] "GET /spring_mbv/common/css/board.css HTTP/1.1" 404 850
127.0.0.1 - - [10/Jun/2024:12:35:42 +0900] "GET /spring_mvc/common/jsp/header.jsp HTTP/1.1" 200 48
127.0.0.1 - - [10/Jun/2024:12:35:42 +0900] "GET /spring_mvc/common/jsp/header.jsp HTTP/1.1" 200 48
0:0:0:0:0:0:0:1 - - [10/Jun/2024:12:35:42 +0900] "GET /spring_mvc/day0610/jsp_include.do?param=test HTTP/1.1" 200 1798
192.168.10.231 - - [10/Jun/2024:12:35:42 +0900] "GET /spring_mbv/common/css/board.css HTTP/1.1" 404 850
0:0:0:0:0:0:0:1 - - [10/Jun/2024:12:35:43 +0900] "GET /spring_mvc/index.do HTTP/1.1" 200 3854
192.168.10.231 - - [10/Jun/2024:12:35:43 +0900] "GET /spring_mbv/common/css/board.css HTTP/1.1" 404 850
0:0:0:0:0:0:0:1 - - [10/Jun/2024:12:35:43 +0900] "GET /spring_mvc/index.do HTTP/1.1" 200 3854
192.168.10.231 - - [10/Jun/2024:12:35:43 +0900] "GET /spring_mbv/common/css/board.css HTTP/1.1" 404 850
0:0:0:0:0:0:0:1 - - [10/Jun/2024:12:35:44 +0900] "GET /spring_mvc/index.do HTTP/1.1" 200 3854
192.168.10.231 - - [10/Jun/2024:12:35:44 +0900] "GET /spring_mbv/common/css/board.css HTTP/1.1" 404 850
0:0:0:0:0:0:0:1 - - [10/Jun/2024:12:35:44 +0900] "GET /spring_mvc/index.do HTTP/1.1" 200 3854
192.168.10.231 - - [10/Jun/2024:12:35:44 +0900] "GET /spring_mbv/common/css/board.css HTTP/1.1" 404 850
0:0:0:0:0:0:0:1 - - [10/Jun/2024:12:35:44 +0900] "GET /spring_mvc/day0610/do_include.do?name=suyeon.choi HTTP/1.1" 200 1419
192.168.10.231 - - [10/Jun/2024:12:35:44 +0900] "GET /spring_mbv/common/css/board.css HTTP/1.1" 404 850
127.0.0.1 - - [10/Jun/2024:12:35:46 +0900] "GET /spring_mvc/common/jsp/header.jsp HTTP/1.1" 200 48
127.0.0.1 - - [10/Jun/2024:12:35:46 +0900] "GET /spring_mvc/common/jsp/header.jsp HTTP/1.1" 200 48
0:0:0:0:0:0:0:1 - - [10/Jun/2024:12:35:46 +0900] "GET /spring_mvc/day0610/jsp_include.do?name=dongsub.kim HTTP/1.1" 200 1809
192.168.10.231 - - [10/Jun/2024:12:35:46 +0900] "GET /spring_mbv/common/css/board.css HTTP/1.1" 404 850
0:0:0:0:0:0:0:1 - - [10/Jun/2024:12:35:50 +0900] "GET /spring_mvc/day0610/temp.do HTTP/1.1" 200 50
0:0:0:0:0:0:0:1 - - [10/Jun/2024:12:35:50 +0900] "GET /favicon.ico HTTP/1.1" 404 818
127.0.0.1 - - [10/Jun/2024:12:35:52 +0900] "GET /spring_mvc/common/jsp/header.jsp HTTP/1.1" 200 48
127.0.0.1 - - [10/Jun/2024:12:35:52 +0900] "GET /spring_mvc/common/jsp/header.jsp HTTP/1.1" 200 48
0:0:0:0:0:0:0:1 - - [10/Jun/2024:12:35:52 +0900] "GET /spring_mvc/day0610/jsp_include.do?name=dongsub.kim HTTP/1.1" 200 1809
192.168.10.231 - - [10/Jun/2024:12:35:52 +0900] "GET /spring_mbv/common/css/board.css HTTP/1.1" 404 850
0:0:0:0:0:0:0:1 - - [10/Jun/2024:12:36:37 +0900] "GET /spring_mvc/index.do HTTP/1.1" 200 3854
192.168.10.231 - - [10/Jun/2024:12:36:37 +0900] "GET /spring_mbv/common/css/board.css HTTP/1.1" 404 850
0:0:0:0:0:0:0:1 - - [10/Jun/2024:12:36:37 +0900] "GET /spring_mvc/index.do HTTP/1.1" 200 3854
192.168.10.231 - - [10/Jun/2024:12:36:37 +0900] "GET /spring_mbv/common/css/board.css HTTP/1.1" 404 850
0:0:0:0:0:0:0:1 - - [10/Jun/2024:12:36:37 +0900] "GET /spring_mvc/index.do HTTP/1.1" 200 3854
192.168.10.231 - - [10/Jun/2024:12:36:37 +0900] "GET /spring_mbv/common/css/board.css HTTP/1.1" 404 850
0:0:0:0:0:0:0:1 - - [10/Jun/2024:12:36:37 +0900] "GET /spring_mvc/index.do HTTP/1.1" 200 3854
192.168.10.231 - - [10/Jun/2024:12:36:37 +0900] "GET /spring_mbv/common/css/board.css HTTP/1.1" 404 850
0:0:0:0:0:0:0:1 - - [10/Jun/2024:12:36:38 +0900] "GET /spring_mvc/day0610/do_include.do?name=suyeon.choi HTTP/1.1" 200 1432
192.168.10.231 - - [10/Jun/2024:12:36:38 +0900] "GET /spring_mbv/common/css/board.css HTTP/1.1" 404 850
0:0:0:0:0:0:0:1 - - [10/Jun/2024:12:36:51 +0900] "GET /spring_mvc/day0610/do_include.do?name=suyeon.choi HTTP/1.1" 200 1441
192.168.10.231 - - [10/Jun/2024:12:36:51 +0900] "GET /spring_mbv/common/css/board.css HTTP/1.1" 404 850
0:0:0:0:0:0:0:1 - - [10/Jun/2024:12:39:29 +0900] "GET /spring_mvc/index.do HTTP/1.1" 200 3854
192.168.10.231 - - [10/Jun/2024:12:39:29 +0900] "GET /spring_mbv/common/css/board.css HTTP/1.1" 404 850
0:0:0:0:0:0:0:1 - - [10/Jun/2024:12:39:29 +0900] "GET /spring_mvc/index.do HTTP/1.1" 200 3854
192.168.10.231 - - [10/Jun/2024:12:39:29 +0900] "GET /spring_mbv/common/css/board.css HTTP/1.1" 404 850
0:0:0:0:0:0:0:1 - - [10/Jun/2024:12:39:29 +0900] "GET /spring_mvc/index.do HTTP/1.1" 200 3854
192.168.10.231 - - [10/Jun/2024:12:39:29 +0900] "GET /spring_mbv/common/css/board.css HTTP/1.1" 404 850
0:0:0:0:0:0:0:1 - - [10/Jun/2024:12:39:30 +0900] "GET /spring_mvc/index.do HTTP/1.1" 200 3854
192.168.10.231 - - [10/Jun/2024:12:39:30 +0900] "GET /spring_mbv/common/css/board.css HTTP/1.1" 404 850
0:0:0:0:0:0:0:1 - - [10/Jun/2024:12:39:31 +0900] "GET /spring_mvc/day0610/temp.do HTTP/1.1" 200 50
0:0:0:0:0:0:0:1 - - [10/Jun/2024:12:39:38 +0900] "GET /spring_mvc/day0610/temp.do HTTP/1.1" 200 50
0:0:0:0:0:0:0:1 - - [10/Jun/2024:12:39:38 +0900] "GET /spring_mvc/day0610/temp.do HTTP/1.1" 200 50
0:0:0:0:0:0:0:1 - - [10/Jun/2024:12:39:38 +0900] "GET /spring_mvc/day0610/temp.do HTTP/1.1" 200 50
0:0:0:0:0:0:0:1 - - [10/Jun/2024:12:39:50 +0900] "GET /spring_mvc/index.do HTTP/1.1" 200 3854
192.168.10.231 - - [10/Jun/2024:12:39:50 +0900] "GET /spring_mbv/common/css/board.css HTTP/1.1" 404 850
0:0:0:0:0:0:0:1 - - [10/Jun/2024:12:39:51 +0900] "GET /spring_mvc/day0610/temp.do HTTP/1.1" 200 50
0:0:0:0:0:0:0:1 - - [10/Jun/2024:12:40:10 +0900] "GET /spring_mvc/index.do HTTP/1.1" 200 3868
192.168.10.231 - - [10/Jun/2024:12:40:10 +0900] "GET /spring_mbv/common/css/board.css HTTP/1.1" 404 850
0:0:0:0:0:0:0:1 - - [10/Jun/2024:12:40:10 +0900] "GET /spring_mvc/index.do HTTP/1.1" 200 3868
192.168.10.231 - - [10/Jun/2024:12:40:10 +0900] "GET /spring_mbv/common/css/board.css HTTP/1.1" 404 850
0:0:0:0:0:0:0:1 - - [10/Jun/2024:12:40:10 +0900] "GET /spring_mvc/index.do HTTP/1.1" 200 3868
192.168.10.231 - - [10/Jun/2024:12:40:10 +0900] "GET /spring_mbv/common/css/board.css HTTP/1.1" 404 850
0:0:0:0:0:0:0:1 - - [10/Jun/2024:12:40:11 +0900] "GET /spring_mvc/day0610/temp.do?name=ddinghwa HTTP/1.1" 200 58
127.0.0.1 - - [10/Jun/2024:14:46:47 +0900] "GET / HTTP/1.1" 404 807
0:0:0:0:0:0:0:1 - - [10/Jun/2024:14:46:47 +0900] "GET /spring_mvc/index.do HTTP/1.1" 500 10834
0:0:0:0:0:0:0:1 - - [10/Jun/2024:14:47:26 +0900] "GET /spring_mvc/index.do HTTP/1.1" 500 10834
0:0:0:0:0:0:0:1 - - [10/Jun/2024:14:47:27 +0900] "GET /spring_mvc/index.do HTTP/1.1" 500 10834
0:0:0:0:0:0:0:1 - - [10/Jun/2024:14:47:27 +0900] "GET /spring_mvc/index.do HTTP/1.1" 500 10834
0:0:0:0:0:0:0:1 - - [10/Jun/2024:14:47:28 +0900] "GET /spring_mvc/index.do HTTP/1.1" 500 10834
0:0:0:0:0:0:0:1 - - [10/Jun/2024:14:47:28 +0900] "GET /spring_mvc/index.do HTTP/1.1" 500 10834
127.0.0.1 - - [10/Jun/2024:14:47:36 +0900] "GET / HTTP/1.1" 404 807
0:0:0:0:0:0:0:1 - - [10/Jun/2024:14:47:36 +0900] "GET /spring_mvc/index.do HTTP/1.1" 500 10834
0:0:0:0:0:0:0:1 - - [10/Jun/2024:14:48:05 +0900] "GET /spring_mvc/index.do HTTP/1.1" 500 10834
0:0:0:0:0:0:0:1 - - [10/Jun/2024:14:48:05 +0900] "GET /spring_mvc/index.do HTTP/1.1" 500 10834
0:0:0:0:0:0:0:1 - - [10/Jun/2024:14:48:05 +0900] "GET /spring_mvc/index.do HTTP/1.1" 500 10834
0:0:0:0:0:0:0:1 - - [10/Jun/2024:14:48:06 +0900] "GET /spring_mvc/index.do HTTP/1.1" 500 10834
0:0:0:0:0:0:0:1 - - [10/Jun/2024:14:48:06 +0900] "GET /spring_mvc/index.do HTTP/1.1" 500 10834
127.0.0.1 - - [10/Jun/2024:14:48:16 +0900] "GET / HTTP/1.1" 404 807
0:0:0:0:0:0:0:1 - - [10/Jun/2024:14:48:17 +0900] "GET /spring_mvc/index.do HTTP/1.1" 200 4216
192.168.10.231 - - [10/Jun/2024:14:48:17 +0900] "GET /spring_mbv/common/css/board.css HTTP/1.1" 404 850
127.0.0.1 - - [10/Jun/2024:15:02:25 +0900] "GET / HTTP/1.1" 404 807
0:0:0:0:0:0:0:1 - - [10/Jun/2024:15:02:26 +0900] "GET /spring_mvc/index.do HTTP/1.1" 200 4216
192.168.10.231 - - [10/Jun/2024:15:02:26 +0900] "GET /spring_mbv/common/css/board.css HTTP/1.1" 404 850
0:0:0:0:0:0:0:1 - - [10/Jun/2024:15:02:29 +0900] "GET /spring_mvc/day0610/set_session.do HTTP/1.1" 200 1316
192.168.10.231 - - [10/Jun/2024:15:02:29 +0900] "GET /spring_mbv/common/css/board.css HTTP/1.1" 404 850
0:0:0:0:0:0:0:1 - - [10/Jun/2024:15:02:36 +0900] "GET /spring_mvc/day0610/get_session.do HTTP/1.1" 200 1381
192.168.10.231 - - [10/Jun/2024:15:02:36 +0900] "GET /spring_mbv/common/css/board.css HTTP/1.1" 404 850
0:0:0:0:0:0:0:1 - - [10/Jun/2024:15:03:05 +0900] "GET /spring_mvc/day0610/set_session.do HTTP/1.1" 200 1316
192.168.10.231 - - [10/Jun/2024:15:03:05 +0900] "GET /spring_mbv/common/css/board.css HTTP/1.1" 404 850
0:0:0:0:0:0:0:1 - - [10/Jun/2024:15:03:27 +0900] "GET /spring_mvc/day0610/get_session.do HTTP/1.1" 200 1381
192.168.10.231 - - [10/Jun/2024:15:03:27 +0900] "GET /spring_mbv/common/css/board.css HTTP/1.1" 404 850
0:0:0:0:0:0:0:1 - - [10/Jun/2024:15:05:26 +0900] "GET /spring_mvc/day0610/set_session.do HTTP/1.1" 200 1316
192.168.10.231 - - [10/Jun/2024:15:05:26 +0900] "GET /spring_mbv/common/css/board.css HTTP/1.1" 404 850
0:0:0:0:0:0:0:1 - - [10/Jun/2024:15:05:28 +0900] "GET /spring_mvc/day0610/set_session.do HTTP/1.1" 200 1316
192.168.10.231 - - [10/Jun/2024:15:05:28 +0900] "GET /spring_mbv/common/css/board.css HTTP/1.1" 404 850
0:0:0:0:0:0:0:1 - - [10/Jun/2024:15:05:28 +0900] "GET /spring_mvc/day0610/set_session.do HTTP/1.1" 200 1316
192.168.10.231 - - [10/Jun/2024:15:05:28 +0900] "GET /spring_mbv/common/css/board.css HTTP/1.1" 404 850
0:0:0:0:0:0:0:1 - - [10/Jun/2024:15:05:37 +0900] "GET /spring_mvc/day0610/set_session.do HTTP/1.1" 200 1316
192.168.10.231 - - [10/Jun/2024:15:05:37 +0900] "GET /spring_mbv/common/css/board.css HTTP/1.1" 404 850
0:0:0:0:0:0:0:1 - - [10/Jun/2024:15:05:37 +0900] "GET /spring_mvc/day0610/set_session.do HTTP/1.1" 200 1316
192.168.10.231 - - [10/Jun/2024:15:05:37 +0900] "GET /spring_mbv/common/css/board.css HTTP/1.1" 404 850
0:0:0:0:0:0:0:1 - - [10/Jun/2024:15:05:38 +0900] "GET /spring_mvc/day0610/set_session.do HTTP/1.1" 200 1316
192.168.10.231 - - [10/Jun/2024:15:05:38 +0900] "GET /spring_mbv/common/css/board.css HTTP/1.1" 404 850
0:0:0:0:0:0:0:1 - - [10/Jun/2024:15:05:38 +0900] "GET /spring_mvc/day0610/set_session.do HTTP/1.1" 200 1316
192.168.10.231 - - [10/Jun/2024:15:05:38 +0900] "GET /spring_mbv/common/css/board.css HTTP/1.1" 404 850
0:0:0:0:0:0:0:1 - - [10/Jun/2024:15:05:38 +0900] "GET /spring_mvc/day0610/set_session.do HTTP/1.1" 200 1316
192.168.10.231 - - [10/Jun/2024:15:05:38 +0900] "GET /spring_mbv/common/css/board.css HTTP/1.1" 404 850
0:0:0:0:0:0:0:1 - - [10/Jun/2024:15:05:38 +0900] "GET /spring_mvc/day0610/set_session.do HTTP/1.1" 200 1316
192.168.10.231 - - [10/Jun/2024:15:05:38 +0900] "GET /spring_mbv/common/css/board.css HTTP/1.1" 404 850
0:0:0:0:0:0:0:1 - - [10/Jun/2024:15:05:38 +0900] "GET /spring_mvc/day0610/set_session.do HTTP/1.1" 200 1316
192.168.10.231 - - [10/Jun/2024:15:05:38 +0900] "GET /spring_mbv/common/css/board.css HTTP/1.1" 404 850
0:0:0:0:0:0:0:1 - - [10/Jun/2024:15:05:39 +0900] "GET /spring_mvc/day0610/set_session.do HTTP/1.1" 200 1316
192.168.10.231 - - [10/Jun/2024:15:05:39 +0900] "GET /spring_mbv/common/css/board.css HTTP/1.1" 404 850
0:0:0:0:0:0:0:1 - - [10/Jun/2024:15:05:41 +0900] "GET /spring_mvc/day0610/set_session.do HTTP/1.1" 200 1316
192.168.10.231 - - [10/Jun/2024:15:05:41 +0900] "GET /spring_mbv/common/css/board.css HTTP/1.1" 404 850
0:0:0:0:0:0:0:1 - - [10/Jun/2024:15:05:43 +0900] "GET /spring_mvc/index.do HTTP/1.1" 200 4216
192.168.10.231 - - [10/Jun/2024:15:05:43 +0900] "GET /spring_mbv/common/css/board.css HTTP/1.1" 404 850
0:0:0:0:0:0:0:1 - - [10/Jun/2024:15:05:44 +0900] "GET /spring_mvc/day0610/set_session.do HTTP/1.1" 200 1316
192.168.10.231 - - [10/Jun/2024:15:05:44 +0900] "GET /spring_mbv/common/css/board.css HTTP/1.1" 404 850
0:0:0:0:0:0:0:1 - - [10/Jun/2024:15:05:58 +0900] "GET /spring_mvc/day0610/set_session.do HTTP/1.1" 200 1322
192.168.10.231 - - [10/Jun/2024:15:05:58 +0900] "GET /spring_mbv/common/css/board.css HTTP/1.1" 404 850
0:0:0:0:0:0:0:1 - - [10/Jun/2024:15:05:58 +0900] "GET /spring_mvc/index.do HTTP/1.1" 200 4216
192.168.10.231 - - [10/Jun/2024:15:05:58 +0900] "GET /spring_mbv/common/css/board.css HTTP/1.1" 404 850
0:0:0:0:0:0:0:1 - - [10/Jun/2024:15:07:28 +0900] "GET /spring_mvc/index.do HTTP/1.1" 200 4216
192.168.10.231 - - [10/Jun/2024:15:07:28 +0900] "GET /spring_mbv/common/css/board.css HTTP/1.1" 404 850
0:0:0:0:0:0:0:1 - - [10/Jun/2024:15:07:28 +0900] "GET /spring_mvc/index.do HTTP/1.1" 200 4216
192.168.10.231 - - [10/Jun/2024:15:07:28 +0900] "GET /spring_mbv/common/css/board.css HTTP/1.1" 404 850
0:0:0:0:0:0:0:1 - - [10/Jun/2024:15:07:29 +0900] "GET /spring_mvc/index.do HTTP/1.1" 200 4216
192.168.10.231 - - [10/Jun/2024:15:07:29 +0900] "GET /spring_mbv/common/css/board.css HTTP/1.1" 404 850
0:0:0:0:0:0:0:1 - - [10/Jun/2024:15:07:29 +0900] "GET /spring_mvc/index.do HTTP/1.1" 200 4216
192.168.10.231 - - [10/Jun/2024:15:07:29 +0900] "GET /spring_mbv/common/css/board.css HTTP/1.1" 404 850
0:0:0:0:0:0:0:1 - - [10/Jun/2024:15:07:30 +0900] "GET /spring_mvc/index.do HTTP/1.1" 200 4216
192.168.10.231 - - [10/Jun/2024:15:07:30 +0900] "GET /spring_mbv/common/css/board.css HTTP/1.1" 404 850
192.168.10.231 - - [10/Jun/2024:15:07:30 +0900] "GET /spring_mvc/common/css/main.css HTTP/1.1" 200 16461
192.168.10.231 - - [10/Jun/2024:15:07:30 +0900] "GET /spring_mvc/common/favicon.ico HTTP/1.1" 200 1150
0:0:0:0:0:0:0:1 - - [10/Jun/2024:15:07:31 +0900] "GET /spring_mvc/index.do HTTP/1.1" 200 4216
192.168.10.231 - - [10/Jun/2024:15:07:31 +0900] "GET /spring_mbv/common/css/board.css HTTP/1.1" 404 850
0:0:0:0:0:0:0:1 - - [10/Jun/2024:15:07:33 +0900] "GET /spring_mvc/index.do HTTP/1.1" 200 4216
192.168.10.231 - - [10/Jun/2024:15:07:33 +0900] "GET /spring_mbv/common/css/board.css HTTP/1.1" 404 850
0:0:0:0:0:0:0:1 - - [10/Jun/2024:15:07:35 +0900] "GET /spring_mvc/index.do HTTP/1.1" 200 4216
192.168.10.231 - - [10/Jun/2024:15:07:35 +0900] "GET /spring_mbv/common/css/board.css HTTP/1.1" 404 850
0:0:0:0:0:0:0:1 - - [10/Jun/2024:15:07:44 +0900] "GET /spring_mvc/day0610/set_session.do HTTP/1.1" 200 1322
192.168.10.231 - - [10/Jun/2024:15:07:44 +0900] "GET /spring_mbv/common/css/board.css HTTP/1.1" 404 850
0:0:0:0:0:0:0:1 - - [10/Jun/2024:15:07:45 +0900] "GET /spring_mvc/index.do HTTP/1.1" 200 4216
0:0:0:0:0:0:0:1 - - [10/Jun/2024:15:07:45 +0900] "GET /favicon.ico HTTP/1.1" 404 818
192.168.10.231 - - [10/Jun/2024:15:07:45 +0900] "GET /spring_mbv/common/css/board.css HTTP/1.1" 404 850
0:0:0:0:0:0:0:1 - - [10/Jun/2024:15:07:46 +0900] "GET /spring_mvc/day0610/get_session.do HTTP/1.1" 200 1381
192.168.10.231 - - [10/Jun/2024:15:07:46 +0900] "GET /spring_mbv/common/css/board.css HTTP/1.1" 404 850
0:0:0:0:0:0:0:1 - - [10/Jun/2024:15:07:51 +0900] "GET /spring_mvc/day0610/remove_session.do HTTP/1.1" 200 1372
192.168.10.231 - - [10/Jun/2024:15:07:51 +0900] "GET /spring_mbv/common/css/board.css HTTP/1.1" 404 850
0:0:0:0:0:0:0:1 - - [10/Jun/2024:15:07:55 +0900] "GET /spring_mvc/day0610/get_session.do HTTP/1.1" 200 1372
192.168.10.231 - - [10/Jun/2024:15:07:55 +0900] "GET /spring_mbv/common/css/board.css HTTP/1.1" 404 850
0:0:0:0:0:0:0:1 - - [10/Jun/2024:15:07:57 +0900] "GET /spring_mvc/day0610/remove_session.do2 HTTP/1.1" 404 852
0:0:0:0:0:0:0:1 - - [10/Jun/2024:15:07:57 +0900] "GET /favicon.ico HTTP/1.1" 404 818
0:0:0:0:0:0:0:1 - - [10/Jun/2024:15:08:14 +0900] "GET /spring_mvc/index.do HTTP/1.1" 200 4216
192.168.10.231 - - [10/Jun/2024:15:08:14 +0900] "GET /spring_mbv/common/css/board.css HTTP/1.1" 404 850
0:0:0:0:0:0:0:1 - - [10/Jun/2024:15:08:16 +0900] "GET /spring_mvc/index.do HTTP/1.1" 200 4216
192.168.10.231 - - [10/Jun/2024:15:08:16 +0900] "GET /spring_mbv/common/css/board.css HTTP/1.1" 404 850
0:0:0:0:0:0:0:1 - - [10/Jun/2024:15:08:20 +0900] "GET /spring_mvc/index.do HTTP/1.1" 200 4216
192.168.10.231 - - [10/Jun/2024:15:08:20 +0900] "GET /spring_mbv/common/css/board.css HTTP/1.1" 404 850
0:0:0:0:0:0:0:1 - - [10/Jun/2024:15:08:23 +0900] "GET /spring_mvc/index.do HTTP/1.1" 200 4216
192.168.10.231 - - [10/Jun/2024:15:08:23 +0900] "GET /spring_mbv/common/css/board.css HTTP/1.1" 404 850
0:0:0:0:0:0:0:1 - - [10/Jun/2024:15:08:24 +0900] "GET /spring_mvc/index.do HTTP/1.1" 200 4216
192.168.10.231 - - [10/Jun/2024:15:08:24 +0900] "GET /spring_mbv/common/css/board.css HTTP/1.1" 404 850
0:0:0:0:0:0:0:1 - - [10/Jun/2024:15:08:25 +0900] "GET /spring_mvc/index.do HTTP/1.1" 200 4216
192.168.10.231 - - [10/Jun/2024:15:08:25 +0900] "GET /spring_mbv/common/css/board.css HTTP/1.1" 404 850
192.168.10.231 - - [10/Jun/2024:15:08:25 +0900] "GET /spring_mvc/common/css/main.css HTTP/1.1" 200 16461
192.168.10.231 - - [10/Jun/2024:15:08:25 +0900] "GET /spring_mvc/common/favicon.ico HTTP/1.1" 200 1150
0:0:0:0:0:0:0:1 - - [10/Jun/2024:15:08:25 +0900] "GET /spring_mvc/index.do HTTP/1.1" 200 4216
192.168.10.231 - - [10/Jun/2024:15:08:25 +0900] "GET /spring_mbv/common/css/board.css HTTP/1.1" 404 850
0:0:0:0:0:0:0:1 - - [10/Jun/2024:15:08:26 +0900] "GET /spring_mvc/index.do HTTP/1.1" 200 4216
192.168.10.231 - - [10/Jun/2024:15:08:26 +0900] "GET /spring_mbv/common/css/board.css HTTP/1.1" 404 850
0:0:0:0:0:0:0:1 - - [10/Jun/2024:15:08:26 +0900] "GET /spring_mvc/index.do HTTP/1.1" 200 4216
192.168.10.231 - - [10/Jun/2024:15:08:26 +0900] "GET /spring_mbv/common/css/board.css HTTP/1.1" 404 850
0:0:0:0:0:0:0:1 - - [10/Jun/2024:15:08:27 +0900] "GET /spring_mvc/index.do HTTP/1.1" 200 4216
192.168.10.231 - - [10/Jun/2024:15:08:27 +0900] "GET /spring_mbv/common/css/board.css HTTP/1.1" 404 850
0:0:0:0:0:0:0:1 - - [10/Jun/2024:15:08:27 +0900] "GET /spring_mvc/index.do HTTP/1.1" 200 4216
192.168.10.231 - - [10/Jun/2024:15:08:27 +0900] "GET /spring_mbv/common/css/board.css HTTP/1.1" 404 850
0:0:0:0:0:0:0:1 - - [10/Jun/2024:15:08:27 +0900] "GET /spring_mvc/index.do HTTP/1.1" 200 4216
192.168.10.231 - - [10/Jun/2024:15:08:27 +0900] "GET /spring_mbv/common/css/board.css HTTP/1.1" 404 850
0:0:0:0:0:0:0:1 - - [10/Jun/2024:15:08:30 +0900] "GET /spring_mvc/index.do HTTP/1.1" 200 4216
192.168.10.231 - - [10/Jun/2024:15:08:30 +0900] "GET /spring_mbv/common/css/board.css HTTP/1.1" 404 850
0:0:0:0:0:0:0:1 - - [10/Jun/2024:15:08:30 +0900] "GET /spring_mvc/index.do HTTP/1.1" 200 4216
192.168.10.231 - - [10/Jun/2024:15:08:30 +0900] "GET /spring_mbv/common/css/board.css HTTP/1.1" 404 850
0:0:0:0:0:0:0:1 - - [10/Jun/2024:15:08:32 +0900] "GET /spring_mvc/day0610/set_session.do HTTP/1.1" 200 1322
192.168.10.231 - - [10/Jun/2024:15:08:32 +0900] "GET /spring_mbv/common/css/board.css HTTP/1.1" 404 850
0:0:0:0:0:0:0:1 - - [10/Jun/2024:15:08:33 +0900] "GET /spring_mvc/index.do HTTP/1.1" 200 4216
192.168.10.231 - - [10/Jun/2024:15:08:33 +0900] "GET /spring_mbv/common/css/board.css HTTP/1.1" 404 850
0:0:0:0:0:0:0:1 - - [10/Jun/2024:15:08:33 +0900] "GET /favicon.ico HTTP/1.1" 404 818
0:0:0:0:0:0:0:1 - - [10/Jun/2024:15:08:34 +0900] "GET /spring_mvc/day0610/get_session.do HTTP/1.1" 200 1381
192.168.10.231 - - [10/Jun/2024:15:08:34 +0900] "GET /spring_mbv/common/css/board.css HTTP/1.1" 404 850
0:0:0:0:0:0:0:1 - - [10/Jun/2024:15:08:36 +0900] "GET /spring_mvc/day0610/remove_session.do HTTP/1.1" 200 1372
192.168.10.231 - - [10/Jun/2024:15:08:36 +0900] "GET /spring_mbv/common/css/board.css HTTP/1.1" 404 850
0:0:0:0:0:0:0:1 - - [10/Jun/2024:15:08:38 +0900] "GET /spring_mvc/day0610/remove_session2.do HTTP/1.1" 200 1363
192.168.10.231 - - [10/Jun/2024:15:08:38 +0900] "GET /spring_mbv/common/css/board.css HTTP/1.1" 404 850
0:0:0:0:0:0:0:1 - - [10/Jun/2024:15:09:05 +0900] "GET /spring_mvc/day0610/set_session.do HTTP/1.1" 200 1322
192.168.10.231 - - [10/Jun/2024:15:09:05 +0900] "GET /spring_mbv/common/css/board.css HTTP/1.1" 404 850
0:0:0:0:0:0:0:1 - - [10/Jun/2024:15:09:05 +0900] "GET /spring_mvc/index.do HTTP/1.1" 200 4216
0:0:0:0:0:0:0:1 - - [10/Jun/2024:15:09:05 +0900] "GET /favicon.ico HTTP/1.1" 404 818
192.168.10.231 - - [10/Jun/2024:15:09:05 +0900] "GET /spring_mbv/common/css/board.css HTTP/1.1" 404 850
0:0:0:0:0:0:0:1 - - [10/Jun/2024:15:09:06 +0900] "GET /spring_mvc/day0610/get_session.do HTTP/1.1" 200 1381
192.168.10.231 - - [10/Jun/2024:15:09:06 +0900] "GET /spring_mbv/common/css/board.css HTTP/1.1" 404 850
0:0:0:0:0:0:0:1 - - [10/Jun/2024:15:09:08 +0900] "GET /spring_mvc/day0610/remove_session2.do HTTP/1.1" 200 1372
192.168.10.231 - - [10/Jun/2024:15:09:08 +0900] "GET /spring_mbv/common/css/board.css HTTP/1.1" 404 850
0:0:0:0:0:0:0:1 - - [10/Jun/2024:15:09:13 +0900] "GET /spring_mvc/day0610/remove_session.do HTTP/1.1" 200 1363
192.168.10.231 - - [10/Jun/2024:15:09:13 +0900] "GET /spring_mbv/common/css/board.css HTTP/1.1" 404 850
127.0.0.1 - - [10/Jun/2024:15:37:35 +0900] "GET / HTTP/1.1" 404 807
0:0:0:0:0:0:0:1 - - [10/Jun/2024:15:37:35 +0900] "GET /favicon.ico HTTP/1.1" 404 818
0:0:0:0:0:0:0:1 - - [10/Jun/2024:15:37:35 +0900] "GET /spring_mvc/index.do HTTP/1.1" 200 4216
192.168.10.231 - - [10/Jun/2024:15:37:35 +0900] "GET /spring_mbv/common/css/board.css HTTP/1.1" 404 850
127.0.0.1 - - [10/Jun/2024:17:10:22 +0900] "GET / HTTP/1.1" 404 807
0:0:0:0:0:0:0:1 - - [10/Jun/2024:17:10:23 +0900] "GET /sist/index.html HTTP/1.1" 200 200
0:0:0:0:0:0:0:1 - - [10/Jun/2024:17:10:23 +0900] "GET /sist/test.do HTTP/1.1" 200 4140
0:0:0:0:0:0:0:1 - - [10/Jun/2024:17:11:05 +0900] "GET /sist/getToken.do HTTP/1.1" 200 40
0:0:0:0:0:0:0:1 - - [10/Jun/2024:17:11:30 +0900] "POST /sist/payment.do HTTP/1.1" 200 354
127.0.0.1 - - [10/Jun/2024:18:21:54 +0900] "GET / HTTP/1.1" 404 807
0:0:0:0:0:0:0:1 - - [10/Jun/2024:18:21:55 +0900] "GET /hotel_prj/test_view/views/admin/board/event/event.jsp HTTP/1.1" 500 3100
0:0:0:0:0:0:0:1 - - [10/Jun/2024:18:23:43 +0900] "GET /sist/test.do HTTP/1.1" 200 6936
0:0:0:0:0:0:0:1 - - [10/Jun/2024:18:24:01 +0900] "GET /sist/getToken.do HTTP/1.1" 200 40
0:0:0:0:0:0:0:1 - - [10/Jun/2024:18:24:49 +0900] "GET /sist/test.do HTTP/1.1" 200 6936
0:0:0:0:0:0:0:1 - - [10/Jun/2024:18:24:50 +0900] "GET /sist/getToken.do HTTP/1.1" 200 40
0:0:0:0:0:0:0:1 - - [10/Jun/2024:18:24:52 +0900] "GET /sist/test.do HTTP/1.1" 200 6936
0:0:0:0:0:0:0:1 - - [10/Jun/2024:18:24:52 +0900] "GET /sist/test.do HTTP/1.1" 200 6936
0:0:0:0:0:0:0:1 - - [10/Jun/2024:18:25:10 +0900] "GET /sist/test.do HTTP/1.1" 200 6936
0:0:0:0:0:0:0:1 - - [10/Jun/2024:18:25:10 +0900] "GET /sist/test.do HTTP/1.1" 200 6936
0:0:0:0:0:0:0:1 - - [10/Jun/2024:18:25:10 +0900] "GET /sist/test.do HTTP/1.1" 200 6936
0:0:0:0:0:0:0:1 - - [10/Jun/2024:18:25:10 +0900] "GET /sist/test.do HTTP/1.1" 200 6936
0:0:0:0:0:0:0:1 - - [10/Jun/2024:18:25:12 +0900] "GET /sist/test.do HTTP/1.1" 200 6936
0:0:0:0:0:0:0:1 - - [10/Jun/2024:18:25:12 +0900] "GET /favicon.ico HTTP/1.1" 404 818
0:0:0:0:0:0:0:1 - - [10/Jun/2024:18:25:14 +0900] "GET /sist/test.do HTTP/1.1" 200 6936
0:0:0:0:0:0:0:1 - - [10/Jun/2024:18:25:14 +0900] "GET /sist/test.do HTTP/1.1" 200 6936
0:0:0:0:0:0:0:1 - - [10/Jun/2024:18:25:15 +0900] "GET /sist/test.do HTTP/1.1" 200 6936
0:0:0:0:0:0:0:1 - - [10/Jun/2024:18:25:30 +0900] "GET /sist/test.do HTTP/1.1" 200 6949
0:0:0:0:0:0:0:1 - - [10/Jun/2024:18:25:30 +0900] "GET /sist/test.do HTTP/1.1" 200 6949
0:0:0:0:0:0:0:1 - - [10/Jun/2024:18:25:31 +0900] "GET /sist/test.do HTTP/1.1" 200 6949
0:0:0:0:0:0:0:1 - - [10/Jun/2024:18:25:32 +0900] "GET /sist/test.do HTTP/1.1" 200 6949
0:0:0:0:0:0:0:1 - - [10/Jun/2024:18:25:32 +0900] "GET /sist/test.do HTTP/1.1" 200 6949
0:0:0:0:0:0:0:1 - - [10/Jun/2024:18:25:32 +0900] "GET /sist/test.do HTTP/1.1" 200 6949
0:0:0:0:0:0:0:1 - - [10/Jun/2024:18:25:32 +0900] "GET /sist/test.do HTTP/1.1" 200 6949
0:0:0:0:0:0:0:1 - - [10/Jun/2024:18:26:16 +0900] "GET /sist/test.do HTTP/1.1" 200 6950
0:0:0:0:0:0:0:1 - - [10/Jun/2024:18:27:04 +0900] "GET /sist/test.do HTTP/1.1" 200 6950
0:0:0:0:0:0:0:1 - - [10/Jun/2024:18:27:04 +0900] "GET /sist/test.do HTTP/1.1" 200 6950
0:0:0:0:0:0:0:1 - - [10/Jun/2024:18:27:04 +0900] "GET /sist/test.do HTTP/1.1" 200 6950
0:0:0:0:0:0:0:1 - - [10/Jun/2024:18:27:05 +0900] "GET /sist/test.do HTTP/1.1" 200 6950
0:0:0:0:0:0:0:1 - - [10/Jun/2024:18:27:05 +0900] "GET /sist/test.do HTTP/1.1" 200 6950
0:0:0:0:0:0:0:1 - - [10/Jun/2024:18:27:05 +0900] "GET /sist/test.do HTTP/1.1" 200 6950
0:0:0:0:0:0:0:1 - - [10/Jun/2024:18:27:06 +0900] "GET /sist/test.do HTTP/1.1" 200 6950
0:0:0:0:0:0:0:1 - - [10/Jun/2024:18:27:07 +0900] "GET /sist/test.do HTTP/1.1" 200 6950
0:0:0:0:0:0:0:1 - - [10/Jun/2024:18:27:07 +0900] "GET /sist/test.do HTTP/1.1" 200 6950
0:0:0:0:0:0:0:1 - - [10/Jun/2024:18:27:07 +0900] "GET /sist/test.do HTTP/1.1" 200 6950
0:0:0:0:0:0:0:1 - - [10/Jun/2024:18:27:07 +0900] "GET /sist/test.do HTTP/1.1" 200 6950
0:0:0:0:0:0:0:1 - - [10/Jun/2024:18:27:09 +0900] "GET /sist/test.do HTTP/1.1" 200 6950
0:0:0:0:0:0:0:1 - - [10/Jun/2024:18:27:09 +0900] "GET /favicon.ico HTTP/1.1" 404 818
0:0:0:0:0:0:0:1 - - [10/Jun/2024:18:27:12 +0900] "GET /sist/test.do HTTP/1.1" 200 6950
0:0:0:0:0:0:0:1 - - [10/Jun/2024:18:27:25 +0900] "GET /sist/test.do HTTP/1.1" 200 6972
0:0:0:0:0:0:0:1 - - [10/Jun/2024:18:27:26 +0900] "GET /sist/getToken.do HTTP/1.1" 200 40
0:0:0:0:0:0:0:1 - - [10/Jun/2024:18:29:04 +0900] "GET /sist/test.do HTTP/1.1" 200 6960
0:0:0:0:0:0:0:1 - - [10/Jun/2024:18:29:04 +0900] "GET /sist/test.do HTTP/1.1" 200 6960
0:0:0:0:0:0:0:1 - - [10/Jun/2024:18:29:05 +0900] "GET /sist/test.do HTTP/1.1" 200 6960
0:0:0:0:0:0:0:1 - - [10/Jun/2024:18:29:05 +0900] "GET /sist/getToken.do HTTP/1.1" 200 40
0:0:0:0:0:0:0:1 - - [10/Jun/2024:18:31:28 +0900] "GET /sist/test.do HTTP/1.1" 200 6956
0:0:0:0:0:0:0:1 - - [10/Jun/2024:18:31:28 +0900] "GET /sist/test.do HTTP/1.1" 200 6956
0:0:0:0:0:0:0:1 - - [10/Jun/2024:18:31:28 +0900] "GET /sist/test.do HTTP/1.1" 200 6956
0:0:0:0:0:0:0:1 - - [10/Jun/2024:18:31:29 +0900] "GET /sist/getToken.do HTTP/1.1" 200 40
0:0:0:0:0:0:0:1 - - [10/Jun/2024:18:33:54 +0900] "GET /sist/test.do HTTP/1.1" 200 6956
0:0:0:0:0:0:0:1 - - [10/Jun/2024:18:33:55 +0900] "GET /sist/test.do HTTP/1.1" 200 6956
0:0:0:0:0:0:0:1 - - [10/Jun/2024:18:33:55 +0900] "GET /sist/test.do HTTP/1.1" 200 6956
0:0:0:0:0:0:0:1 - - [10/Jun/2024:18:33:55 +0900] "GET /sist/getToken.do HTTP/1.1" 200 40
0:0:0:0:0:0:0:1 - - [10/Jun/2024:18:34:48 +0900] "GET /sist/test.do HTTP/1.1" 200 6961
0:0:0:0:0:0:0:1 - - [10/Jun/2024:18:34:48 +0900] "GET /sist/test.do HTTP/1.1" 200 6961
0:0:0:0:0:0:0:1 - - [10/Jun/2024:18:34:48 +0900] "GET /sist/test.do HTTP/1.1" 200 6961
0:0:0:0:0:0:0:1 - - [10/Jun/2024:18:34:49 +0900] "GET /sist/test.do HTTP/1.1" 200 6961
0:0:0:0:0:0:0:1 - - [10/Jun/2024:18:34:49 +0900] "GET /sist/getToken.do HTTP/1.1" 200 40
0:0:0:0:0:0:0:1 - - [10/Jun/2024:18:35:06 +0900] "GET /sist/test.do HTTP/1.1" 200 6965
0:0:0:0:0:0:0:1 - - [10/Jun/2024:18:35:06 +0900] "GET /sist/test.do HTTP/1.1" 200 6965
0:0:0:0:0:0:0:1 - - [10/Jun/2024:18:35:07 +0900] "GET /sist/test.do HTTP/1.1" 200 6965
0:0:0:0:0:0:0:1 - - [10/Jun/2024:18:35:07 +0900] "GET /sist/test.do HTTP/1.1" 200 6965
0:0:0:0:0:0:0:1 - - [10/Jun/2024:18:35:07 +0900] "GET /sist/test.do HTTP/1.1" 200 6965
0:0:0:0:0:0:0:1 - - [10/Jun/2024:18:35:07 +0900] "GET /sist/getToken.do HTTP/1.1" 200 40
0:0:0:0:0:0:0:1 - - [10/Jun/2024:18:35:09 +0900] "GET /sist/test.do HTTP/1.1" 200 6965
0:0:0:0:0:0:0:1 - - [10/Jun/2024:18:35:10 +0900] "GET /sist/test.do HTTP/1.1" 200 6965
0:0:0:0:0:0:0:1 - - [10/Jun/2024:18:35:10 +0900] "GET /favicon.ico HTTP/1.1" 404 818
0:0:0:0:0:0:0:1 - - [10/Jun/2024:18:35:10 +0900] "GET /sist/getToken.do HTTP/1.1" 200 40
0:0:0:0:0:0:0:1 - - [10/Jun/2024:18:35:12 +0900] "GET /sist/test.do HTTP/1.1" 200 6965
0:0:0:0:0:0:0:1 - - [10/Jun/2024:18:35:13 +0900] "GET /sist/test.do HTTP/1.1" 200 6965
0:0:0:0:0:0:0:1 - - [10/Jun/2024:18:35:13 +0900] "GET /sist/test.do HTTP/1.1" 200 6965
0:0:0:0:0:0:0:1 - - [10/Jun/2024:18:35:13 +0900] "GET /sist/getToken.do HTTP/1.1" 200 40
0:0:0:0:0:0:0:1 - - [10/Jun/2024:18:35:16 +0900] "GET /sist/test.do HTTP/1.1" 200 6965
0:0:0:0:0:0:0:1 - - [10/Jun/2024:18:35:16 +0900] "GET /sist/test.do HTTP/1.1" 200 6965
0:0:0:0:0:0:0:1 - - [10/Jun/2024:18:35:16 +0900] "GET /sist/test.do HTTP/1.1" 200 6965
0:0:0:0:0:0:0:1 - - [10/Jun/2024:18:35:17 +0900] "GET /sist/test.do HTTP/1.1" 200 6965
0:0:0:0:0:0:0:1 - - [10/Jun/2024:18:35:17 +0900] "GET /sist/test.do HTTP/1.1" 200 6965
0:0:0:0:0:0:0:1 - - [10/Jun/2024:18:35:17 +0900] "GET /sist/test.do HTTP/1.1" 200 6965
0:0:0:0:0:0:0:1 - - [10/Jun/2024:18:35:17 +0900] "GET /favicon.ico HTTP/1.1" 404 818
0:0:0:0:0:0:0:1 - - [10/Jun/2024:18:35:18 +0900] "GET /sist/test.do HTTP/1.1" 200 6965
0:0:0:0:0:0:0:1 - - [10/Jun/2024:18:35:18 +0900] "GET /favicon.ico HTTP/1.1" 404 818
0:0:0:0:0:0:0:1 - - [10/Jun/2024:18:35:18 +0900] "GET /sist/test.do HTTP/1.1" 200 6965
0:0:0:0:0:0:0:1 - - [10/Jun/2024:18:35:21 +0900] "GET /sist/test.do HTTP/1.1" 200 6965
0:0:0:0:0:0:0:1 - - [10/Jun/2024:18:35:22 +0900] "GET /sist/getToken.do HTTP/1.1" 200 40
0:0:0:0:0:0:0:1 - - [10/Jun/2024:18:35:57 +0900] "GET /sist/test.do HTTP/1.1" 200 6960
0:0:0:0:0:0:0:1 - - [10/Jun/2024:18:35:57 +0900] "GET /sist/test.do HTTP/1.1" 200 6960
0:0:0:0:0:0:0:1 - - [10/Jun/2024:18:35:58 +0900] "GET /sist/getToken.do HTTP/1.1" 200 40
0:0:0:0:0:0:0:1 - - [10/Jun/2024:18:36:38 +0900] "GET /sist/test.do HTTP/1.1" 200 6960
0:0:0:0:0:0:0:1 - - [10/Jun/2024:18:36:39 +0900] "GET /sist/test.do HTTP/1.1" 200 6960
0:0:0:0:0:0:0:1 - - [10/Jun/2024:18:36:39 +0900] "GET /sist/getToken.do HTTP/1.1" 200 40
0:0:0:0:0:0:0:1 - - [10/Jun/2024:18:37:17 +0900] "GET /sist/test.do HTTP/1.1" 200 6962
0:0:0:0:0:0:0:1 - - [10/Jun/2024:18:37:17 +0900] "GET /sist/test.do HTTP/1.1" 200 6962
0:0:0:0:0:0:0:1 - - [10/Jun/2024:18:37:17 +0900] "GET /sist/test.do HTTP/1.1" 200 6962
0:0:0:0:0:0:0:1 - - [10/Jun/2024:18:37:17 +0900] "GET /sist/getToken.do HTTP/1.1" 200 40
0:0:0:0:0:0:0:1 - - [10/Jun/2024:18:37:21 +0900] "GET /sist/getToken.do HTTP/1.1" 200 40
0:0:0:0:0:0:0:1 - - [10/Jun/2024:18:37:43 +0900] "GET /sist/test.do HTTP/1.1" 200 6967
0:0:0:0:0:0:0:1 - - [10/Jun/2024:18:37:43 +0900] "GET /sist/test.do HTTP/1.1" 200 6967
0:0:0:0:0:0:0:1 - - [10/Jun/2024:18:37:43 +0900] "GET /sist/test.do HTTP/1.1" 200 6967
0:0:0:0:0:0:0:1 - - [10/Jun/2024:18:37:44 +0900] "GET /sist/test.do HTTP/1.1" 200 6967
0:0:0:0:0:0:0:1 - - [10/Jun/2024:18:37:44 +0900] "GET /sist/getToken.do HTTP/1.1" 200 40
0:0:0:0:0:0:0:1 - - [10/Jun/2024:18:37:46 +0900] "GET /sist/getToken.do HTTP/1.1" 200 40
0:0:0:0:0:0:0:1 - - [10/Jun/2024:18:40:44 +0900] "GET /sist/test.do HTTP/1.1" 200 6962
0:0:0:0:0:0:0:1 - - [10/Jun/2024:18:40:44 +0900] "GET /sist/test.do HTTP/1.1" 200 6962
0:0:0:0:0:0:0:1 - - [10/Jun/2024:18:40:44 +0900] "GET /sist/test.do HTTP/1.1" 200 6962
0:0:0:0:0:0:0:1 - - [10/Jun/2024:18:40:45 +0900] "GET /sist/getToken.do HTTP/1.1" 200 40
0:0:0:0:0:0:0:1 - - [10/Jun/2024:18:42:08 +0900] "GET /sist/test.do HTTP/1.1" 200 6960
0:0:0:0:0:0:0:1 - - [10/Jun/2024:18:42:08 +0900] "GET /sist/test.do HTTP/1.1" 200 6960
0:0:0:0:0:0:0:1 - - [10/Jun/2024:18:42:08 +0900] "GET /sist/test.do HTTP/1.1" 200 6960
0:0:0:0:0:0:0:1 - - [10/Jun/2024:18:42:08 +0900] "GET /sist/getToken.do HTTP/1.1" 200 40
0:0:0:0:0:0:0:1 - - [10/Jun/2024:18:42:15 +0900] "GET /sist/test.do HTTP/1.1" 200 6960
0:0:0:0:0:0:0:1 - - [10/Jun/2024:18:42:15 +0900] "GET /sist/test.do HTTP/1.1" 200 6960
0:0:0:0:0:0:0:1 - - [10/Jun/2024:18:42:15 +0900] "GET /sist/test.do HTTP/1.1" 200 6960
0:0:0:0:0:0:0:1 - - [10/Jun/2024:18:42:15 +0900] "GET /sist/test.do HTTP/1.1" 200 6960
0:0:0:0:0:0:0:1 - - [10/Jun/2024:18:42:16 +0900] "GET /sist/getToken.do HTTP/1.1" 200 40
0:0:0:0:0:0:0:1 - - [10/Jun/2024:18:42:18 +0900] "GET /sist/test.do HTTP/1.1" 200 6960
0:0:0:0:0:0:0:1 - - [10/Jun/2024:18:42:18 +0900] "GET /sist/test.do HTTP/1.1" 200 6960
0:0:0:0:0:0:0:1 - - [10/Jun/2024:18:42:18 +0900] "GET /sist/test.do HTTP/1.1" 200 6960
0:0:0:0:0:0:0:1 - - [10/Jun/2024:18:42:18 +0900] "GET /sist/getToken.do HTTP/1.1" 200 40
0:0:0:0:0:0:0:1 - - [10/Jun/2024:18:43:49 +0900] "GET /sist/test.do HTTP/1.1" 200 6962
0:0:0:0:0:0:0:1 - - [10/Jun/2024:18:43:49 +0900] "GET /sist/test.do HTTP/1.1" 200 6962
0:0:0:0:0:0:0:1 - - [10/Jun/2024:18:43:50 +0900] "GET /sist/getToken.do HTTP/1.1" 200 40
0:0:0:0:0:0:0:1 - - [10/Jun/2024:18:44:49 +0900] "POST /sist/payment.do HTTP/1.1" 200 367
127.0.0.1 - - [10/Jun/2024:18:52:22 +0900] "GET / HTTP/1.1" 404 807
0:0:0:0:0:0:0:1 - - [10/Jun/2024:18:52:23 +0900] "GET /sist/test.do HTTP/1.1" 200 6962
0:0:0:0:0:0:0:1 - - [10/Jun/2024:18:52:24 +0900] "GET /sist/getToken.do HTTP/1.1" 200 40
0:0:0:0:0:0:0:1 - - [10/Jun/2024:18:53:43 +0900] "POST /sist/payment.do HTTP/1.1" 200 367
0:0:0:0:0:0:0:1 - - [10/Jun/2024:19:05:33 +0900] "GET /sist/test.do HTTP/1.1" 200 6958
0:0:0:0:0:0:0:1 - - [10/Jun/2024:19:05:35 +0900] "GET /sist/getToken.do HTTP/1.1" 200 40
0:0:0:0:0:0:0:1 - - [10/Jun/2024:19:06:42 +0900] "GET /sist/test.do HTTP/1.1" 200 6958
0:0:0:0:0:0:0:1 - - [10/Jun/2024:19:06:43 +0900] "GET /sist/test.do HTTP/1.1" 200 6958
0:0:0:0:0:0:0:1 - - [10/Jun/2024:19:06:43 +0900] "GET /sist/test.do HTTP/1.1" 200 6958
0:0:0:0:0:0:0:1 - - [10/Jun/2024:19:06:43 +0900] "GET /sist/test.do HTTP/1.1" 200 6958
0:0:0:0:0:0:0:1 - - [10/Jun/2024:19:06:44 +0900] "GET /sist/getToken.do HTTP/1.1" 200 40
0:0:0:0:0:0:0:1 - - [10/Jun/2024:19:07:12 +0900] "GET /sist/test.do HTTP/1.1" 200 6958
0:0:0:0:0:0:0:1 - - [10/Jun/2024:19:07:12 +0900] "GET /sist/test.do HTTP/1.1" 200 6958
0:0:0:0:0:0:0:1 - - [10/Jun/2024:19:07:12 +0900] "GET /sist/test.do HTTP/1.1" 200 6958
0:0:0:0:0:0:0:1 - - [10/Jun/2024:19:07:13 +0900] "GET /sist/getToken.do HTTP/1.1" 200 40
0:0:0:0:0:0:0:1 - - [10/Jun/2024:19:07:29 +0900] "GET /sist/test.do HTTP/1.1" 200 6960
0:0:0:0:0:0:0:1 - - [10/Jun/2024:19:07:29 +0900] "GET /sist/test.do HTTP/1.1" 200 6960
0:0:0:0:0:0:0:1 - - [10/Jun/2024:19:07:29 +0900] "GET /sist/test.do HTTP/1.1" 200 6960
0:0:0:0:0:0:0:1 - - [10/Jun/2024:19:07:30 +0900] "GET /sist/test.do HTTP/1.1" 200 6960
0:0:0:0:0:0:0:1 - - [10/Jun/2024:19:07:32 +0900] "GET /sist/getToken.do HTTP/1.1" 200 40
0:0:0:0:0:0:0:1 - - [10/Jun/2024:19:08:04 +0900] "POST /sist/payment.do HTTP/1.1" 200 382
0:0:0:0:0:0:0:1 - - [10/Jun/2024:19:08:22 +0900] "GET /sist/getToken.do HTTP/1.1" 200 40
0:0:0:0:0:0:0:1 - - [10/Jun/2024:19:08:37 +0900] "POST /sist/payment.do HTTP/1.1" 200 378
0:0:0:0:0:0:0:1 - - [10/Jun/2024:19:10:19 +0900] "GET /sist/getToken.do HTTP/1.1" 200 40
0:0:0:0:0:0:0:1 - - [10/Jun/2024:19:10:38 +0900] "POST /sist/payment.do HTTP/1.1" 200 378
0:0:0:0:0:0:0:1 - - [10/Jun/2024:19:10:45 +0900] "GET /sist/test.do HTTP/1.1" 200 6966
0:0:0:0:0:0:0:1 - - [10/Jun/2024:19:10:45 +0900] "GET /sist/test.do HTTP/1.1" 200 6966
0:0:0:0:0:0:0:1 - - [10/Jun/2024:19:10:45 +0900] "GET /sist/test.do HTTP/1.1" 200 6966
0:0:0:0:0:0:0:1 - - [10/Jun/2024:19:10:45 +0900] "GET /sist/test.do HTTP/1.1" 200 6966
0:0:0:0:0:0:0:1 - - [10/Jun/2024:19:10:45 +0900] "GET /sist/test.do HTTP/1.1" 200 6966
0:0:0:0:0:0:0:1 - - [10/Jun/2024:19:10:45 +0900] "GET /sist/test.do HTTP/1.1" 200 6966
0:0:0:0:0:0:0:1 - - [10/Jun/2024:19:10:46 +0900] "GET /sist/getToken.do HTTP/1.1" 200 40
0:0:0:0:0:0:0:1 - - [10/Jun/2024:19:11:09 +0900] "POST /sist/payment.do HTTP/1.1" 200 343
0:0:0:0:0:0:0:1 - - [10/Jun/2024:19:15:49 +0900] "GET /sist/getToken.do HTTP/1.1" 200 40
0:0:0:0:0:0:0:1 - - [10/Jun/2024:19:16:33 +0900] "POST /sist/payment.do HTTP/1.1" 200 322
0:0:0:0:0:0:0:1 - - [10/Jun/2024:19:17:16 +0900] "GET /sist/getToken.do HTTP/1.1" 200 40
0:0:0:0:0:0:0:1 - - [10/Jun/2024:19:18:16 +0900] "GET /sist/getToken.do HTTP/1.1" 200 40
0:0:0:0:0:0:0:1 - - [10/Jun/2024:19:19:55 +0900] "POST /sist/payment.do HTTP/1.1" 200 344
0:0:0:0:0:0:0:1 - - [10/Jun/2024:19:20:43 +0900] "GET /sist/getToken.do HTTP/1.1" 200 40
0:0:0:0:0:0:0:1 - - [10/Jun/2024:19:23:02 +0900] "POST /sist/payment.do HTTP/1.1" 200 343
0:0:0:0:0:0:0:1 - - [10/Jun/2024:19:23:33 +0900] "GET /sist/getToken.do HTTP/1.1" 200 40
0:0:0:0:0:0:0:1 - - [10/Jun/2024:19:24:47 +0900] "POST /sist/payment.do HTTP/1.1" 200 343
0:0:0:0:0:0:0:1 - - [10/Jun/2024:19:28:15 +0900] "GET /sist/test.do HTTP/1.1" 200 7025
0:0:0:0:0:0:0:1 - - [10/Jun/2024:19:28:15 +0900] "GET /sist/test.do HTTP/1.1" 200 7025
0:0:0:0:0:0:0:1 - - [10/Jun/2024:19:28:15 +0900] "GET /sist/test.do HTTP/1.1" 200 7025
0:0:0:0:0:0:0:1 - - [10/Jun/2024:19:28:15 +0900] "GET /sist/test.do HTTP/1.1" 200 7025
0:0:0:0:0:0:0:1 - - [10/Jun/2024:19:28:15 +0900] "GET /sist/test.do HTTP/1.1" 200 7025
0:0:0:0:0:0:0:1 - - [10/Jun/2024:19:28:17 +0900] "GET /sist/test.do HTTP/1.1" 200 7025
0:0:0:0:0:0:0:1 - - [10/Jun/2024:19:28:17 +0900] "GET /sist/test.do HTTP/1.1" 200 7025
0:0:0:0:0:0:0:1 - - [10/Jun/2024:19:28:17 +0900] "GET /sist/test.do HTTP/1.1" 200 7025
0:0:0:0:0:0:0:1 - - [10/Jun/2024:19:28:18 +0900] "GET /sist/test.do HTTP/1.1" 200 7025
0:0:0:0:0:0:0:1 - - [10/Jun/2024:19:28:18 +0900] "GET /favicon.ico HTTP/1.1" 404 818
0:0:0:0:0:0:0:1 - - [10/Jun/2024:19:28:19 +0900] "GET /sist/test.do HTTP/1.1" 200 7025
0:0:0:0:0:0:0:1 - - [10/Jun/2024:19:28:19 +0900] "GET /sist/test.do HTTP/1.1" 200 7025
0:0:0:0:0:0:0:1 - - [10/Jun/2024:19:28:19 +0900] "GET /sist/test.do HTTP/1.1" 200 7025
0:0:0:0:0:0:0:1 - - [10/Jun/2024:19:28:19 +0900] "GET /sist/test.do HTTP/1.1" 200 7025
0:0:0:0:0:0:0:1 - - [10/Jun/2024:19:28:20 +0900] "GET /sist/test.do HTTP/1.1" 200 7025
0:0:0:0:0:0:0:1 - - [10/Jun/2024:19:28:23 +0900] "GET /sist/test.do HTTP/1.1" 200 7025
0:0:0:0:0:0:0:1 - - [10/Jun/2024:19:28:23 +0900] "GET /sist/test.do HTTP/1.1" 200 7025
0:0:0:0:0:0:0:1 - - [10/Jun/2024:19:28:23 +0900] "GET /sist/test.do HTTP/1.1" 200 7025
0:0:0:0:0:0:0:1 - - [10/Jun/2024:19:28:23 +0900] "GET /sist/test.do HTTP/1.1" 200 7025
0:0:0:0:0:0:0:1 - - [10/Jun/2024:19:28:26 +0900] "GET /sist/test.do HTTP/1.1" 200 7025
0:0:0:0:0:0:0:1 - - [10/Jun/2024:19:28:26 +0900] "GET /sist/test.do HTTP/1.1" 200 7025
0:0:0:0:0:0:0:1 - - [10/Jun/2024:19:28:42 +0900] "GET /sist/test.do HTTP/1.1" 200 7025
0:0:0:0:0:0:0:1 - - [10/Jun/2024:19:28:42 +0900] "GET /sist/test.do HTTP/1.1" 200 7025
0:0:0:0:0:0:0:1 - - [10/Jun/2024:19:28:42 +0900] "GET /sist/test.do HTTP/1.1" 200 7025
0:0:0:0:0:0:0:1 - - [10/Jun/2024:19:28:43 +0900] "GET /sist/getToken.do HTTP/1.1" 200 40
0:0:0:0:0:0:0:1 - - [10/Jun/2024:19:28:56 +0900] "GET /sist/test.do HTTP/1.1" 200 7025
0:0:0:0:0:0:0:1 - - [10/Jun/2024:19:28:56 +0900] "GET /sist/test.do HTTP/1.1" 200 7025
0:0:0:0:0:0:0:1 - - [10/Jun/2024:19:28:56 +0900] "GET /sist/test.do HTTP/1.1" 200 7025
0:0:0:0:0:0:0:1 - - [10/Jun/2024:19:28:58 +0900] "GET /sist/test.do HTTP/1.1" 200 7025
0:0:0:0:0:0:0:1 - - [10/Jun/2024:19:28:58 +0900] "GET /sist/test.do HTTP/1.1" 200 7025
