127.0.0.1 - - [04/Jun/2024:09:40:46 +0900] "GET / HTTP/1.1" 404 807
0:0:0:0:0:0:0:1 - - [04/Jun/2024:09:40:47 +0900] "GET /sist/index.html HTTP/1.1" 404 721
0:0:0:0:0:0:0:1 - - [04/Jun/2024:09:40:47 +0900] "GET /favicon.ico HTTP/1.1" 404 818
127.0.0.1 - - [04/Jun/2024:09:44:35 +0900] "GET / HTTP/1.1" 404 807
0:0:0:0:0:0:0:1 - - [04/Jun/2024:09:44:35 +0900] "GET /sist/WEB-INF/views/home.jsp HTTP/1.1" 404 721
0:0:0:0:0:0:0:1 - - [04/Jun/2024:09:46:06 +0900] "GET /sist/WEB-INF/classes/kr/co/sist/HomeController.java HTTP/1.1" 404 721
0:0:0:0:0:0:0:1 - - [04/Jun/2024:09:47:17 +0900] "GET /sist/WEB-INF/classes/kr/co/sist/HomeController.java HTTP/1.1" 404 721
0:0:0:0:0:0:0:1 - - [04/Jun/2024:09:47:21 +0900] "GET /sist/ HTTP/1.1" 404 721
127.0.0.1 - - [04/Jun/2024:10:05:29 +0900] "GET / HTTP/1.1" 404 807
0:0:0:0:0:0:0:1 - - [04/Jun/2024:10:05:29 +0900] "GET /sist/index.html HTTP/1.1" 200 127
127.0.0.1 - - [04/Jun/2024:10:07:01 +0900] "GET / HTTP/1.1" 404 807
127.0.0.1 - - [04/Jun/2024:10:07:22 +0900] "GET / HTTP/1.1" 404 807
0:0:0:0:0:0:0:1 - - [04/Jun/2024:10:07:22 +0900] "GET /spring_mvc/index.html HTTP/1.1" 200 127
127.0.0.1 - - [04/Jun/2024:10:09:31 +0900] "GET / HTTP/1.1" 404 807
0:0:0:0:0:0:0:1 - - [04/Jun/2024:10:09:32 +0900] "GET /spring_mvc/WEB-INF/classes/kr/co/sist/controller/TestController.java HTTP/1.1" 404 721
127.0.0.1 - - [04/Jun/2024:10:14:11 +0900] "GET / HTTP/1.1" 404 807
0:0:0:0:0:0:0:1 - - [04/Jun/2024:10:14:11 +0900] "GET /spring_mvc/index.html HTTP/1.1" 200 300
127.0.0.1 - - [04/Jun/2024:10:14:44 +0900] "GET / HTTP/1.1" 404 807
0:0:0:0:0:0:0:1 - - [04/Jun/2024:10:14:44 +0900] "GET /spring_mvc/index.html HTTP/1.1" 304 -
127.0.0.1 - - [04/Jun/2024:10:15:52 +0900] "GET / HTTP/1.1" 404 807
0:0:0:0:0:0:0:1 - - [04/Jun/2024:10:15:52 +0900] "GET /spring_mvc/index.html HTTP/1.1" 304 -
127.0.0.1 - - [04/Jun/2024:10:17:51 +0900] "GET / HTTP/1.1" 404 807
0:0:0:0:0:0:0:1 - - [04/Jun/2024:10:17:52 +0900] "GET /spring_mvc/WEB-INF/classes/kr/co/sist/controller/TestController.java HTTP/1.1" 404 721
0:0:0:0:0:0:0:1 - - [04/Jun/2024:10:18:02 +0900] "GET /spring_mvc/index.html HTTP/1.1" 304 -
0:0:0:0:0:0:0:1 - - [04/Jun/2024:10:19:13 +0900] "GET /spring_mvc/index.html HTTP/1.1" 200 299
0:0:0:0:0:0:0:1 - - [04/Jun/2024:10:19:14 +0900] "GET /spring_mvc/index.do HTTP/1.1" 404 823
127.0.0.1 - - [04/Jun/2024:10:22:30 +0900] "GET / HTTP/1.1" 404 807
0:0:0:0:0:0:0:1 - - [04/Jun/2024:10:22:31 +0900] "GET /spring_mvc/index.html HTTP/1.1" 304 -
0:0:0:0:0:0:0:1 - - [04/Jun/2024:10:22:31 +0900] "GET /spring_mvc/index.do HTTP/1.1" 200 387
127.0.0.1 - - [04/Jun/2024:11:41:23 +0900] "GET / HTTP/1.1" 404 807
0:0:0:0:0:0:0:1 - - [04/Jun/2024:11:41:23 +0900] "GET /spring_mvc/WEB-INF/views/index.jsp HTTP/1.1" 404 721
0:0:0:0:0:0:0:1 - - [04/Jun/2024:11:41:53 +0900] "GET /spring_mvc/WEB-INF/classes/kr/co/sist/controller/TestController.java HTTP/1.1" 404 721
0:0:0:0:0:0:0:1 - - [04/Jun/2024:11:42:05 +0900] "GET /spring_mvc/index.html HTTP/1.1" 304 -
0:0:0:0:0:0:0:1 - - [04/Jun/2024:11:42:05 +0900] "GET /spring_mvc/index.do HTTP/1.1" 200 2089
192.168.10.231 - - [04/Jun/2024:11:42:05 +0900] "GET /spring_mbv/common/css/board.css HTTP/1.1" 404 850
192.168.10.231 - - [04/Jun/2024:11:42:05 +0900] "GET /spring_mvc/common/css/main.css HTTP/1.1" 200 16461
192.168.10.231 - - [04/Jun/2024:11:42:06 +0900] "GET /spring_mvc/common/favicon.ico HTTP/1.1" 200 1150
0:0:0:0:0:0:0:1 - - [04/Jun/2024:11:44:35 +0900] "GET /spring_mvc/index.do HTTP/1.1" 200 2089
192.168.10.231 - - [04/Jun/2024:11:44:35 +0900] "GET /spring_mbv/common/css/board.css HTTP/1.1" 404 850
0:0:0:0:0:0:0:1 - - [04/Jun/2024:11:44:36 +0900] "GET /spring_mvc/index.do HTTP/1.1" 200 2089
192.168.10.231 - - [04/Jun/2024:11:44:36 +0900] "GET /spring_mbv/common/css/board.css HTTP/1.1" 404 850
0:0:0:0:0:0:0:1 - - [04/Jun/2024:11:44:51 +0900] "GET /spring_mvc/index.do HTTP/1.1" 200 2087
192.168.10.231 - - [04/Jun/2024:11:44:51 +0900] "GET /spring_mbv/common/css/board.css HTTP/1.1" 404 850
0:0:0:0:0:0:0:1 - - [04/Jun/2024:11:44:51 +0900] "GET /spring_mvc/index.do HTTP/1.1" 200 2087
192.168.10.231 - - [04/Jun/2024:11:44:51 +0900] "GET /spring_mbv/common/css/board.css HTTP/1.1" 404 850
0:0:0:0:0:0:0:1 - - [04/Jun/2024:11:44:51 +0900] "GET /spring_mvc/index.do HTTP/1.1" 200 2087
192.168.10.231 - - [04/Jun/2024:11:44:51 +0900] "GET /spring_mbv/common/css/board.css HTTP/1.1" 404 850
0:0:0:0:0:0:0:1 - - [04/Jun/2024:11:44:52 +0900] "GET /spring_mvc/index.do HTTP/1.1" 200 2087
192.168.10.231 - - [04/Jun/2024:11:44:52 +0900] "GET /spring_mbv/common/css/board.css HTTP/1.1" 404 850
0:0:0:0:0:0:0:1 - - [04/Jun/2024:11:44:52 +0900] "GET /spring_mvc/index.do HTTP/1.1" 200 2087
192.168.10.231 - - [04/Jun/2024:11:44:52 +0900] "GET /spring_mbv/common/css/board.css HTTP/1.1" 404 850
0:0:0:0:0:0:0:1 - - [04/Jun/2024:11:44:52 +0900] "GET /spring_mvc/index.do HTTP/1.1" 200 2087
192.168.10.231 - - [04/Jun/2024:11:44:52 +0900] "GET /spring_mbv/common/css/board.css HTTP/1.1" 404 850
0:0:0:0:0:0:0:1 - - [04/Jun/2024:11:44:52 +0900] "GET /spring_mvc/index.do HTTP/1.1" 200 2087
192.168.10.231 - - [04/Jun/2024:11:44:52 +0900] "GET /spring_mbv/common/css/board.css HTTP/1.1" 404 850
0:0:0:0:0:0:0:1 - - [04/Jun/2024:11:44:54 +0900] "GET /spring_mvc/index.do HTTP/1.1" 200 2087
192.168.10.231 - - [04/Jun/2024:11:44:54 +0900] "GET /spring_mbv/common/css/board.css HTTP/1.1" 404 850
127.0.0.1 - - [04/Jun/2024:11:45:16 +0900] "GET / HTTP/1.1" 404 807
0:0:0:0:0:0:0:1 - - [04/Jun/2024:11:45:16 +0900] "GET /spring_mvc/index.do HTTP/1.1" 200 2087
192.168.10.231 - - [04/Jun/2024:11:45:16 +0900] "GET /spring_mbv/common/css/board.css HTTP/1.1" 404 850
127.0.0.1 - - [04/Jun/2024:11:45:59 +0900] "GET / HTTP/1.1" 404 807
0:0:0:0:0:0:0:1 - - [04/Jun/2024:11:46:00 +0900] "GET /spring_mvc/index.do HTTP/1.1" 200 2095
192.168.10.231 - - [04/Jun/2024:11:46:00 +0900] "GET /spring_mbv/common/css/board.css HTTP/1.1" 404 850
0:0:0:0:0:0:0:1 - - [04/Jun/2024:11:46:01 +0900] "POST /spring_mvc/get.do HTTP/1.1" 200 1315
192.168.10.231 - - [04/Jun/2024:11:46:01 +0900] "GET /spring_mbv/common/css/board.css HTTP/1.1" 404 850
0:0:0:0:0:0:0:1 - - [04/Jun/2024:11:46:03 +0900] "GET /spring_mvc/get.do HTTP/1.1" 200 1314
192.168.10.231 - - [04/Jun/2024:11:46:03 +0900] "GET /spring_mbv/common/css/board.css HTTP/1.1" 404 850
0:0:0:0:0:0:0:1 - - [04/Jun/2024:11:46:06 +0900] "POST /spring_mvc/get.do HTTP/1.1" 200 1315
192.168.10.231 - - [04/Jun/2024:11:46:06 +0900] "GET /spring_mbv/common/css/board.css HTTP/1.1" 404 850
0:0:0:0:0:0:0:1 - - [04/Jun/2024:11:46:35 +0900] "GET /spring_mvc/index.do HTTP/1.1" 200 2095
192.168.10.231 - - [04/Jun/2024:11:46:35 +0900] "GET /spring_mbv/common/css/board.css HTTP/1.1" 404 850
0:0:0:0:0:0:0:1 - - [04/Jun/2024:11:46:35 +0900] "GET /spring_mvc/index.do HTTP/1.1" 200 2095
192.168.10.231 - - [04/Jun/2024:11:46:35 +0900] "GET /spring_mbv/common/css/board.css HTTP/1.1" 404 850
0:0:0:0:0:0:0:1 - - [04/Jun/2024:11:46:35 +0900] "GET /spring_mvc/index.do HTTP/1.1" 200 2095
192.168.10.231 - - [04/Jun/2024:11:46:35 +0900] "GET /spring_mbv/common/css/board.css HTTP/1.1" 404 850
0:0:0:0:0:0:0:1 - - [04/Jun/2024:11:46:36 +0900] "POST /spring_mvc/get.do HTTP/1.1" 200 1316
192.168.10.231 - - [04/Jun/2024:11:46:36 +0900] "GET /spring_mbv/common/css/board.css HTTP/1.1" 404 850
0:0:0:0:0:0:0:1 - - [04/Jun/2024:11:46:36 +0900] "GET / HTTP/1.1" 404 807
192.168.10.231 - - [04/Jun/2024:11:46:38 +0900] "GET /spring_mbv/common/css/board.css HTTP/1.1" 404 850
0:0:0:0:0:0:0:1 - - [04/Jun/2024:11:47:13 +0900] "POST /spring_mvc/get.do HTTP/1.1" 200 1326
192.168.10.231 - - [04/Jun/2024:11:47:13 +0900] "GET /spring_mbv/common/css/board.css HTTP/1.1" 404 850
0:0:0:0:0:0:0:1 - - [04/Jun/2024:11:47:14 +0900] "GET /index.html HTTP/1.1" 404 817
0:0:0:0:0:0:0:1 - - [04/Jun/2024:11:47:20 +0900] "GET /index.html HTTP/1.1" 404 817
0:0:0:0:0:0:0:1 - - [04/Jun/2024:11:47:20 +0900] "GET /index.html HTTP/1.1" 404 817
0:0:0:0:0:0:0:1 - - [04/Jun/2024:11:47:20 +0900] "GET /index.html HTTP/1.1" 404 817
0:0:0:0:0:0:0:1 - - [04/Jun/2024:11:47:20 +0900] "GET /index.html HTTP/1.1" 404 817
192.168.10.231 - - [04/Jun/2024:11:47:21 +0900] "GET /spring_mbv/common/css/board.css HTTP/1.1" 404 850
0:0:0:0:0:0:0:1 - - [04/Jun/2024:11:47:23 +0900] "POST /spring_mvc/get.do HTTP/1.1" 200 1328
192.168.10.231 - - [04/Jun/2024:11:47:23 +0900] "GET /spring_mbv/common/css/board.css HTTP/1.1" 404 850
0:0:0:0:0:0:0:1 - - [04/Jun/2024:11:47:23 +0900] "GET /index.html HTTP/1.1" 404 817
192.168.10.231 - - [04/Jun/2024:11:47:27 +0900] "GET /spring_mbv/common/css/board.css HTTP/1.1" 404 850
0:0:0:0:0:0:0:1 - - [04/Jun/2024:11:49:00 +0900] "POST /spring_mvc/get.do HTTP/1.1" 200 1325
192.168.10.231 - - [04/Jun/2024:11:49:00 +0900] "GET /spring_mbv/common/css/board.css HTTP/1.1" 404 850
127.0.0.1 - - [04/Jun/2024:11:49:12 +0900] "GET / HTTP/1.1" 404 807
0:0:0:0:0:0:0:1 - - [04/Jun/2024:11:49:12 +0900] "GET /spring_mvc/index.do HTTP/1.1" 200 2095
192.168.10.231 - - [04/Jun/2024:11:49:12 +0900] "GET /spring_mbv/common/css/board.css HTTP/1.1" 404 850
0:0:0:0:0:0:0:1 - - [04/Jun/2024:11:49:14 +0900] "POST /spring_mvc/get.do HTTP/1.1" 200 1359
192.168.10.231 - - [04/Jun/2024:11:49:14 +0900] "GET /spring_mbv/common/css/board.css HTTP/1.1" 404 850
0:0:0:0:0:0:0:1 - - [04/Jun/2024:11:49:15 +0900] "GET /spring_mvc/index.do HTTP/1.1" 200 2095
192.168.10.231 - - [04/Jun/2024:11:49:15 +0900] "GET /spring_mbv/common/css/board.css HTTP/1.1" 404 850
0:0:0:0:0:0:0:1 - - [04/Jun/2024:11:49:16 +0900] "POST /spring_mvc/get.do HTTP/1.1" 200 1359
192.168.10.231 - - [04/Jun/2024:11:49:16 +0900] "GET /spring_mbv/common/css/board.css HTTP/1.1" 404 850
0:0:0:0:0:0:0:1 - - [04/Jun/2024:11:49:16 +0900] "GET /spring_mvc/index.do HTTP/1.1" 200 2095
192.168.10.231 - - [04/Jun/2024:11:49:16 +0900] "GET /spring_mbv/common/css/board.css HTTP/1.1" 404 850
127.0.0.1 - - [04/Jun/2024:12:04:27 +0900] "GET / HTTP/1.1" 404 807
0:0:0:0:0:0:0:1 - - [04/Jun/2024:12:04:27 +0900] "GET /spring_mvc/index.html HTTP/1.1" 304 -
0:0:0:0:0:0:0:1 - - [04/Jun/2024:12:04:27 +0900] "GET /spring_mvc/index.do HTTP/1.1" 200 2095
192.168.10.231 - - [04/Jun/2024:12:04:27 +0900] "GET /spring_mbv/common/css/board.css HTTP/1.1" 404 850
192.168.10.231 - - [04/Jun/2024:12:04:27 +0900] "GET /spring_mvc/common/css/main.css HTTP/1.1" 304 -
0:0:0:0:0:0:0:1 - - [04/Jun/2024:12:04:28 +0900] "POST /spring_mvc/get.do HTTP/1.1" 405 802
127.0.0.1 - - [04/Jun/2024:12:08:48 +0900] "GET / HTTP/1.1" 404 807
0:0:0:0:0:0:0:1 - - [04/Jun/2024:12:08:49 +0900] "GET /spring_mvc/index.do HTTP/1.1" 200 2096
192.168.10.231 - - [04/Jun/2024:12:08:49 +0900] "GET /spring_mbv/common/css/board.css HTTP/1.1" 404 850
0:0:0:0:0:0:0:1 - - [04/Jun/2024:12:08:50 +0900] "POST /spring_mvc/post.do HTTP/1.1" 404 721
0:0:0:0:0:0:0:1 - - [04/Jun/2024:12:09:13 +0900] "GET /spring_mvc/get.do HTTP/1.1" 200 1384
192.168.10.231 - - [04/Jun/2024:12:09:13 +0900] "GET /spring_mbv/common/css/board.css HTTP/1.1" 404 850
0:0:0:0:0:0:0:1 - - [04/Jun/2024:12:09:28 +0900] "POST /spring_mvc/post.do HTTP/1.1" 404 721
0:0:0:0:0:0:0:1 - - [04/Jun/2024:12:11:01 +0900] "GET /spring_mvc/get.do HTTP/1.1" 200 1384
192.168.10.231 - - [04/Jun/2024:12:11:01 +0900] "GET /spring_mbv/common/css/board.css HTTP/1.1" 404 850
127.0.0.1 - - [04/Jun/2024:12:12:42 +0900] "GET / HTTP/1.1" 404 807
0:0:0:0:0:0:0:1 - - [04/Jun/2024:12:12:43 +0900] "GET /spring_mvc/index.do HTTP/1.1" 200 2096
192.168.10.231 - - [04/Jun/2024:12:12:43 +0900] "GET /spring_mbv/common/css/board.css HTTP/1.1" 404 850
0:0:0:0:0:0:0:1 - - [04/Jun/2024:12:12:45 +0900] "POST /spring_mvc/post.do HTTP/1.1" 404 721
0:0:0:0:0:0:0:1 - - [04/Jun/2024:12:13:23 +0900] "GET /spring_mvc/get.do HTTP/1.1" 200 1384
192.168.10.231 - - [04/Jun/2024:12:13:23 +0900] "GET /spring_mbv/common/css/board.css HTTP/1.1" 404 850
0:0:0:0:0:0:0:1 - - [04/Jun/2024:12:13:43 +0900] "GET /spring_mvc/index.do HTTP/1.1" 200 2097
192.168.10.231 - - [04/Jun/2024:12:13:43 +0900] "GET /spring_mbv/common/css/board.css HTTP/1.1" 404 850
192.168.10.231 - - [04/Jun/2024:12:13:43 +0900] "GET /spring_mvc/common/favicon.ico HTTP/1.1" 304 -
0:0:0:0:0:0:0:1 - - [04/Jun/2024:12:13:43 +0900] "GET /spring_mvc/index.do HTTP/1.1" 200 2097
192.168.10.231 - - [04/Jun/2024:12:13:43 +0900] "GET /spring_mbv/common/css/board.css HTTP/1.1" 404 850
0:0:0:0:0:0:0:1 - - [04/Jun/2024:12:13:43 +0900] "GET /spring_mvc/index.do HTTP/1.1" 200 2097
192.168.10.231 - - [04/Jun/2024:12:13:43 +0900] "GET /spring_mbv/common/css/board.css HTTP/1.1" 404 850
0:0:0:0:0:0:0:1 - - [04/Jun/2024:12:13:43 +0900] "GET /spring_mvc/index.do HTTP/1.1" 200 2097
192.168.10.231 - - [04/Jun/2024:12:13:43 +0900] "GET /spring_mbv/common/css/board.css HTTP/1.1" 404 850
0:0:0:0:0:0:0:1 - - [04/Jun/2024:12:13:44 +0900] "GET /spring_mvc/index.do HTTP/1.1" 200 2097
192.168.10.231 - - [04/Jun/2024:12:13:44 +0900] "GET /spring_mbv/common/css/board.css HTTP/1.1" 404 850
0:0:0:0:0:0:0:1 - - [04/Jun/2024:12:13:44 +0900] "GET /spring_mvc/index.do HTTP/1.1" 200 2097
192.168.10.231 - - [04/Jun/2024:12:13:44 +0900] "GET /spring_mbv/common/css/board.css HTTP/1.1" 404 850
0:0:0:0:0:0:0:1 - - [04/Jun/2024:12:13:44 +0900] "GET /spring_mvc/index.do HTTP/1.1" 200 2097
192.168.10.231 - - [04/Jun/2024:12:13:44 +0900] "GET /spring_mbv/common/css/board.css HTTP/1.1" 404 850
0:0:0:0:0:0:0:1 - - [04/Jun/2024:12:13:46 +0900] "GET /spring_mvc/index.do HTTP/1.1" 200 2097
192.168.10.231 - - [04/Jun/2024:12:13:46 +0900] "GET /spring_mbv/common/css/board.css HTTP/1.1" 404 850
0:0:0:0:0:0:0:1 - - [04/Jun/2024:12:13:47 +0900] "GET /spring_mvc/index.do HTTP/1.1" 200 2097
192.168.10.231 - - [04/Jun/2024:12:13:47 +0900] "GET /spring_mbv/common/css/board.css HTTP/1.1" 404 850
127.0.0.1 - - [04/Jun/2024:12:14:08 +0900] "GET / HTTP/1.1" 404 807
0:0:0:0:0:0:0:1 - - [04/Jun/2024:12:14:09 +0900] "GET /spring_mvc/index.do HTTP/1.1" 200 2115
192.168.10.231 - - [04/Jun/2024:12:14:09 +0900] "GET /spring_mbv/common/css/board.css HTTP/1.1" 404 850
0:0:0:0:0:0:0:1 - - [04/Jun/2024:12:14:13 +0900] "POST /spring_mvc/post.do HTTP/1.1" 404 721
0:0:0:0:0:0:0:1 - - [04/Jun/2024:12:14:34 +0900] "GET /spring_mvc/get.do HTTP/1.1" 200 1470
192.168.10.231 - - [04/Jun/2024:12:14:34 +0900] "GET /spring_mbv/common/css/board.css HTTP/1.1" 404 850
0:0:0:0:0:0:0:1 - - [04/Jun/2024:12:14:40 +0900] "GET /spring_mvc/get.do HTTP/1.1" 200 1470
192.168.10.231 - - [04/Jun/2024:12:14:40 +0900] "GET /spring_mbv/common/css/board.css HTTP/1.1" 404 850
0:0:0:0:0:0:0:1 - - [04/Jun/2024:12:14:41 +0900] "GET /spring_mvc/get.do HTTP/1.1" 200 1470
192.168.10.231 - - [04/Jun/2024:12:14:41 +0900] "GET /spring_mbv/common/css/board.css HTTP/1.1" 404 850
0:0:0:0:0:0:0:1 - - [04/Jun/2024:12:15:03 +0900] "GET /spring_mvc/get.do HTTP/1.1" 200 1470
192.168.10.231 - - [04/Jun/2024:12:15:03 +0900] "GET /spring_mbv/common/css/board.css HTTP/1.1" 404 850
127.0.0.1 - - [04/Jun/2024:12:16:06 +0900] "GET / HTTP/1.1" 404 807
0:0:0:0:0:0:0:1 - - [04/Jun/2024:12:16:06 +0900] "GET /spring_mvc/index.html HTTP/1.1" 200 301
0:0:0:0:0:0:0:1 - - [04/Jun/2024:12:16:06 +0900] "GET /spring_mvc/index.do HTTP/1.1" 200 2115
192.168.10.231 - - [04/Jun/2024:12:16:06 +0900] "GET /spring_mbv/common/css/board.css HTTP/1.1" 404 850
0:0:0:0:0:0:0:1 - - [04/Jun/2024:12:16:50 +0900] "POST /spring_mvc/post.do HTTP/1.1" 404 721
0:0:0:0:0:0:0:1 - - [04/Jun/2024:12:16:56 +0900] "GET /spring_mvc/get.do HTTP/1.1" 200 1470
192.168.10.231 - - [04/Jun/2024:12:16:56 +0900] "GET /spring_mbv/common/css/board.css HTTP/1.1" 404 850
0:0:0:0:0:0:0:1 - - [04/Jun/2024:12:16:58 +0900] "GET /spring_mvc/get.do HTTP/1.1" 200 1470
192.168.10.231 - - [04/Jun/2024:12:16:58 +0900] "GET /spring_mbv/common/css/board.css HTTP/1.1" 404 850
127.0.0.1 - - [04/Jun/2024:12:18:03 +0900] "GET / HTTP/1.1" 404 807
0:0:0:0:0:0:0:1 - - [04/Jun/2024:12:18:04 +0900] "GET /spring_mvc/index.html HTTP/1.1" 304 -
0:0:0:0:0:0:0:1 - - [04/Jun/2024:12:18:04 +0900] "GET /spring_mvc/index.do HTTP/1.1" 200 2115
192.168.10.231 - - [04/Jun/2024:12:18:04 +0900] "GET /spring_mbv/common/css/board.css HTTP/1.1" 404 850
0:0:0:0:0:0:0:1 - - [04/Jun/2024:12:18:05 +0900] "POST /spring_mvc/post.do HTTP/1.1" 200 1474
192.168.10.231 - - [04/Jun/2024:12:18:05 +0900] "GET /spring_mbv/common/css/board.css HTTP/1.1" 404 850
0:0:0:0:0:0:0:1 - - [04/Jun/2024:12:18:08 +0900] "GET /spring_mvc/get.do HTTP/1.1" 200 1470
192.168.10.231 - - [04/Jun/2024:12:18:08 +0900] "GET /spring_mbv/common/css/board.css HTTP/1.1" 404 850
0:0:0:0:0:0:0:1 - - [04/Jun/2024:12:18:09 +0900] "GET /spring_mvc/get.do HTTP/1.1" 200 1470
192.168.10.231 - - [04/Jun/2024:12:18:09 +0900] "GET /spring_mbv/common/css/board.css HTTP/1.1" 404 850
0:0:0:0:0:0:0:1 - - [04/Jun/2024:12:18:12 +0900] "POST /spring_mvc/post.do HTTP/1.1" 200 1474
192.168.10.231 - - [04/Jun/2024:12:18:12 +0900] "GET /spring_mbv/common/css/board.css HTTP/1.1" 404 850
0:0:0:0:0:0:0:1 - - [04/Jun/2024:12:18:29 +0900] "GET /spring_mvc/index.do HTTP/1.1" 200 2116
192.168.10.231 - - [04/Jun/2024:12:18:29 +0900] "GET /spring_mbv/common/css/board.css HTTP/1.1" 404 850
0:0:0:0:0:0:0:1 - - [04/Jun/2024:12:18:29 +0900] "GET /spring_mvc/index.do HTTP/1.1" 200 2116
192.168.10.231 - - [04/Jun/2024:12:18:29 +0900] "GET /spring_mbv/common/css/board.css HTTP/1.1" 404 850
0:0:0:0:0:0:0:1 - - [04/Jun/2024:12:18:29 +0900] "GET /spring_mvc/index.do HTTP/1.1" 200 2116
192.168.10.231 - - [04/Jun/2024:12:18:29 +0900] "GET /spring_mbv/common/css/board.css HTTP/1.1" 404 850
0:0:0:0:0:0:0:1 - - [04/Jun/2024:12:18:29 +0900] "GET /spring_mvc/index.do HTTP/1.1" 200 2116
192.168.10.231 - - [04/Jun/2024:12:18:29 +0900] "GET /spring_mbv/common/css/board.css HTTP/1.1" 404 850
127.0.0.1 - - [04/Jun/2024:12:18:39 +0900] "GET / HTTP/1.1" 404 807
0:0:0:0:0:0:0:1 - - [04/Jun/2024:12:18:39 +0900] "GET /spring_mvc/index.do HTTP/1.1" 200 2116
192.168.10.231 - - [04/Jun/2024:12:18:39 +0900] "GET /spring_mbv/common/css/board.css HTTP/1.1" 404 850
0:0:0:0:0:0:0:1 - - [04/Jun/2024:12:18:41 +0900] "GET /spring_mvc/get.do HTTP/1.1" 200 1470
192.168.10.231 - - [04/Jun/2024:12:18:41 +0900] "GET /spring_mbv/common/css/board.css HTTP/1.1" 404 850
0:0:0:0:0:0:0:1 - - [04/Jun/2024:12:18:42 +0900] "GET /spring_mvc/get.do HTTP/1.1" 200 1470
192.168.10.231 - - [04/Jun/2024:12:18:42 +0900] "GET /spring_mbv/common/css/board.css HTTP/1.1" 404 850
0:0:0:0:0:0:0:1 - - [04/Jun/2024:12:20:04 +0900] "GET /spring_mvc/index.do HTTP/1.1" 200 2121
192.168.10.231 - - [04/Jun/2024:12:20:04 +0900] "GET /spring_mbv/common/css/board.css HTTP/1.1" 404 850
0:0:0:0:0:0:0:1 - - [04/Jun/2024:12:20:06 +0900] "GET /spring_mvc/get.do HTTP/1.1" 200 1470
192.168.10.231 - - [04/Jun/2024:12:20:06 +0900] "GET /spring_mbv/common/css/board.css HTTP/1.1" 404 850
0:0:0:0:0:0:0:1 - - [04/Jun/2024:12:20:07 +0900] "GET /spring_mvc/index.html HTTP/1.1" 304 -
0:0:0:0:0:0:0:1 - - [04/Jun/2024:12:20:07 +0900] "GET /spring_mvc/index.do HTTP/1.1" 200 2121
192.168.10.231 - - [04/Jun/2024:12:20:07 +0900] "GET /spring_mbv/common/css/board.css HTTP/1.1" 404 850
0:0:0:0:0:0:0:1 - - [04/Jun/2024:12:20:08 +0900] "GET /spring_mvc/get.do HTTP/1.1" 200 1470
192.168.10.231 - - [04/Jun/2024:12:20:08 +0900] "GET /spring_mbv/common/css/board.css HTTP/1.1" 404 850
0:0:0:0:0:0:0:1 - - [04/Jun/2024:12:20:08 +0900] "GET /spring_mvc/index.do HTTP/1.1" 200 2121
192.168.10.231 - - [04/Jun/2024:12:20:08 +0900] "GET /spring_mbv/common/css/board.css HTTP/1.1" 404 850
0:0:0:0:0:0:0:1 - - [04/Jun/2024:12:20:10 +0900] "POST /spring_mvc/post.do HTTP/1.1" 200 1474
192.168.10.231 - - [04/Jun/2024:12:20:10 +0900] "GET /spring_mbv/common/css/board.css HTTP/1.1" 404 850
0:0:0:0:0:0:0:1 - - [04/Jun/2024:12:20:11 +0900] "GET /spring_mvc/index.do HTTP/1.1" 200 2121
192.168.10.231 - - [04/Jun/2024:12:20:11 +0900] "GET /spring_mbv/common/css/board.css HTTP/1.1" 404 850
192.168.10.231 - - [04/Jun/2024:12:20:11 +0900] "GET /spring_mvc/common/css/main.css HTTP/1.1" 304 -
0:0:0:0:0:0:0:1 - - [04/Jun/2024:12:22:06 +0900] "GET /spring_mvc/index.do HTTP/1.1" 200 2381
192.168.10.231 - - [04/Jun/2024:12:22:06 +0900] "GET /spring_mbv/common/css/board.css HTTP/1.1" 404 850
0:0:0:0:0:0:0:1 - - [04/Jun/2024:12:23:19 +0900] "GET /spring_mvc/index.do HTTP/1.1" 200 2386
192.168.10.231 - - [04/Jun/2024:12:23:19 +0900] "GET /spring_mbv/common/css/board.css HTTP/1.1" 404 850
0:0:0:0:0:0:0:1 - - [04/Jun/2024:12:23:20 +0900] "GET /spring_mvc/get.do HTTP/1.1" 200 1470
192.168.10.231 - - [04/Jun/2024:12:23:20 +0900] "GET /spring_mbv/common/css/board.css HTTP/1.1" 404 850
0:0:0:0:0:0:0:1 - - [04/Jun/2024:12:23:22 +0900] "GET /spring_mvc/get.do HTTP/1.1" 200 1470
192.168.10.231 - - [04/Jun/2024:12:23:22 +0900] "GET /spring_mbv/common/css/board.css HTTP/1.1" 404 850
127.0.0.1 - - [04/Jun/2024:12:24:24 +0900] "GET / HTTP/1.1" 404 807
0:0:0:0:0:0:0:1 - - [04/Jun/2024:12:24:24 +0900] "GET /spring_mvc/index.html HTTP/1.1" 304 -
0:0:0:0:0:0:0:1 - - [04/Jun/2024:12:24:24 +0900] "GET /spring_mvc/index.do HTTP/1.1" 200 2397
192.168.10.231 - - [04/Jun/2024:12:24:24 +0900] "GET /spring_mbv/common/css/board.css HTTP/1.1" 404 850
0:0:0:0:0:0:0:1 - - [04/Jun/2024:12:24:25 +0900] "GET /spring_mvc/get.do? HTTP/1.1" 200 1470
192.168.10.231 - - [04/Jun/2024:12:24:25 +0900] "GET /spring_mbv/common/css/board.css HTTP/1.1" 404 850
0:0:0:0:0:0:0:1 - - [04/Jun/2024:12:24:27 +0900] "POST /spring_mvc/post.do HTTP/1.1" 200 1474
192.168.10.231 - - [04/Jun/2024:12:24:27 +0900] "GET /spring_mbv/common/css/board.css HTTP/1.1" 404 850
0:0:0:0:0:0:0:1 - - [04/Jun/2024:12:25:25 +0900] "GET /spring_mvc/index.do HTTP/1.1" 200 2397
192.168.10.231 - - [04/Jun/2024:12:25:25 +0900] "GET /spring_mbv/common/css/board.css HTTP/1.1" 404 850
0:0:0:0:0:0:0:1 - - [04/Jun/2024:12:25:26 +0900] "GET /spring_mvc/get.do? HTTP/1.1" 200 1470
192.168.10.231 - - [04/Jun/2024:12:25:26 +0900] "GET /spring_mbv/common/css/board.css HTTP/1.1" 404 850
0:0:0:0:0:0:0:1 - - [04/Jun/2024:12:25:27 +0900] "POST /spring_mvc/post.do HTTP/1.1" 200 1474
192.168.10.231 - - [04/Jun/2024:12:25:27 +0900] "GET /spring_mbv/common/css/board.css HTTP/1.1" 404 850
0:0:0:0:0:0:0:1 - - [04/Jun/2024:12:26:32 +0900] "GET /spring_mvc/index.do HTTP/1.1" 200 2397
192.168.10.231 - - [04/Jun/2024:12:26:32 +0900] "GET /spring_mbv/common/css/board.css HTTP/1.1" 404 850
0:0:0:0:0:0:0:1 - - [04/Jun/2024:12:26:32 +0900] "GET /spring_mvc/index.do HTTP/1.1" 200 2397
192.168.10.231 - - [04/Jun/2024:12:26:32 +0900] "GET /spring_mbv/common/css/board.css HTTP/1.1" 404 850
0:0:0:0:0:0:0:1 - - [04/Jun/2024:12:26:32 +0900] "GET /spring_mvc/index.do HTTP/1.1" 200 2397
192.168.10.231 - - [04/Jun/2024:12:26:32 +0900] "GET /spring_mbv/common/css/board.css HTTP/1.1" 404 850
0:0:0:0:0:0:0:1 - - [04/Jun/2024:12:26:33 +0900] "GET /spring_mvc/get.do? HTTP/1.1" 200 1470
192.168.10.231 - - [04/Jun/2024:12:26:33 +0900] "GET /spring_mbv/common/css/board.css HTTP/1.1" 404 850
127.0.0.1 - - [04/Jun/2024:12:26:42 +0900] "GET / HTTP/1.1" 404 807
0:0:0:0:0:0:0:1 - - [04/Jun/2024:12:26:43 +0900] "GET /spring_mvc/index.html HTTP/1.1" 304 -
0:0:0:0:0:0:0:1 - - [04/Jun/2024:12:26:43 +0900] "GET /spring_mvc/index.do HTTP/1.1" 200 2397
192.168.10.231 - - [04/Jun/2024:12:26:43 +0900] "GET /spring_mbv/common/css/board.css HTTP/1.1" 404 850
0:0:0:0:0:0:0:1 - - [04/Jun/2024:12:26:45 +0900] "GET /spring_mvc/get.do? HTTP/1.1" 200 1476
192.168.10.231 - - [04/Jun/2024:12:26:45 +0900] "GET /spring_mbv/common/css/board.css HTTP/1.1" 404 850
127.0.0.1 - - [04/Jun/2024:14:35:12 +0900] "GET / HTTP/1.1" 404 807
0:0:0:0:0:0:0:1 - - [04/Jun/2024:14:35:13 +0900] "GET /spring_mvc/WEB-INF/views/param_Frm.jsp HTTP/1.1" 404 721
0:0:0:0:0:0:0:1 - - [04/Jun/2024:14:35:13 +0900] "GET /favicon.ico HTTP/1.1" 404 818
0:0:0:0:0:0:0:1 - - [04/Jun/2024:14:35:38 +0900] "GET /spring_mvc/index.html HTTP/1.1" 304 -
0:0:0:0:0:0:0:1 - - [04/Jun/2024:14:35:39 +0900] "GET /spring_mvc/index.do HTTP/1.1" 200 2617
192.168.10.231 - - [04/Jun/2024:14:35:39 +0900] "GET /spring_mbv/common/css/board.css HTTP/1.1" 404 850
192.168.10.231 - - [04/Jun/2024:14:35:39 +0900] "GET /spring_mvc/common/css/main.css HTTP/1.1" 304 -
0:0:0:0:0:0:0:1 - - [04/Jun/2024:14:35:40 +0900] "GET /spring_mvc/day0604/param_frm.do HTTP/1.1" 404 839
0:0:0:0:0:0:0:1 - - [04/Jun/2024:14:36:07 +0900] "GET /spring_mvc/index.do HTTP/1.1" 200 2617
192.168.10.231 - - [04/Jun/2024:14:36:07 +0900] "GET /spring_mbv/common/css/board.css HTTP/1.1" 404 850
192.168.10.231 - - [04/Jun/2024:14:36:07 +0900] "GET /spring_mvc/common/favicon.ico HTTP/1.1" 304 -
0:0:0:0:0:0:0:1 - - [04/Jun/2024:14:36:07 +0900] "GET /spring_mvc/index.do HTTP/1.1" 200 2617
192.168.10.231 - - [04/Jun/2024:14:36:07 +0900] "GET /spring_mbv/common/css/board.css HTTP/1.1" 404 850
0:0:0:0:0:0:0:1 - - [04/Jun/2024:14:36:07 +0900] "GET /spring_mvc/index.do HTTP/1.1" 200 2617
192.168.10.231 - - [04/Jun/2024:14:36:07 +0900] "GET /spring_mbv/common/css/board.css HTTP/1.1" 404 850
0:0:0:0:0:0:0:1 - - [04/Jun/2024:14:36:07 +0900] "GET /spring_mvc/index.do HTTP/1.1" 200 2617
192.168.10.231 - - [04/Jun/2024:14:36:07 +0900] "GET /spring_mbv/common/css/board.css HTTP/1.1" 404 850
0:0:0:0:0:0:0:1 - - [04/Jun/2024:14:36:08 +0900] "GET /spring_mvc/day0604/param_frm.do HTTP/1.1" 200 2460
192.168.10.231 - - [04/Jun/2024:14:36:08 +0900] "GET /spring_mbv/common/css/board.css HTTP/1.1" 404 850
0:0:0:0:0:0:0:1 - - [04/Jun/2024:14:36:57 +0900] "GET /spring_mvc/day0604/param_frm.do HTTP/1.1" 200 2525
192.168.10.231 - - [04/Jun/2024:14:36:57 +0900] "GET /spring_mbv/common/css/board.css HTTP/1.1" 404 850
0:0:0:0:0:0:0:1 - - [04/Jun/2024:14:37:22 +0900] "GET /spring_mvc/day0604/param_frm.do HTTP/1.1" 200 2522
192.168.10.231 - - [04/Jun/2024:14:37:22 +0900] "GET /spring_mbv/common/css/board.css HTTP/1.1" 404 850
0:0:0:0:0:0:0:1 - - [04/Jun/2024:14:37:28 +0900] "GET /spring_mvc/day0604/param_frm.do HTTP/1.1" 200 2522
192.168.10.231 - - [04/Jun/2024:14:37:28 +0900] "GET /spring_mbv/common/css/board.css HTTP/1.1" 404 850
127.0.0.1 - - [04/Jun/2024:14:41:53 +0900] "GET / HTTP/1.1" 404 807
0:0:0:0:0:0:0:1 - - [04/Jun/2024:14:41:53 +0900] "GET /spring_mvc/index.do HTTP/1.1" 200 2617
192.168.10.231 - - [04/Jun/2024:14:41:53 +0900] "GET /spring_mbv/common/css/board.css HTTP/1.1" 404 850
0:0:0:0:0:0:0:1 - - [04/Jun/2024:14:41:55 +0900] "GET /spring_mvc/day0604/param_frm.do HTTP/1.1" 200 2522
192.168.10.231 - - [04/Jun/2024:14:41:55 +0900] "GET /spring_mbv/common/css/board.css HTTP/1.1" 404 850
127.0.0.1 - - [04/Jun/2024:15:09:34 +0900] "GET / HTTP/1.1" 404 807
0:0:0:0:0:0:0:1 - - [04/Jun/2024:15:09:34 +0900] "GET /spring_mvc/index.html HTTP/1.1" 304 -
0:0:0:0:0:0:0:1 - - [04/Jun/2024:15:09:34 +0900] "GET /spring_mvc/index.do HTTP/1.1" 200 2617
192.168.10.231 - - [04/Jun/2024:15:09:34 +0900] "GET /spring_mbv/common/css/board.css HTTP/1.1" 404 850
192.168.10.231 - - [04/Jun/2024:15:09:34 +0900] "GET /spring_mvc/common/css/main.css HTTP/1.1" 304 -
0:0:0:0:0:0:0:1 - - [04/Jun/2024:15:09:36 +0900] "GET /spring_mvc/day0604/param_frm.do HTTP/1.1" 200 2522
192.168.10.231 - - [04/Jun/2024:15:09:36 +0900] "GET /spring_mbv/common/css/board.css HTTP/1.1" 404 850
127.0.0.1 - - [04/Jun/2024:15:10:21 +0900] "GET / HTTP/1.1" 404 807
0:0:0:0:0:0:0:1 - - [04/Jun/2024:15:10:22 +0900] "GET /spring_mvc/index.do HTTP/1.1" 200 2617
192.168.10.231 - - [04/Jun/2024:15:10:22 +0900] "GET /spring_mbv/common/css/board.css HTTP/1.1" 404 850
0:0:0:0:0:0:0:1 - - [04/Jun/2024:15:10:23 +0900] "GET /spring_mvc/day0604/param_frm.do HTTP/1.1" 200 2510
192.168.10.231 - - [04/Jun/2024:15:10:23 +0900] "GET /spring_mbv/common/css/board.css HTTP/1.1" 404 850
0:0:0:0:0:0:0:1 - - [04/Jun/2024:15:10:32 +0900] "GET /spring_mvc/day0604/single_param.do?name=%EB%B0%95%EC%8B%9C%ED%98%84&age=25&email=test%40test.com HTTP/1.1" 200 1494
192.168.10.231 - - [04/Jun/2024:15:10:32 +0900] "GET /spring_mbv/common/css/board.css HTTP/1.1" 404 850
0:0:0:0:0:0:0:1 - - [04/Jun/2024:15:11:00 +0900] "GET /spring_mvc/day0604/single_param.do?name=%EB%B0%95%EC%8B%9C%ED%98%84&age=25&email=test%40test.com HTTP/1.1" 200 1494
192.168.10.231 - - [04/Jun/2024:15:11:00 +0900] "GET /spring_mbv/common/css/board.css HTTP/1.1" 404 850
127.0.0.1 - - [04/Jun/2024:15:18:53 +0900] "GET / HTTP/1.1" 404 807
0:0:0:0:0:0:0:1 - - [04/Jun/2024:15:18:54 +0900] "GET /spring_mvc/WEB-INF/classes/kr/co/sist/controller/ParamController.java HTTP/1.1" 404 721
127.0.0.1 - - [04/Jun/2024:15:19:54 +0900] "GET / HTTP/1.1" 404 807
0:0:0:0:0:0:0:1 - - [04/Jun/2024:15:19:54 +0900] "GET /spring_mvc/index.do HTTP/1.1" 200 2617
192.168.10.231 - - [04/Jun/2024:15:19:54 +0900] "GET /spring_mbv/common/css/board.css HTTP/1.1" 404 850
0:0:0:0:0:0:0:1 - - [04/Jun/2024:15:19:57 +0900] "GET /spring_mvc/get.do? HTTP/1.1" 200 1476
192.168.10.231 - - [04/Jun/2024:15:19:57 +0900] "GET /spring_mbv/common/css/board.css HTTP/1.1" 404 850
0:0:0:0:0:0:0:1 - - [04/Jun/2024:15:19:58 +0900] "POST /spring_mvc/post.do HTTP/1.1" 200 1474
192.168.10.231 - - [04/Jun/2024:15:19:58 +0900] "GET /spring_mbv/common/css/board.css HTTP/1.1" 404 850
0:0:0:0:0:0:0:1 - - [04/Jun/2024:15:20:00 +0900] "GET /spring_mvc/day0604/param_frm.do HTTP/1.1" 200 2677
192.168.10.231 - - [04/Jun/2024:15:20:00 +0900] "GET /spring_mbv/common/css/board.css HTTP/1.1" 404 850
0:0:0:0:0:0:0:1 - - [04/Jun/2024:15:20:01 +0900] "GET /spring_mvc/day0604/single_param.do?name=%EB%B0%95%EC%8B%9C%ED%98%84&age=25&email=test%40test.com HTTP/1.1" 200 1515
192.168.10.231 - - [04/Jun/2024:15:20:01 +0900] "GET /spring_mbv/common/css/board.css HTTP/1.1" 404 850
0:0:0:0:0:0:0:1 - - [04/Jun/2024:15:20:02 +0900] "POST /spring_mvc/day0604/post_single_param.do HTTP/1.1" 404 721
0:0:0:0:0:0:0:1 - - [04/Jun/2024:15:20:07 +0900] "POST /spring_mvc/day0604/post_single_param.do HTTP/1.1" 404 721
0:0:0:0:0:0:0:1 - - [04/Jun/2024:15:20:31 +0900] "POST /spring_mvc/day0604/post_single_param.do HTTP/1.1" 404 721
0:0:0:0:0:0:0:1 - - [04/Jun/2024:15:20:37 +0900] "POST /spring_mvc/day0604/post_single_param.do HTTP/1.1" 404 721
0:0:0:0:0:0:0:1 - - [04/Jun/2024:15:20:39 +0900] "GET /spring_mvc/day0604/param_frm.do HTTP/1.1" 200 2672
192.168.10.231 - - [04/Jun/2024:15:20:39 +0900] "GET /spring_mbv/common/css/board.css HTTP/1.1" 404 850
192.168.10.231 - - [04/Jun/2024:15:20:39 +0900] "GET /spring_mvc/common/favicon.ico HTTP/1.1" 304 -
0:0:0:0:0:0:0:1 - - [04/Jun/2024:15:20:39 +0900] "GET /spring_mvc/day0604/param_frm.do HTTP/1.1" 200 2672
192.168.10.231 - - [04/Jun/2024:15:20:39 +0900] "GET /spring_mbv/common/css/board.css HTTP/1.1" 404 850
0:0:0:0:0:0:0:1 - - [04/Jun/2024:15:20:40 +0900] "POST /spring_mvc/day0604/single_param.do HTTP/1.1" 200 1522
192.168.10.231 - - [04/Jun/2024:15:20:40 +0900] "GET /spring_mbv/common/css/board.css HTTP/1.1" 404 850
0:0:0:0:0:0:0:1 - - [04/Jun/2024:15:21:36 +0900] "GET /spring_mvc/day0604/single_param.do?name=%EB%B0%95%EC%8B%9C%ED%98%84&age=25&email=test%40test.com HTTP/1.1" 200 1515
192.168.10.231 - - [04/Jun/2024:15:21:36 +0900] "GET /spring_mbv/common/css/board.css HTTP/1.1" 404 850
127.0.0.1 - - [04/Jun/2024:15:23:42 +0900] "GET / HTTP/1.1" 404 807
0:0:0:0:0:0:0:1 - - [04/Jun/2024:15:23:42 +0900] "GET /spring_mvc/index.do HTTP/1.1" 200 2617
192.168.10.231 - - [04/Jun/2024:15:23:42 +0900] "GET /spring_mbv/common/css/board.css HTTP/1.1" 404 850
0:0:0:0:0:0:0:1 - - [04/Jun/2024:15:23:43 +0900] "GET /spring_mvc/day0604/param_frm.do HTTP/1.1" 200 2672
192.168.10.231 - - [04/Jun/2024:15:23:43 +0900] "GET /spring_mbv/common/css/board.css HTTP/1.1" 404 850
0:0:0:0:0:0:0:1 - - [04/Jun/2024:15:23:46 +0900] "POST /spring_mvc/day0604/single_param.do HTTP/1.1" 200 1507
192.168.10.231 - - [04/Jun/2024:15:23:46 +0900] "GET /spring_mbv/common/css/board.css HTTP/1.1" 404 850
0:0:0:0:0:0:0:1 - - [04/Jun/2024:15:28:22 +0900] "POST /spring_mvc/day0604/single_param.do HTTP/1.1" 500 3837
0:0:0:0:0:0:0:1 - - [04/Jun/2024:15:28:26 +0900] "POST /spring_mvc/day0604/single_param.do HTTP/1.1" 200 1507
192.168.10.231 - - [04/Jun/2024:15:28:26 +0900] "GET /spring_mbv/common/css/board.css HTTP/1.1" 404 850
192.168.10.231 - - [04/Jun/2024:15:28:27 +0900] "GET /spring_mbv/common/css/board.css HTTP/1.1" 404 850
0:0:0:0:0:0:0:1 - - [04/Jun/2024:15:28:28 +0900] "GET /spring_mvc/day0604/param_frm.do HTTP/1.1" 200 2672
192.168.10.231 - - [04/Jun/2024:15:28:28 +0900] "GET /spring_mbv/common/css/board.css HTTP/1.1" 404 850
0:0:0:0:0:0:0:1 - - [04/Jun/2024:15:28:29 +0900] "POST /spring_mvc/day0604/single_param.do HTTP/1.1" 200 1507
192.168.10.231 - - [04/Jun/2024:15:28:29 +0900] "GET /spring_mbv/common/css/board.css HTTP/1.1" 404 850
127.0.0.1 - - [04/Jun/2024:16:07:18 +0900] "GET / HTTP/1.1" 404 807
0:0:0:0:0:0:0:1 - - [04/Jun/2024:16:07:18 +0900] "GET /spring_mvc/index.html HTTP/1.1" 304 -
0:0:0:0:0:0:0:1 - - [04/Jun/2024:16:07:18 +0900] "GET /favicon.ico HTTP/1.1" 404 818
0:0:0:0:0:0:0:1 - - [04/Jun/2024:16:07:19 +0900] "GET /spring_mvc/index.do HTTP/1.1" 200 2617
192.168.10.231 - - [04/Jun/2024:16:07:19 +0900] "GET /spring_mbv/common/css/board.css HTTP/1.1" 404 850
192.168.10.231 - - [04/Jun/2024:16:07:19 +0900] "GET /spring_mvc/common/css/main.css HTTP/1.1" 304 -
0:0:0:0:0:0:0:1 - - [04/Jun/2024:16:07:22 +0900] "GET /spring_mvc/day0604/param_frm.do HTTP/1.1" 200 2672
192.168.10.231 - - [04/Jun/2024:16:07:22 +0900] "GET /spring_mbv/common/css/board.css HTTP/1.1" 404 850
0:0:0:0:0:0:0:1 - - [04/Jun/2024:16:07:23 +0900] "POST /spring_mvc/day0604/single_param.do HTTP/1.1" 200 1501
192.168.10.231 - - [04/Jun/2024:16:07:23 +0900] "GET /spring_mbv/common/css/board.css HTTP/1.1" 404 850
