127.0.0.1 - - [13/Jun/2024:09:47:07 +0900] "GET / HTTP/1.1" 404 807
0:0:0:0:0:0:0:1 - - [13/Jun/2024:09:47:08 +0900] "GET /favicon.ico HTTP/1.1" 404 818
0:0:0:0:0:0:0:1 - - [13/Jun/2024:09:47:09 +0900] "GET /spring_mvc/index.do HTTP/1.1" 200 5830
192.168.10.231 - - [13/Jun/2024:09:47:09 +0900] "GET /spring_mbv/common/css/board.css HTTP/1.1" 404 850
0:0:0:0:0:0:0:1 - - [13/Jun/2024:09:47:11 +0900] "GET /spring_mvc/day0613/file_upload_frm.do HTTP/1.1" 200 1872
192.168.10.231 - - [13/Jun/2024:09:47:11 +0900] "GET /spring_mbv/common/css/board.css HTTP/1.1" 404 850
0:0:0:0:0:0:0:1 - - [13/Jun/2024:09:48:18 +0900] "GET /spring_mvc/day0613/file_upload_frm.do HTTP/1.1" 200 1958
192.168.10.231 - - [13/Jun/2024:09:48:18 +0900] "GET /spring_mbv/common/css/board.css HTTP/1.1" 404 850
0:0:0:0:0:0:0:1 - - [13/Jun/2024:09:48:18 +0900] "GET /spring_mvc/day0613/file_upload_frm.do HTTP/1.1" 200 1958
192.168.10.231 - - [13/Jun/2024:09:48:18 +0900] "GET /spring_mbv/common/css/board.css HTTP/1.1" 404 850
192.168.10.231 - - [13/Jun/2024:09:48:21 +0900] "GET /spring_mbv/common/css/board.css HTTP/1.1" 404 850
0:0:0:0:0:0:0:1 - - [13/Jun/2024:09:48:35 +0900] "GET /spring_mvc/day0613/file_upload_frm.do HTTP/1.1" 200 1958
192.168.10.231 - - [13/Jun/2024:09:48:35 +0900] "GET /spring_mbv/common/css/board.css HTTP/1.1" 404 850
0:0:0:0:0:0:0:1 - - [13/Jun/2024:09:48:37 +0900] "GET /spring_mvc/day0613/file_upload_frm.do HTTP/1.1" 200 1958
192.168.10.231 - - [13/Jun/2024:09:48:37 +0900] "GET /spring_mbv/common/css/board.css HTTP/1.1" 404 850
0:0:0:0:0:0:0:1 - - [13/Jun/2024:09:48:42 +0900] "POST /spring_mvc/day0613/upload_process.do HTTP/1.1" 404 224
0:0:0:0:0:0:0:1 - - [13/Jun/2024:09:48:42 +0900] "GET /spring_mvc/common/images/404.png HTTP/1.1" 304 -
192.168.10.231 - - [13/Jun/2024:09:48:44 +0900] "GET /spring_mbv/common/css/board.css HTTP/1.1" 404 850
127.0.0.1 - - [13/Jun/2024:10:31:01 +0900] "GET / HTTP/1.1" 404 807
0:0:0:0:0:0:0:1 - - [13/Jun/2024:10:31:01 +0900] "GET /spring_mvc/index.html HTTP/1.1" 304 -
0:0:0:0:0:0:0:1 - - [13/Jun/2024:10:31:01 +0900] "GET /spring_mvc/index.do HTTP/1.1" 200 5830
192.168.10.231 - - [13/Jun/2024:10:31:01 +0900] "GET /spring_mbv/common/css/board.css HTTP/1.1" 404 850
192.168.10.231 - - [13/Jun/2024:10:31:01 +0900] "GET /spring_mvc/common/css/main.css HTTP/1.1" 304 -
0:0:0:0:0:0:0:1 - - [13/Jun/2024:10:31:03 +0900] "GET /spring_mvc/day0613/file_upload_frm.do HTTP/1.1" 200 1958
192.168.10.231 - - [13/Jun/2024:10:31:04 +0900] "GET /spring_mbv/common/css/board.css HTTP/1.1" 404 850
0:0:0:0:0:0:0:1 - - [13/Jun/2024:10:31:17 +0900] "POST /spring_mvc/day0613/upload_process.do HTTP/1.1" 500 254
0:0:0:0:0:0:0:1 - - [13/Jun/2024:10:31:17 +0900] "GET /spring_mvc/common/images/500.png HTTP/1.1" 200 5328
127.0.0.1 - - [13/Jun/2024:10:35:24 +0900] "GET / HTTP/1.1" 404 807
0:0:0:0:0:0:0:1 - - [13/Jun/2024:10:35:24 +0900] "GET /spring_mvc/index.do HTTP/1.1" 200 5830
192.168.10.231 - - [13/Jun/2024:10:35:24 +0900] "GET /spring_mbv/common/css/board.css HTTP/1.1" 404 850
0:0:0:0:0:0:0:1 - - [13/Jun/2024:10:35:27 +0900] "GET /spring_mvc/day0613/file_upload_frm.do HTTP/1.1" 200 1958
192.168.10.231 - - [13/Jun/2024:10:35:27 +0900] "GET /spring_mbv/common/css/board.css HTTP/1.1" 404 850
0:0:0:0:0:0:0:1 - - [13/Jun/2024:10:35:31 +0900] "POST /spring_mvc/day0613/upload_process.do HTTP/1.1" 200 1313
192.168.10.231 - - [13/Jun/2024:10:35:31 +0900] "GET /spring_mbv/common/css/board.css HTTP/1.1" 404 850
192.168.10.231 - - [13/Jun/2024:10:36:00 +0900] "GET /spring_mbv/common/css/board.css HTTP/1.1" 404 850
127.0.0.1 - - [13/Jun/2024:11:38:14 +0900] "GET / HTTP/1.1" 404 807
0:0:0:0:0:0:0:1 - - [13/Jun/2024:11:38:14 +0900] "GET /favicon.ico HTTP/1.1" 404 818
0:0:0:0:0:0:0:1 - - [13/Jun/2024:11:38:14 +0900] "GET /spring_mvc/index.do HTTP/1.1" 500 254
127.0.0.1 - - [13/Jun/2024:11:45:23 +0900] "GET / HTTP/1.1" 404 807
0:0:0:0:0:0:0:1 - - [13/Jun/2024:11:45:24 +0900] "GET /spring_mvc/index.do HTTP/1.1" 200 6162
192.168.10.231 - - [13/Jun/2024:11:45:24 +0900] "GET /spring_mbv/common/css/board.css HTTP/1.1" 404 850
0:0:0:0:0:0:0:1 - - [13/Jun/2024:11:45:26 +0900] "GET /spring_mvc/day0613/mybatis_search.do?deptno=10 HTTP/1.1" 200 1786
192.168.10.231 - - [13/Jun/2024:11:45:26 +0900] "GET /spring_mbv/common/css/board.css HTTP/1.1" 404 850
0:0:0:0:0:0:0:1 - - [13/Jun/2024:11:46:14 +0900] "GET /spring_mvc/index.do HTTP/1.1" 200 6162
192.168.10.231 - - [13/Jun/2024:11:46:14 +0900] "GET /spring_mbv/common/css/board.css HTTP/1.1" 404 850
0:0:0:0:0:0:0:1 - - [13/Jun/2024:11:46:17 +0900] "GET /spring_mvc/day0613/mybatis_search.do?deptno=10 HTTP/1.1" 200 1786
192.168.10.231 - - [13/Jun/2024:11:46:17 +0900] "GET /spring_mbv/common/css/board.css HTTP/1.1" 404 850
0:0:0:0:0:0:0:1 - - [13/Jun/2024:11:46:19 +0900] "GET /spring_mvc/index.do HTTP/1.1" 200 6162
192.168.10.231 - - [13/Jun/2024:11:46:19 +0900] "GET /spring_mbv/common/css/board.css HTTP/1.1" 404 850
192.168.10.231 - - [13/Jun/2024:11:46:19 +0900] "GET /spring_mvc/common/favicon.ico HTTP/1.1" 304 -
0:0:0:0:0:0:0:1 - - [13/Jun/2024:11:46:19 +0900] "GET /spring_mvc/index.do HTTP/1.1" 200 6162
192.168.10.231 - - [13/Jun/2024:11:46:19 +0900] "GET /spring_mbv/common/css/board.css HTTP/1.1" 404 850
0:0:0:0:0:0:0:1 - - [13/Jun/2024:11:46:19 +0900] "GET /spring_mvc/index.do HTTP/1.1" 200 6162
192.168.10.231 - - [13/Jun/2024:11:46:19 +0900] "GET /spring_mbv/common/css/board.css HTTP/1.1" 404 850
0:0:0:0:0:0:0:1 - - [13/Jun/2024:11:46:19 +0900] "GET /spring_mvc/index.do HTTP/1.1" 200 6162
192.168.10.231 - - [13/Jun/2024:11:46:19 +0900] "GET /spring_mbv/common/css/board.css HTTP/1.1" 404 850
0:0:0:0:0:0:0:1 - - [13/Jun/2024:11:46:21 +0900] "GET /spring_mvc/day0613/mybatis_search.do?deptno=20 HTTP/1.1" 200 1786
192.168.10.231 - - [13/Jun/2024:11:46:21 +0900] "GET /spring_mbv/common/css/board.css HTTP/1.1" 404 850
127.0.0.1 - - [13/Jun/2024:11:46:46 +0900] "GET / HTTP/1.1" 404 807
0:0:0:0:0:0:0:1 - - [13/Jun/2024:11:46:46 +0900] "GET /spring_mvc/index.do HTTP/1.1" 200 6162
192.168.10.231 - - [13/Jun/2024:11:46:46 +0900] "GET /spring_mbv/common/css/board.css HTTP/1.1" 404 850
0:0:0:0:0:0:0:1 - - [13/Jun/2024:11:46:49 +0900] "GET /spring_mvc/day0613/mybatis_search.do?deptno=10 HTTP/1.1" 200 1786
192.168.10.231 - - [13/Jun/2024:11:46:49 +0900] "GET /spring_mbv/common/css/board.css HTTP/1.1" 404 850
0:0:0:0:0:0:0:1 - - [13/Jun/2024:11:50:27 +0900] "GET /spring_mvc/index.do HTTP/1.1" 200 6162
192.168.10.231 - - [13/Jun/2024:11:50:27 +0900] "GET /spring_mbv/common/css/board.css HTTP/1.1" 404 850
0:0:0:0:0:0:0:1 - - [13/Jun/2024:11:50:28 +0900] "GET /spring_mvc/day0613/mybatis_search.do?deptno=10 HTTP/1.1" 500 254
0:0:0:0:0:0:0:1 - - [13/Jun/2024:11:50:35 +0900] "GET /spring_mvc/index.do HTTP/1.1" 200 6162
192.168.10.231 - - [13/Jun/2024:11:50:35 +0900] "GET /spring_mbv/common/css/board.css HTTP/1.1" 404 850
0:0:0:0:0:0:0:1 - - [13/Jun/2024:11:50:36 +0900] "GET /spring_mvc/index.do HTTP/1.1" 200 6162
192.168.10.231 - - [13/Jun/2024:11:50:36 +0900] "GET /spring_mbv/common/css/board.css HTTP/1.1" 404 850
0:0:0:0:0:0:0:1 - - [13/Jun/2024:11:50:36 +0900] "GET /spring_mvc/index.do HTTP/1.1" 200 6162
192.168.10.231 - - [13/Jun/2024:11:50:36 +0900] "GET /spring_mbv/common/css/board.css HTTP/1.1" 404 850
0:0:0:0:0:0:0:1 - - [13/Jun/2024:11:50:38 +0900] "GET /spring_mvc/day0613/mybatis_search.do?deptno=10 HTTP/1.1" 500 254
0:0:0:0:0:0:0:1 - - [13/Jun/2024:11:51:11 +0900] "GET /spring_mvc/index.do HTTP/1.1" 200 6162
192.168.10.231 - - [13/Jun/2024:11:51:11 +0900] "GET /spring_mbv/common/css/board.css HTTP/1.1" 404 850
0:0:0:0:0:0:0:1 - - [13/Jun/2024:11:51:13 +0900] "GET /spring_mvc/index.do HTTP/1.1" 200 6162
0:0:0:0:0:0:0:1 - - [13/Jun/2024:11:51:16 +0900] "GET /spring_mvc/day0613/mybatis_search.do?deptno=10 HTTP/1.1" 500 254
0:0:0:0:0:0:0:1 - - [13/Jun/2024:11:51:35 +0900] "GET /spring_mvc/index.do HTTP/1.1" 200 6162
192.168.10.231 - - [13/Jun/2024:11:51:35 +0900] "GET /spring_mbv/common/css/board.css HTTP/1.1" 404 850
0:0:0:0:0:0:0:1 - - [13/Jun/2024:11:51:35 +0900] "GET /spring_mvc/index.do HTTP/1.1" 200 6162
192.168.10.231 - - [13/Jun/2024:11:51:35 +0900] "GET /spring_mbv/common/css/board.css HTTP/1.1" 404 850
0:0:0:0:0:0:0:1 - - [13/Jun/2024:11:51:35 +0900] "GET /spring_mvc/index.do HTTP/1.1" 200 6162
192.168.10.231 - - [13/Jun/2024:11:51:35 +0900] "GET /spring_mbv/common/css/board.css HTTP/1.1" 404 850
0:0:0:0:0:0:0:1 - - [13/Jun/2024:11:51:37 +0900] "GET /spring_mvc/index.do HTTP/1.1" 200 6162
192.168.10.231 - - [13/Jun/2024:11:51:37 +0900] "GET /spring_mbv/common/css/board.css HTTP/1.1" 404 850
0:0:0:0:0:0:0:1 - - [13/Jun/2024:11:51:39 +0900] "GET /spring_mvc/day0613/mybatis_search.do?deptno=10 HTTP/1.1" 200 1786
192.168.10.231 - - [13/Jun/2024:11:51:39 +0900] "GET /spring_mbv/common/css/board.css HTTP/1.1" 404 850
0:0:0:0:0:0:0:1 - - [13/Jun/2024:11:51:44 +0900] "GET /spring_mvc/index.do HTTP/1.1" 200 6162
192.168.10.231 - - [13/Jun/2024:11:51:44 +0900] "GET /spring_mbv/common/css/board.css HTTP/1.1" 404 850
0:0:0:0:0:0:0:1 - - [13/Jun/2024:11:51:45 +0900] "GET /spring_mvc/day0613/mybatis_search.do?deptno=20 HTTP/1.1" 200 1786
192.168.10.231 - - [13/Jun/2024:11:51:45 +0900] "GET /spring_mbv/common/css/board.css HTTP/1.1" 404 850
127.0.0.1 - - [13/Jun/2024:11:53:44 +0900] "GET / HTTP/1.1" 404 807
0:0:0:0:0:0:0:1 - - [13/Jun/2024:11:53:44 +0900] "GET /spring_mvc/index.do HTTP/1.1" 200 6162
192.168.10.231 - - [13/Jun/2024:11:53:44 +0900] "GET /spring_mbv/common/css/board.css HTTP/1.1" 404 850
0:0:0:0:0:0:0:1 - - [13/Jun/2024:11:53:47 +0900] "GET /spring_mvc/day0613/mybatis_search.do?deptno=10 HTTP/1.1" 200 1786
192.168.10.231 - - [13/Jun/2024:11:53:47 +0900] "GET /spring_mbv/common/css/board.css HTTP/1.1" 404 850
0:0:0:0:0:0:0:1 - - [13/Jun/2024:11:54:53 +0900] "GET /spring_mvc/index.do HTTP/1.1" 200 6162
192.168.10.231 - - [13/Jun/2024:11:54:53 +0900] "GET /spring_mbv/common/css/board.css HTTP/1.1" 404 850
0:0:0:0:0:0:0:1 - - [13/Jun/2024:11:54:53 +0900] "GET /spring_mvc/index.do HTTP/1.1" 200 6162
192.168.10.231 - - [13/Jun/2024:11:54:53 +0900] "GET /spring_mbv/common/css/board.css HTTP/1.1" 404 850
0:0:0:0:0:0:0:1 - - [13/Jun/2024:11:54:53 +0900] "GET /spring_mvc/index.do HTTP/1.1" 200 6162
192.168.10.231 - - [13/Jun/2024:11:54:53 +0900] "GET /spring_mbv/common/css/board.css HTTP/1.1" 404 850
0:0:0:0:0:0:0:1 - - [13/Jun/2024:11:54:53 +0900] "GET /spring_mvc/index.do HTTP/1.1" 200 6162
192.168.10.231 - - [13/Jun/2024:11:54:53 +0900] "GET /spring_mbv/common/css/board.css HTTP/1.1" 404 850
0:0:0:0:0:0:0:1 - - [13/Jun/2024:11:54:54 +0900] "GET /spring_mvc/index.do HTTP/1.1" 200 6162
192.168.10.231 - - [13/Jun/2024:11:54:54 +0900] "GET /spring_mbv/common/css/board.css HTTP/1.1" 404 850
0:0:0:0:0:0:0:1 - - [13/Jun/2024:11:54:54 +0900] "GET /spring_mvc/index.do HTTP/1.1" 200 6162
192.168.10.231 - - [13/Jun/2024:11:54:54 +0900] "GET /spring_mbv/common/css/board.css HTTP/1.1" 404 850
0:0:0:0:0:0:0:1 - - [13/Jun/2024:11:54:54 +0900] "GET /spring_mvc/index.do HTTP/1.1" 200 6162
192.168.10.231 - - [13/Jun/2024:11:54:54 +0900] "GET /spring_mbv/common/css/board.css HTTP/1.1" 404 850
0:0:0:0:0:0:0:1 - - [13/Jun/2024:11:54:54 +0900] "GET /spring_mvc/index.do HTTP/1.1" 200 6162
192.168.10.231 - - [13/Jun/2024:11:54:54 +0900] "GET /spring_mbv/common/css/board.css HTTP/1.1" 404 850
0:0:0:0:0:0:0:1 - - [13/Jun/2024:11:54:54 +0900] "GET /spring_mvc/index.do HTTP/1.1" 200 6162
192.168.10.231 - - [13/Jun/2024:11:54:54 +0900] "GET /spring_mbv/common/css/board.css HTTP/1.1" 404 850
192.168.10.231 - - [13/Jun/2024:11:54:54 +0900] "GET /spring_mvc/common/css/main.css HTTP/1.1" 200 16461
192.168.10.231 - - [13/Jun/2024:11:54:54 +0900] "GET /spring_mvc/common/favicon.ico HTTP/1.1" 200 1150
0:0:0:0:0:0:0:1 - - [13/Jun/2024:11:54:54 +0900] "GET /spring_mvc/index.do HTTP/1.1" 200 6162
192.168.10.231 - - [13/Jun/2024:11:54:54 +0900] "GET /spring_mvc/common/css/main.css HTTP/1.1" 200 16461
192.168.10.231 - - [13/Jun/2024:11:54:54 +0900] "GET /spring_mbv/common/css/board.css HTTP/1.1" 404 850
192.168.10.231 - - [13/Jun/2024:11:54:54 +0900] "GET /spring_mvc/common/favicon.ico HTTP/1.1" 200 1150
0:0:0:0:0:0:0:1 - - [13/Jun/2024:11:54:55 +0900] "GET /spring_mvc/index.do HTTP/1.1" 200 6162
192.168.10.231 - - [13/Jun/2024:11:54:55 +0900] "GET /spring_mvc/common/css/main.css HTTP/1.1" 200 16461
192.168.10.231 - - [13/Jun/2024:11:54:55 +0900] "GET /spring_mbv/common/css/board.css HTTP/1.1" 404 850
192.168.10.231 - - [13/Jun/2024:11:54:55 +0900] "GET /spring_mvc/common/favicon.ico HTTP/1.1" 200 1150
0:0:0:0:0:0:0:1 - - [13/Jun/2024:11:54:55 +0900] "GET /spring_mvc/index.do HTTP/1.1" 200 6162
192.168.10.231 - - [13/Jun/2024:11:54:55 +0900] "GET /spring_mvc/common/css/main.css HTTP/1.1" 200 16461
192.168.10.231 - - [13/Jun/2024:11:54:55 +0900] "GET /spring_mbv/common/css/board.css HTTP/1.1" 404 850
192.168.10.231 - - [13/Jun/2024:11:54:55 +0900] "GET /spring_mvc/common/favicon.ico HTTP/1.1" 200 1150
0:0:0:0:0:0:0:1 - - [13/Jun/2024:11:54:55 +0900] "GET /spring_mvc/index.do HTTP/1.1" 200 6162
192.168.10.231 - - [13/Jun/2024:11:54:55 +0900] "GET /spring_mbv/common/css/board.css HTTP/1.1" 404 850
192.168.10.231 - - [13/Jun/2024:11:54:55 +0900] "GET /spring_mvc/common/css/main.css HTTP/1.1" 200 16461
0:0:0:0:0:0:0:1 - - [13/Jun/2024:11:54:55 +0900] "GET /spring_mvc/index.do HTTP/1.1" 200 6162
192.168.10.231 - - [13/Jun/2024:11:54:55 +0900] "GET /spring_mbv/common/css/board.css HTTP/1.1" 404 850
192.168.10.231 - - [13/Jun/2024:11:54:55 +0900] "GET /spring_mvc/common/favicon.ico HTTP/1.1" 200 1150
0:0:0:0:0:0:0:1 - - [13/Jun/2024:11:54:55 +0900] "GET /spring_mvc/index.do HTTP/1.1" 200 6162
192.168.10.231 - - [13/Jun/2024:11:54:55 +0900] "GET /spring_mbv/common/css/board.css HTTP/1.1" 404 850
0:0:0:0:0:0:0:1 - - [13/Jun/2024:11:54:55 +0900] "GET /spring_mvc/index.do HTTP/1.1" 200 6162
192.168.10.231 - - [13/Jun/2024:11:54:55 +0900] "GET /spring_mbv/common/css/board.css HTTP/1.1" 404 850
0:0:0:0:0:0:0:1 - - [13/Jun/2024:11:54:57 +0900] "GET /spring_mvc/day0613/mybatis_search.do?deptno=10 HTTP/1.1" 200 1786
192.168.10.231 - - [13/Jun/2024:11:54:57 +0900] "GET /spring_mbv/common/css/board.css HTTP/1.1" 404 850
0:0:0:0:0:0:0:1 - - [13/Jun/2024:11:55:09 +0900] "GET /spring_mvc/day0613/mybatis_search.do?deptno=10 HTTP/1.1" 200 1786
192.168.10.231 - - [13/Jun/2024:11:55:09 +0900] "GET /spring_mbv/common/css/board.css HTTP/1.1" 404 850
0:0:0:0:0:0:0:1 - - [13/Jun/2024:11:55:52 +0900] "GET /spring_mvc/day0613/mybatis_search.do?deptno=10 HTTP/1.1" 200 2163
192.168.10.231 - - [13/Jun/2024:11:55:52 +0900] "GET /spring_mbv/common/css/board.css HTTP/1.1" 404 850
192.168.10.216 - - [13/Jun/2024:12:05:52 +0900] "GET /spring_mvc/common/css/main.css HTTP/1.1" 200 16461
192.168.10.216 - - [13/Jun/2024:12:05:52 +0900] "GET /spring_mbv/common/css/board.css HTTP/1.1" 404 850
192.168.10.216 - - [13/Jun/2024:12:05:52 +0900] "GET /spring_mvc/common/favicon.ico HTTP/1.1" 200 1150
127.0.0.1 - - [13/Jun/2024:12:42:48 +0900] "GET / HTTP/1.1" 404 807
0:0:0:0:0:0:0:1 - - [13/Jun/2024:12:42:48 +0900] "GET /favicon.ico HTTP/1.1" 404 818
0:0:0:0:0:0:0:1 - - [13/Jun/2024:12:42:49 +0900] "GET /spring_mvc/index.do HTTP/1.1" 200 6162
192.168.10.231 - - [13/Jun/2024:12:42:49 +0900] "GET /spring_mbv/common/css/board.css HTTP/1.1" 404 850
0:0:0:0:0:0:0:1 - - [13/Jun/2024:12:42:51 +0900] "GET /spring_mvc/day0613/mybatis_search.do?deptno=10 HTTP/1.1" 200 2014
192.168.10.231 - - [13/Jun/2024:12:42:51 +0900] "GET /spring_mbv/common/css/board.css HTTP/1.1" 404 850
127.0.0.1 - - [13/Jun/2024:12:46:13 +0900] "GET / HTTP/1.1" 404 807
0:0:0:0:0:0:0:1 - - [13/Jun/2024:12:46:14 +0900] "GET /spring_mvc/index.do HTTP/1.1" 200 6162
192.168.10.231 - - [13/Jun/2024:12:46:14 +0900] "GET /spring_mbv/common/css/board.css HTTP/1.1" 404 850
0:0:0:0:0:0:0:1 - - [13/Jun/2024:12:46:19 +0900] "GET /spring_mvc/day0613/mybatis_search.do?deptno=10 HTTP/1.1" 200 2014
192.168.10.231 - - [13/Jun/2024:12:46:19 +0900] "GET /spring_mbv/common/css/board.css HTTP/1.1" 404 850
127.0.0.1 - - [13/Jun/2024:13:46:40 +0900] "GET / HTTP/1.1" 404 807
0:0:0:0:0:0:0:1 - - [13/Jun/2024:13:46:40 +0900] "GET /sist/index.html HTTP/1.1" 200 232
0:0:0:0:0:0:0:1 - - [13/Jun/2024:13:46:40 +0900] "GET /interceptor_prj/index.do HTTP/1.1" 404 835
0:0:0:0:0:0:0:1 - - [13/Jun/2024:13:47:19 +0900] "GET /interceptor_prj/index.do HTTP/1.1" 404 835
0:0:0:0:0:0:0:1 - - [13/Jun/2024:13:47:19 +0900] "GET /interceptor_prj/index.do HTTP/1.1" 404 835
0:0:0:0:0:0:0:1 - - [13/Jun/2024:13:47:19 +0900] "GET /interceptor_prj/index.do HTTP/1.1" 404 835
0:0:0:0:0:0:0:1 - - [13/Jun/2024:13:47:19 +0900] "GET /interceptor_prj/index.do HTTP/1.1" 404 835
0:0:0:0:0:0:0:1 - - [13/Jun/2024:13:47:20 +0900] "GET /interceptor_prj/index.do HTTP/1.1" 404 835
0:0:0:0:0:0:0:1 - - [13/Jun/2024:13:47:20 +0900] "GET /interceptor_prj/index.do HTTP/1.1" 404 835
127.0.0.1 - - [13/Jun/2024:13:47:35 +0900] "GET / HTTP/1.1" 404 807
0:0:0:0:0:0:0:1 - - [13/Jun/2024:13:47:35 +0900] "GET /interceptor_prj/index.html HTTP/1.1" 304 -
0:0:0:0:0:0:0:1 - - [13/Jun/2024:13:47:36 +0900] "GET /interceptor_prj/index.do HTTP/1.1" 200 1418
192.168.10.231 - - [13/Jun/2024:13:47:36 +0900] "GET /spring_mbv/common/css/board.css HTTP/1.1" 404 850
0:0:0:0:0:0:0:1 - - [13/Jun/2024:13:47:38 +0900] "GET /interceptor_prj/admin/login_frm.do HTTP/1.1" 200 1429
192.168.10.231 - - [13/Jun/2024:13:47:38 +0900] "GET /spring_mbv/common/css/board.css HTTP/1.1" 404 850
0:0:0:0:0:0:0:1 - - [13/Jun/2024:13:47:39 +0900] "GET /interceptor_prj/admin/dashboard.do HTTP/1.1" 302 -
0:0:0:0:0:0:0:1 - - [13/Jun/2024:13:47:39 +0900] "GET /interceptor_prj/admin/login_frm.do HTTP/1.1" 200 1429
192.168.10.231 - - [13/Jun/2024:13:47:39 +0900] "GET /spring_mbv/common/css/board.css HTTP/1.1" 404 850
0:0:0:0:0:0:0:1 - - [13/Jun/2024:13:48:54 +0900] "GET /interceptor_prj/admin/login_frm.do HTTP/1.1" 200 1429
192.168.10.231 - - [13/Jun/2024:13:48:54 +0900] "GET /spring_mbv/common/css/board.css HTTP/1.1" 404 850
0:0:0:0:0:0:0:1 - - [13/Jun/2024:13:49:09 +0900] "GET /interceptor_prj/admin/login_frm.do HTTP/1.1" 200 1429
192.168.10.231 - - [13/Jun/2024:13:49:09 +0900] "GET /spring_mbv/common/css/board.css HTTP/1.1" 404 850
0:0:0:0:0:0:0:1 - - [13/Jun/2024:13:50:27 +0900] "GET /interceptor_prj/admin/set_session.do HTTP/1.1" 200 1328
192.168.10.231 - - [13/Jun/2024:13:50:27 +0900] "GET /spring_mbv/common/css/board.css HTTP/1.1" 404 850
0:0:0:0:0:0:0:1 - - [13/Jun/2024:13:50:28 +0900] "GET /interceptor_prj/admin/login_frm.do HTTP/1.1" 200 1429
192.168.10.231 - - [13/Jun/2024:13:50:28 +0900] "GET /spring_mbv/common/css/board.css HTTP/1.1" 404 850
0:0:0:0:0:0:0:1 - - [13/Jun/2024:13:50:31 +0900] "GET /interceptor_prj/admin/set_session.do HTTP/1.1" 200 1328
192.168.10.231 - - [13/Jun/2024:13:50:31 +0900] "GET /spring_mbv/common/css/board.css HTTP/1.1" 404 850
0:0:0:0:0:0:0:1 - - [13/Jun/2024:13:50:33 +0900] "GET /interceptor_prj/admin/login_frm.do HTTP/1.1" 200 1429
192.168.10.231 - - [13/Jun/2024:13:50:33 +0900] "GET /spring_mbv/common/css/board.css HTTP/1.1" 404 850
0:0:0:0:0:0:0:1 - - [13/Jun/2024:13:50:33 +0900] "GET /interceptor_prj/admin/remove_session.do HTTP/1.1" 302 -
0:0:0:0:0:0:0:1 - - [13/Jun/2024:13:50:33 +0900] "GET /interceptor_prj/admin/login_frm.do?admin_id=admin HTTP/1.1" 200 1429
192.168.10.231 - - [13/Jun/2024:13:50:33 +0900] "GET /spring_mbv/common/css/board.css HTTP/1.1" 404 850
0:0:0:0:0:0:0:1 - - [13/Jun/2024:13:50:36 +0900] "GET /interceptor_prj/admin/login_frm.do HTTP/1.1" 200 1429
192.168.10.231 - - [13/Jun/2024:13:50:36 +0900] "GET /spring_mbv/common/css/board.css HTTP/1.1" 404 850
0:0:0:0:0:0:0:1 - - [13/Jun/2024:13:50:38 +0900] "GET /interceptor_prj/admin/dashboard.do HTTP/1.1" 302 -
0:0:0:0:0:0:0:1 - - [13/Jun/2024:13:50:38 +0900] "GET /interceptor_prj/admin/login_frm.do HTTP/1.1" 200 1429
192.168.10.231 - - [13/Jun/2024:13:50:38 +0900] "GET /spring_mbv/common/css/board.css HTTP/1.1" 404 850
127.0.0.1 - - [13/Jun/2024:14:03:56 +0900] "GET / HTTP/1.1" 404 807
0:0:0:0:0:0:0:1 - - [13/Jun/2024:14:03:57 +0900] "GET /hotel_prj/test_view/views/user/resve/dining/step0.jsp HTTP/1.1" 200 34679
0:0:0:0:0:0:0:1 - - [13/Jun/2024:14:03:57 +0900] "GET /hotel_prj/static/home/js/ko/pc/pubPlugin.js HTTP/1.1" 304 -
0:0:0:0:0:0:0:1 - - [13/Jun/2024:14:03:57 +0900] "GET /hotel_prj/static/home/css/ko/pc/contents.css HTTP/1.1" 200 192611
0:0:0:0:0:0:0:1 - - [13/Jun/2024:14:03:57 +0900] "GET /revolution/js/bw.lab.alphanumeric-1.0.js HTTP/1.1" 404 855
0:0:0:0:0:0:0:1 - - [13/Jun/2024:14:03:57 +0900] "GET /util/file/download.do?fileSn=263788&subFileSn=264355&sysCode=TWC HTTP/1.1" 404 836
0:0:0:0:0:0:0:1 - - [13/Jun/2024:14:03:57 +0900] "GET /revolution/js/bw.lab.money-1.0.js HTTP/1.1" 404 848
0:0:0:0:0:0:0:1 - - [13/Jun/2024:14:03:57 +0900] "GET /hotel_prj/static/home/images/ko/pc/common/bg_logo_header.png HTTP/1.1" 200 9855
0:0:0:0:0:0:0:1 - - [13/Jun/2024:14:03:57 +0900] "GET /hotel_prj/static/home/images/ko/pc/common/btn_swipe_40x40.png HTTP/1.1" 404 896
0:0:0:0:0:0:0:1 - - [13/Jun/2024:14:03:57 +0900] "GET /hotel_prj/static/home/images/ko/pc/common/logo_josunpalace.png HTTP/1.1" 200 1078
0:0:0:0:0:0:0:1 - - [13/Jun/2024:14:03:57 +0900] "GET /hotel_prj/static/home/images/ko/pc/common/logo_wchosunseoul.png HTTP/1.1" 200 2897
0:0:0:0:0:0:0:1 - - [13/Jun/2024:14:03:57 +0900] "GET /hotel_prj/static/home/images/ko/pc/common/logo_grandjosun.png HTTP/1.1" 200 2309
0:0:0:0:0:0:0:1 - - [13/Jun/2024:14:03:57 +0900] "GET /hotel_prj/static/home/images/ko/pc/common/logo_grandjosun02.png HTTP/1.1" 200 1293
0:0:0:0:0:0:0:1 - - [13/Jun/2024:14:03:57 +0900] "GET /hotel_prj/static/home/images/ko/pc/common/logo_lescape.png HTTP/1.1" 200 1920
0:0:0:0:0:0:0:1 - - [13/Jun/2024:14:03:57 +0900] "GET /hotel_prj/static/home/images/ko/pc/common/logo_fourpoints02.png HTTP/1.1" 200 3430
0:0:0:0:0:0:0:1 - - [13/Jun/2024:14:03:57 +0900] "GET /hotel_prj/static/home/images/ko/pc/common/logo_gravity.png HTTP/1.1" 200 1982
0:0:0:0:0:0:0:1 - - [13/Jun/2024:14:03:57 +0900] "GET /hotel_prj/static/home/images/ko/pc/common/logo_fourpoints.png HTTP/1.1" 200 3227
0:0:0:0:0:0:0:1 - - [13/Jun/2024:14:03:57 +0900] "GET /hotel_prj/static/home/images/ko/pc/common/logo_wchosunbusan.png HTTP/1.1" 200 2924
0:0:0:0:0:0:0:1 - - [13/Jun/2024:14:03:57 +0900] "GET /hotel_prj/static/home/images/ko/pc/common/spr_form.png HTTP/1.1" 304 -
0:0:0:0:0:0:0:1 - - [13/Jun/2024:14:31:24 +0900] "GET /hotel_prj/test_view/views/user/resve/dining/step0.jsp HTTP/1.1" 200 34679
0:0:0:0:0:0:0:1 - - [13/Jun/2024:14:31:24 +0900] "GET /revolution/js/bw.lab.alphanumeric-1.0.js HTTP/1.1" 404 855
0:0:0:0:0:0:0:1 - - [13/Jun/2024:14:31:24 +0900] "GET /util/file/download.do?fileSn=263788&subFileSn=264355&sysCode=TWC HTTP/1.1" 404 836
0:0:0:0:0:0:0:1 - - [13/Jun/2024:14:31:24 +0900] "GET /hotel_prj/static/home/css/ko/pc/contents.css HTTP/1.1" 200 192611
0:0:0:0:0:0:0:1 - - [13/Jun/2024:14:31:24 +0900] "GET /revolution/js/bw.lab.money-1.0.js HTTP/1.1" 404 848
0:0:0:0:0:0:0:1 - - [13/Jun/2024:14:31:24 +0900] "GET /hotel_prj/static/home/images/ko/pc/common/btn_swipe_40x40.png HTTP/1.1" 404 896
0:0:0:0:0:0:0:1 - - [13/Jun/2024:14:31:24 +0900] "GET /hotel_prj/static/home/images/ko/pc/common/favicon.ico HTTP/1.1" 304 -
0:0:0:0:0:0:0:1 - - [13/Jun/2024:14:31:24 +0900] "GET /hotel_prj/test_view/views/user/resve/dining/step0.jsp HTTP/1.1" 200 34679
0:0:0:0:0:0:0:1 - - [13/Jun/2024:14:31:24 +0900] "GET /revolution/js/bw.lab.alphanumeric-1.0.js HTTP/1.1" 404 855
0:0:0:0:0:0:0:1 - - [13/Jun/2024:14:31:24 +0900] "GET /util/file/download.do?fileSn=263788&subFileSn=264355&sysCode=TWC HTTP/1.1" 404 836
0:0:0:0:0:0:0:1 - - [13/Jun/2024:14:31:24 +0900] "GET /revolution/js/bw.lab.money-1.0.js HTTP/1.1" 404 848
0:0:0:0:0:0:0:1 - - [13/Jun/2024:14:31:24 +0900] "GET /hotel_prj/static/home/images/ko/pc/common/btn_swipe_40x40.png HTTP/1.1" 404 896
0:0:0:0:0:0:0:1 - - [13/Jun/2024:14:31:24 +0900] "GET /hotel_prj/test_view/views/user/resve/dining/step0.jsp HTTP/1.1" 200 34679
0:0:0:0:0:0:0:1 - - [13/Jun/2024:14:31:24 +0900] "GET /revolution/js/bw.lab.alphanumeric-1.0.js HTTP/1.1" 404 855
0:0:0:0:0:0:0:1 - - [13/Jun/2024:14:31:24 +0900] "GET /util/file/download.do?fileSn=263788&subFileSn=264355&sysCode=TWC HTTP/1.1" 404 836
0:0:0:0:0:0:0:1 - - [13/Jun/2024:14:31:24 +0900] "GET /revolution/js/bw.lab.money-1.0.js HTTP/1.1" 404 848
0:0:0:0:0:0:0:1 - - [13/Jun/2024:14:31:24 +0900] "GET /hotel_prj/static/home/images/ko/pc/common/btn_swipe_40x40.png HTTP/1.1" 404 896
0:0:0:0:0:0:0:1 - - [13/Jun/2024:14:31:24 +0900] "GET /hotel_prj/test_view/views/user/resve/dining/step0.jsp HTTP/1.1" 200 34679
0:0:0:0:0:0:0:1 - - [13/Jun/2024:14:31:24 +0900] "GET /revolution/js/bw.lab.alphanumeric-1.0.js HTTP/1.1" 404 855
0:0:0:0:0:0:0:1 - - [13/Jun/2024:14:31:24 +0900] "GET /util/file/download.do?fileSn=263788&subFileSn=264355&sysCode=TWC HTTP/1.1" 404 836
0:0:0:0:0:0:0:1 - - [13/Jun/2024:14:31:24 +0900] "GET /revolution/js/bw.lab.money-1.0.js HTTP/1.1" 404 848
0:0:0:0:0:0:0:1 - - [13/Jun/2024:14:31:24 +0900] "GET /hotel_prj/static/home/images/ko/pc/common/btn_swipe_40x40.png HTTP/1.1" 404 896
0:0:0:0:0:0:0:1 - - [13/Jun/2024:14:31:24 +0900] "GET /hotel_prj/test_view/views/user/resve/dining/step0.jsp HTTP/1.1" 200 34679
0:0:0:0:0:0:0:1 - - [13/Jun/2024:14:31:24 +0900] "GET /revolution/js/bw.lab.alphanumeric-1.0.js HTTP/1.1" 404 855
0:0:0:0:0:0:0:1 - - [13/Jun/2024:14:31:24 +0900] "GET /util/file/download.do?fileSn=263788&subFileSn=264355&sysCode=TWC HTTP/1.1" 404 836
0:0:0:0:0:0:0:1 - - [13/Jun/2024:14:31:25 +0900] "GET /revolution/js/bw.lab.money-1.0.js HTTP/1.1" 404 848
0:0:0:0:0:0:0:1 - - [13/Jun/2024:14:31:25 +0900] "GET /hotel_prj/static/home/images/ko/pc/common/btn_swipe_40x40.png HTTP/1.1" 404 896
0:0:0:0:0:0:0:1 - - [13/Jun/2024:14:31:25 +0900] "GET /hotel_prj/test_view/views/user/resve/dining/step0.jsp HTTP/1.1" 200 34679
0:0:0:0:0:0:0:1 - - [13/Jun/2024:14:31:25 +0900] "GET /util/file/download.do?fileSn=263788&subFileSn=264355&sysCode=TWC HTTP/1.1" 404 836
0:0:0:0:0:0:0:1 - - [13/Jun/2024:14:31:25 +0900] "GET /revolution/js/bw.lab.alphanumeric-1.0.js HTTP/1.1" 404 855
0:0:0:0:0:0:0:1 - - [13/Jun/2024:14:31:25 +0900] "GET /revolution/js/bw.lab.money-1.0.js HTTP/1.1" 404 848
0:0:0:0:0:0:0:1 - - [13/Jun/2024:14:31:25 +0900] "GET /hotel_prj/static/home/images/ko/pc/common/btn_swipe_40x40.png HTTP/1.1" 404 896
0:0:0:0:0:0:0:1 - - [13/Jun/2024:14:31:25 +0900] "GET /hotel_prj/test_view/views/user/resve/dining/step0.jsp HTTP/1.1" 200 34679
0:0:0:0:0:0:0:1 - - [13/Jun/2024:14:31:25 +0900] "GET /revolution/js/bw.lab.alphanumeric-1.0.js HTTP/1.1" 404 855
0:0:0:0:0:0:0:1 - - [13/Jun/2024:14:31:25 +0900] "GET /util/file/download.do?fileSn=263788&subFileSn=264355&sysCode=TWC HTTP/1.1" 404 836
0:0:0:0:0:0:0:1 - - [13/Jun/2024:14:31:25 +0900] "GET /revolution/js/bw.lab.money-1.0.js HTTP/1.1" 404 848
0:0:0:0:0:0:0:1 - - [13/Jun/2024:14:31:25 +0900] "GET /hotel_prj/static/home/images/ko/pc/common/btn_swipe_40x40.png HTTP/1.1" 404 896
0:0:0:0:0:0:0:1 - - [13/Jun/2024:14:31:25 +0900] "GET /hotel_prj/test_view/views/user/resve/dining/step0.jsp HTTP/1.1" 200 34679
0:0:0:0:0:0:0:1 - - [13/Jun/2024:14:31:25 +0900] "GET /revolution/js/bw.lab.alphanumeric-1.0.js HTTP/1.1" 404 855
0:0:0:0:0:0:0:1 - - [13/Jun/2024:14:31:25 +0900] "GET /util/file/download.do?fileSn=263788&subFileSn=264355&sysCode=TWC HTTP/1.1" 404 836
0:0:0:0:0:0:0:1 - - [13/Jun/2024:14:31:25 +0900] "GET /revolution/js/bw.lab.money-1.0.js HTTP/1.1" 404 848
0:0:0:0:0:0:0:1 - - [13/Jun/2024:14:31:25 +0900] "GET /hotel_prj/static/home/images/ko/pc/common/btn_swipe_40x40.png HTTP/1.1" 404 896
0:0:0:0:0:0:0:1 - - [13/Jun/2024:14:31:25 +0900] "GET /hotel_prj/test_view/views/user/resve/dining/step0.jsp HTTP/1.1" 200 34679
0:0:0:0:0:0:0:1 - - [13/Jun/2024:14:31:25 +0900] "GET /util/file/download.do?fileSn=263788&subFileSn=264355&sysCode=TWC HTTP/1.1" 404 836
0:0:0:0:0:0:0:1 - - [13/Jun/2024:14:31:25 +0900] "GET /revolution/js/bw.lab.alphanumeric-1.0.js HTTP/1.1" 404 855
0:0:0:0:0:0:0:1 - - [13/Jun/2024:14:31:25 +0900] "GET /revolution/js/bw.lab.money-1.0.js HTTP/1.1" 404 848
0:0:0:0:0:0:0:1 - - [13/Jun/2024:14:31:25 +0900] "GET /hotel_prj/static/home/images/ko/pc/common/btn_swipe_40x40.png HTTP/1.1" 404 896
0:0:0:0:0:0:0:1 - - [13/Jun/2024:14:31:25 +0900] "GET /hotel_prj/test_view/views/user/resve/dining/step0.jsp HTTP/1.1" 200 34679
0:0:0:0:0:0:0:1 - - [13/Jun/2024:14:31:25 +0900] "GET /revolution/js/bw.lab.alphanumeric-1.0.js HTTP/1.1" 404 855
0:0:0:0:0:0:0:1 - - [13/Jun/2024:14:31:25 +0900] "GET /util/file/download.do?fileSn=263788&subFileSn=264355&sysCode=TWC HTTP/1.1" 404 836
0:0:0:0:0:0:0:1 - - [13/Jun/2024:14:31:25 +0900] "GET /revolution/js/bw.lab.money-1.0.js HTTP/1.1" 404 848
0:0:0:0:0:0:0:1 - - [13/Jun/2024:14:31:25 +0900] "GET /hotel_prj/static/home/images/ko/pc/common/btn_swipe_40x40.png HTTP/1.1" 404 896
0:0:0:0:0:0:0:1 - - [13/Jun/2024:14:31:26 +0900] "GET /hotel_prj/test_view/views/user/resve/dining/step0.jsp HTTP/1.1" 200 34679
0:0:0:0:0:0:0:1 - - [13/Jun/2024:14:31:26 +0900] "GET /util/file/download.do?fileSn=263788&subFileSn=264355&sysCode=TWC HTTP/1.1" 404 836
0:0:0:0:0:0:0:1 - - [13/Jun/2024:14:31:26 +0900] "GET /revolution/js/bw.lab.alphanumeric-1.0.js HTTP/1.1" 404 855
0:0:0:0:0:0:0:1 - - [13/Jun/2024:14:31:26 +0900] "GET /revolution/js/bw.lab.money-1.0.js HTTP/1.1" 404 848
0:0:0:0:0:0:0:1 - - [13/Jun/2024:14:31:26 +0900] "GET /hotel_prj/static/home/images/ko/pc/common/btn_swipe_40x40.png HTTP/1.1" 404 896
0:0:0:0:0:0:0:1 - - [13/Jun/2024:14:31:26 +0900] "GET /hotel_prj/test_view/views/user/resve/dining/step0.jsp HTTP/1.1" 200 34679
0:0:0:0:0:0:0:1 - - [13/Jun/2024:14:31:26 +0900] "GET /revolution/js/bw.lab.alphanumeric-1.0.js HTTP/1.1" 404 855
0:0:0:0:0:0:0:1 - - [13/Jun/2024:14:31:26 +0900] "GET /util/file/download.do?fileSn=263788&subFileSn=264355&sysCode=TWC HTTP/1.1" 404 836
0:0:0:0:0:0:0:1 - - [13/Jun/2024:14:31:26 +0900] "GET /revolution/js/bw.lab.money-1.0.js HTTP/1.1" 404 848
0:0:0:0:0:0:0:1 - - [13/Jun/2024:14:31:26 +0900] "GET /hotel_prj/static/home/images/ko/pc/common/btn_swipe_40x40.png HTTP/1.1" 404 896
0:0:0:0:0:0:0:1 - - [13/Jun/2024:14:31:26 +0900] "GET /hotel_prj/test_view/views/user/resve/dining/step0.jsp HTTP/1.1" 200 34679
0:0:0:0:0:0:0:1 - - [13/Jun/2024:14:31:26 +0900] "GET /util/file/download.do?fileSn=263788&subFileSn=264355&sysCode=TWC HTTP/1.1" 404 836
0:0:0:0:0:0:0:1 - - [13/Jun/2024:14:31:26 +0900] "GET /revolution/js/bw.lab.alphanumeric-1.0.js HTTP/1.1" 404 855
0:0:0:0:0:0:0:1 - - [13/Jun/2024:14:31:26 +0900] "GET /revolution/js/bw.lab.money-1.0.js HTTP/1.1" 404 848
0:0:0:0:0:0:0:1 - - [13/Jun/2024:14:31:26 +0900] "GET /hotel_prj/static/home/images/ko/pc/common/btn_swipe_40x40.png HTTP/1.1" 404 896
0:0:0:0:0:0:0:1 - - [13/Jun/2024:14:31:26 +0900] "GET /hotel_prj/test_view/views/user/resve/dining/step0.jsp HTTP/1.1" 200 34679
0:0:0:0:0:0:0:1 - - [13/Jun/2024:14:31:26 +0900] "GET /revolution/js/bw.lab.alphanumeric-1.0.js HTTP/1.1" 404 855
0:0:0:0:0:0:0:1 - - [13/Jun/2024:14:31:26 +0900] "GET /util/file/download.do?fileSn=263788&subFileSn=264355&sysCode=TWC HTTP/1.1" 404 836
0:0:0:0:0:0:0:1 - - [13/Jun/2024:14:31:26 +0900] "GET /revolution/js/bw.lab.money-1.0.js HTTP/1.1" 404 848
0:0:0:0:0:0:0:1 - - [13/Jun/2024:14:31:26 +0900] "GET /hotel_prj/static/home/images/ko/pc/common/btn_swipe_40x40.png HTTP/1.1" 404 896
0:0:0:0:0:0:0:1 - - [13/Jun/2024:14:31:26 +0900] "GET /hotel_prj/test_view/views/user/resve/dining/step0.jsp HTTP/1.1" 200 34679
0:0:0:0:0:0:0:1 - - [13/Jun/2024:14:31:26 +0900] "GET /revolution/js/bw.lab.alphanumeric-1.0.js HTTP/1.1" 404 855
0:0:0:0:0:0:0:1 - - [13/Jun/2024:14:31:26 +0900] "GET /util/file/download.do?fileSn=263788&subFileSn=264355&sysCode=TWC HTTP/1.1" 404 836
0:0:0:0:0:0:0:1 - - [13/Jun/2024:14:31:26 +0900] "GET /revolution/js/bw.lab.money-1.0.js HTTP/1.1" 404 848
0:0:0:0:0:0:0:1 - - [13/Jun/2024:14:31:26 +0900] "GET /hotel_prj/static/home/images/ko/pc/common/btn_swipe_40x40.png HTTP/1.1" 404 896
0:0:0:0:0:0:0:1 - - [13/Jun/2024:14:31:26 +0900] "GET /hotel_prj/test_view/views/user/resve/dining/step0.jsp HTTP/1.1" 200 34679
0:0:0:0:0:0:0:1 - - [13/Jun/2024:14:31:26 +0900] "GET /revolution/js/bw.lab.alphanumeric-1.0.js HTTP/1.1" 404 855
0:0:0:0:0:0:0:1 - - [13/Jun/2024:14:31:26 +0900] "GET /util/file/download.do?fileSn=263788&subFileSn=264355&sysCode=TWC HTTP/1.1" 404 836
0:0:0:0:0:0:0:1 - - [13/Jun/2024:14:31:26 +0900] "GET /revolution/js/bw.lab.money-1.0.js HTTP/1.1" 404 848
0:0:0:0:0:0:0:1 - - [13/Jun/2024:14:31:26 +0900] "GET /hotel_prj/static/home/images/ko/pc/common/btn_swipe_40x40.png HTTP/1.1" 404 896
0:0:0:0:0:0:0:1 - - [13/Jun/2024:14:31:27 +0900] "GET /hotel_prj/test_view/views/user/resve/dining/step0.jsp HTTP/1.1" 200 34679
0:0:0:0:0:0:0:1 - - [13/Jun/2024:14:31:27 +0900] "GET /util/file/download.do?fileSn=263788&subFileSn=264355&sysCode=TWC HTTP/1.1" 404 836
0:0:0:0:0:0:0:1 - - [13/Jun/2024:14:31:27 +0900] "GET /revolution/js/bw.lab.alphanumeric-1.0.js HTTP/1.1" 404 855
0:0:0:0:0:0:0:1 - - [13/Jun/2024:14:31:27 +0900] "GET /revolution/js/bw.lab.money-1.0.js HTTP/1.1" 404 848
0:0:0:0:0:0:0:1 - - [13/Jun/2024:14:31:27 +0900] "GET /hotel_prj/static/home/images/ko/pc/common/btn_swipe_40x40.png HTTP/1.1" 404 896
0:0:0:0:0:0:0:1 - - [13/Jun/2024:14:31:29 +0900] "GET /hotel_prj/test_view/views/user/resve/dining/step0.jsp HTTP/1.1" 200 34679
0:0:0:0:0:0:0:1 - - [13/Jun/2024:14:31:29 +0900] "GET /hotel_prj/static/home/bluewaves/css/pc/contents.css HTTP/1.1" 200 2243
0:0:0:0:0:0:0:1 - - [13/Jun/2024:14:31:29 +0900] "GET /hotel_prj/static/home/css/ko/pc/common_josunhotel.css HTTP/1.1" 200 21108
0:0:0:0:0:0:0:1 - - [13/Jun/2024:14:31:29 +0900] "GET /hotel_prj/static/home/css/ko/pc/contents.css HTTP/1.1" 200 192611
0:0:0:0:0:0:0:1 - - [13/Jun/2024:14:31:29 +0900] "GET /hotel_prj/static/home/css/ko/pc/swiper.css HTTP/1.1" 200 19232
0:0:0:0:0:0:0:1 - - [13/Jun/2024:14:31:29 +0900] "GET /hotel_prj/static/home/js/ko/pc/jquery-3.4.1.min.js HTTP/1.1" 200 166143
0:0:0:0:0:0:0:1 - - [13/Jun/2024:14:31:29 +0900] "GET /hotel_prj/static/home/js/ko/pc/pubCommon_josunhotel.js HTTP/1.1" 200 10644
0:0:0:0:0:0:0:1 - - [13/Jun/2024:14:31:29 +0900] "GET /hotel_prj/static/home/js/ko/pc/pubPlugin.js HTTP/1.1" 200 821342
0:0:0:0:0:0:0:1 - - [13/Jun/2024:14:31:29 +0900] "GET /hotel_prj/static/home/js/ko/pc/selectbox.js HTTP/1.1" 200 28138
0:0:0:0:0:0:0:1 - - [13/Jun/2024:14:31:29 +0900] "GET /hotel_prj/static/home/js/ko/pc/pubCommon_contents.js HTTP/1.1" 200 149940
0:0:0:0:0:0:0:1 - - [13/Jun/2024:14:31:29 +0900] "GET /hotel_prj/static/home/js/home.js HTTP/1.1" 200 19826
0:0:0:0:0:0:0:1 - - [13/Jun/2024:14:31:29 +0900] "GET /hotel_prj/static/home/js/ko/pc/swiper.min.js HTTP/1.1" 200 249230
0:0:0:0:0:0:0:1 - - [13/Jun/2024:14:31:29 +0900] "GET /hotel_prj/static/home/bluewaves/js/pc/bw_contents.js HTTP/1.1" 200 1546
0:0:0:0:0:0:0:1 - - [13/Jun/2024:14:31:29 +0900] "GET /hotel_prj/static/home/css/ko/pc/common_new.css HTTP/1.1" 200 59235
0:0:0:0:0:0:0:1 - - [13/Jun/2024:14:31:29 +0900] "GET /util/file/download.do?fileSn=263788&subFileSn=264355&sysCode=TWC HTTP/1.1" 404 836
0:0:0:0:0:0:0:1 - - [13/Jun/2024:14:31:29 +0900] "GET /revolution/js/bw.lab.alphanumeric-1.0.js HTTP/1.1" 404 855
0:0:0:0:0:0:0:1 - - [13/Jun/2024:14:31:29 +0900] "GET /revolution/js/bw.lab.money-1.0.js HTTP/1.1" 404 848
0:0:0:0:0:0:0:1 - - [13/Jun/2024:14:31:29 +0900] "GET /hotel_prj/static/home/images/ko/pc/common/btn_swipe_40x40.png HTTP/1.1" 404 896
0:0:0:0:0:0:0:1 - - [13/Jun/2024:14:31:29 +0900] "GET /hotel_prj/static/home/font/gotham-medium.woff HTTP/1.1" 200 79406
0:0:0:0:0:0:0:1 - - [13/Jun/2024:14:31:29 +0900] "GET /hotel_prj/static/home/font/gotham-light.woff HTTP/1.1" 200 15252
0:0:0:0:0:0:0:1 - - [13/Jun/2024:14:31:29 +0900] "GET /hotel_prj/static/home/images/ko/pc/common/bg_logo_header.png HTTP/1.1" 200 9855
0:0:0:0:0:0:0:1 - - [13/Jun/2024:14:31:29 +0900] "GET /hotel_prj/static/home/images/ko/pc/common/logo_wchosunseoul.png HTTP/1.1" 200 2897
0:0:0:0:0:0:0:1 - - [13/Jun/2024:14:31:29 +0900] "GET /hotel_prj/static/home/images/ko/pc/common/btn_menu.png HTTP/1.1" 200 1033
0:0:0:0:0:0:0:1 - - [13/Jun/2024:14:31:29 +0900] "GET /hotel_prj/static/home/images/ko/pc/common/logo_josunpalace.png HTTP/1.1" 200 1078
0:0:0:0:0:0:0:1 - - [13/Jun/2024:14:31:29 +0900] "GET /hotel_prj/static/home/font/notokr-light.woff HTTP/1.1" 200 1227596
0:0:0:0:0:0:0:1 - - [13/Jun/2024:14:31:29 +0900] "GET /hotel_prj/static/home/images/ko/pc/common/logo_grandjosun.png HTTP/1.1" 200 2309
0:0:0:0:0:0:0:1 - - [13/Jun/2024:14:31:29 +0900] "GET /hotel_prj/static/home/images/ko/pc/common/logo_wchosunbusan.png HTTP/1.1" 200 2924
0:0:0:0:0:0:0:1 - - [13/Jun/2024:14:31:29 +0900] "GET /hotel_prj/static/home/font/PlayfairDisplaySC-Regular.woff HTTP/1.1" 200 97584
0:0:0:0:0:0:0:1 - - [13/Jun/2024:14:31:29 +0900] "GET /hotel_prj/static/home/font/gotham-book.woff HTTP/1.1" 200 22836
0:0:0:0:0:0:0:1 - - [13/Jun/2024:14:31:29 +0900] "GET /hotel_prj/static/home/images/ko/pc/common/logo_grandjosun02.png HTTP/1.1" 200 1293
0:0:0:0:0:0:0:1 - - [13/Jun/2024:14:31:29 +0900] "GET /hotel_prj/static/home/images/ko/pc/common/logo_gravity.png HTTP/1.1" 200 1982
0:0:0:0:0:0:0:1 - - [13/Jun/2024:14:31:29 +0900] "GET /hotel_prj/static/home/images/ko/pc/common/logo_lescape.png HTTP/1.1" 200 1920
0:0:0:0:0:0:0:1 - - [13/Jun/2024:14:31:29 +0900] "GET /hotel_prj/static/home/images/ko/pc/common/logo_fourpoints02.png HTTP/1.1" 200 3430
0:0:0:0:0:0:0:1 - - [13/Jun/2024:14:31:29 +0900] "GET /hotel_prj/static/home/images/ko/pc/common/logo_fourpoints.png HTTP/1.1" 200 3227
0:0:0:0:0:0:0:1 - - [13/Jun/2024:14:31:29 +0900] "GET /hotel_prj/static/home/images/ko/pc/common/bg_logo_footer.png HTTP/1.1" 200 28262
0:0:0:0:0:0:0:1 - - [13/Jun/2024:14:31:29 +0900] "GET /hotel_prj/static/home/images/ko/pc/common/favicon.ico HTTP/1.1" 200 15406
0:0:0:0:0:0:0:1 - - [13/Jun/2024:14:31:51 +0900] "GET /hotel_prj/test_view/views/user/resve/dining/step0.jsp HTTP/1.1" 200 34641
0:0:0:0:0:0:0:1 - - [13/Jun/2024:14:31:51 +0900] "GET /util/file/download.do?fileSn=263788&subFileSn=264355&sysCode=TWC HTTP/1.1" 404 836
0:0:0:0:0:0:0:1 - - [13/Jun/2024:14:31:51 +0900] "GET /revolution/js/bw.lab.alphanumeric-1.0.js HTTP/1.1" 404 855
0:0:0:0:0:0:0:1 - - [13/Jun/2024:14:31:51 +0900] "GET /revolution/js/bw.lab.money-1.0.js HTTP/1.1" 404 848
0:0:0:0:0:0:0:1 - - [13/Jun/2024:14:31:51 +0900] "GET /hotel_prj/static/home/images/ko/pc/common/btn_swipe_40x40.png HTTP/1.1" 404 896
0:0:0:0:0:0:0:1 - - [13/Jun/2024:14:32:27 +0900] "GET /hotel_prj/test_view/views/user/resve/dining/step0.jsp HTTP/1.1" 200 34641
0:0:0:0:0:0:0:1 - - [13/Jun/2024:14:32:27 +0900] "GET /revolution/js/bw.lab.alphanumeric-1.0.js HTTP/1.1" 404 855
0:0:0:0:0:0:0:1 - - [13/Jun/2024:14:32:27 +0900] "GET /util/file/download.do?fileSn=263788&subFileSn=264355&sysCode=TWC HTTP/1.1" 404 836
0:0:0:0:0:0:0:1 - - [13/Jun/2024:14:32:27 +0900] "GET /revolution/js/bw.lab.money-1.0.js HTTP/1.1" 404 848
0:0:0:0:0:0:0:1 - - [13/Jun/2024:14:32:27 +0900] "GET /hotel_prj/static/home/images/ko/pc/common/btn_swipe_40x40.png HTTP/1.1" 404 896
0:0:0:0:0:0:0:1 - - [13/Jun/2024:14:32:27 +0900] "GET /hotel_prj/test_view/views/user/resve/dining/step0.jsp HTTP/1.1" 200 34641
0:0:0:0:0:0:0:1 - - [13/Jun/2024:14:32:27 +0900] "GET /revolution/js/bw.lab.alphanumeric-1.0.js HTTP/1.1" 404 855
0:0:0:0:0:0:0:1 - - [13/Jun/2024:14:32:27 +0900] "GET /util/file/download.do?fileSn=263788&subFileSn=264355&sysCode=TWC HTTP/1.1" 404 836
0:0:0:0:0:0:0:1 - - [13/Jun/2024:14:32:27 +0900] "GET /revolution/js/bw.lab.money-1.0.js HTTP/1.1" 404 848
0:0:0:0:0:0:0:1 - - [13/Jun/2024:14:32:27 +0900] "GET /hotel_prj/static/home/images/ko/pc/common/btn_swipe_40x40.png HTTP/1.1" 404 896
0:0:0:0:0:0:0:1 - - [13/Jun/2024:14:32:28 +0900] "GET /hotel_prj/test_view/views/user/resve/dining/step0.jsp HTTP/1.1" 200 34641
0:0:0:0:0:0:0:1 - - [13/Jun/2024:14:32:28 +0900] "GET /util/file/download.do?fileSn=263788&subFileSn=264355&sysCode=TWC HTTP/1.1" 404 836
0:0:0:0:0:0:0:1 - - [13/Jun/2024:14:32:28 +0900] "GET /revolution/js/bw.lab.alphanumeric-1.0.js HTTP/1.1" 404 855
0:0:0:0:0:0:0:1 - - [13/Jun/2024:14:32:28 +0900] "GET /revolution/js/bw.lab.money-1.0.js HTTP/1.1" 404 848
0:0:0:0:0:0:0:1 - - [13/Jun/2024:14:32:28 +0900] "GET /hotel_prj/static/home/images/ko/pc/common/btn_swipe_40x40.png HTTP/1.1" 404 896
0:0:0:0:0:0:0:1 - - [13/Jun/2024:14:32:32 +0900] "GET /hotel_prj/test_view/views/user/resve/dining/step0.jsp HTTP/1.1" 200 34641
0:0:0:0:0:0:0:1 - - [13/Jun/2024:14:32:32 +0900] "GET /revolution/js/bw.lab.alphanumeric-1.0.js HTTP/1.1" 404 855
0:0:0:0:0:0:0:1 - - [13/Jun/2024:14:32:32 +0900] "GET /util/file/download.do?fileSn=263788&subFileSn=264355&sysCode=TWC HTTP/1.1" 404 836
0:0:0:0:0:0:0:1 - - [13/Jun/2024:14:32:32 +0900] "GET /revolution/js/bw.lab.money-1.0.js HTTP/1.1" 404 848
0:0:0:0:0:0:0:1 - - [13/Jun/2024:14:32:32 +0900] "GET /hotel_prj/static/home/images/ko/pc/common/btn_swipe_40x40.png HTTP/1.1" 404 896
0:0:0:0:0:0:0:1 - - [13/Jun/2024:14:32:32 +0900] "GET /hotel_prj/test_view/views/user/resve/dining/step0.jsp HTTP/1.1" 200 34641
0:0:0:0:0:0:0:1 - - [13/Jun/2024:14:32:32 +0900] "GET /util/file/download.do?fileSn=263788&subFileSn=264355&sysCode=TWC HTTP/1.1" 404 836
0:0:0:0:0:0:0:1 - - [13/Jun/2024:14:32:32 +0900] "GET /revolution/js/bw.lab.alphanumeric-1.0.js HTTP/1.1" 404 855
0:0:0:0:0:0:0:1 - - [13/Jun/2024:14:32:32 +0900] "GET /revolution/js/bw.lab.money-1.0.js HTTP/1.1" 404 848
0:0:0:0:0:0:0:1 - - [13/Jun/2024:14:32:32 +0900] "GET /hotel_prj/static/home/images/ko/pc/common/btn_swipe_40x40.png HTTP/1.1" 404 896
0:0:0:0:0:0:0:1 - - [13/Jun/2024:14:32:32 +0900] "GET /hotel_prj/test_view/views/user/resve/dining/step0.jsp HTTP/1.1" 200 34641
0:0:0:0:0:0:0:1 - - [13/Jun/2024:14:32:32 +0900] "GET /util/file/download.do?fileSn=263788&subFileSn=264355&sysCode=TWC HTTP/1.1" 404 836
0:0:0:0:0:0:0:1 - - [13/Jun/2024:14:32:32 +0900] "GET /revolution/js/bw.lab.alphanumeric-1.0.js HTTP/1.1" 404 855
0:0:0:0:0:0:0:1 - - [13/Jun/2024:14:32:32 +0900] "GET /revolution/js/bw.lab.money-1.0.js HTTP/1.1" 404 848
0:0:0:0:0:0:0:1 - - [13/Jun/2024:14:32:32 +0900] "GET /hotel_prj/static/home/images/ko/pc/common/btn_swipe_40x40.png HTTP/1.1" 404 896
0:0:0:0:0:0:0:1 - - [13/Jun/2024:14:32:37 +0900] "GET /hotel_prj/test_view/views/user/resve/dining/step0.jsp HTTP/1.1" 200 34460
0:0:0:0:0:0:0:1 - - [13/Jun/2024:14:32:37 +0900] "GET /revolution/js/bw.lab.alphanumeric-1.0.js HTTP/1.1" 404 855
0:0:0:0:0:0:0:1 - - [13/Jun/2024:14:32:37 +0900] "GET /util/file/download.do?fileSn=263788&subFileSn=264355&sysCode=TWC HTTP/1.1" 404 836
0:0:0:0:0:0:0:1 - - [13/Jun/2024:14:32:37 +0900] "GET /revolution/js/bw.lab.money-1.0.js HTTP/1.1" 404 848
0:0:0:0:0:0:0:1 - - [13/Jun/2024:14:32:37 +0900] "GET /hotel_prj/static/home/images/ko/pc/common/btn_swipe_40x40.png HTTP/1.1" 404 896
0:0:0:0:0:0:0:1 - - [13/Jun/2024:14:35:22 +0900] "GET /hotel_prj/util/dining_img/%EB%9D%BC%EC%84%B8%EB%8A%90.png HTTP/1.1" 200 107539
0:0:0:0:0:0:0:1 - - [13/Jun/2024:14:35:22 +0900] "GET /favicon.ico HTTP/1.1" 404 818
0:0:0:0:0:0:0:1 - - [13/Jun/2024:14:35:30 +0900] "GET /hotel_prj/util/dining_img/%EB%9D%BC%EC%84%B8%EB%8A%90.png HTTP/1.1" 304 -
0:0:0:0:0:0:0:1 - - [13/Jun/2024:14:35:50 +0900] "GET /hotel_prj/test_view/views/user/resve/dining/step0.jsp HTTP/1.1" 200 34469
0:0:0:0:0:0:0:1 - - [13/Jun/2024:14:35:50 +0900] "GET /revolution/js/bw.lab.alphanumeric-1.0.js HTTP/1.1" 404 855
0:0:0:0:0:0:0:1 - - [13/Jun/2024:14:35:50 +0900] "GET /hotel_prj/util/dining_img/%EB%9D%BC%EC%84%B8%EB%8A%90.png HTTP/1.1" 304 -
0:0:0:0:0:0:0:1 - - [13/Jun/2024:14:35:50 +0900] "GET /revolution/js/bw.lab.money-1.0.js HTTP/1.1" 404 848
0:0:0:0:0:0:0:1 - - [13/Jun/2024:14:35:50 +0900] "GET /hotel_prj/static/home/images/ko/pc/common/btn_swipe_40x40.png HTTP/1.1" 404 896
0:0:0:0:0:0:0:1 - - [13/Jun/2024:14:36:13 +0900] "GET /hotel_prj/util/dining_img/%EB%9D%BC%EC%84%B8%EB%8A%90.png HTTP/1.1" 304 -
0:0:0:0:0:0:0:1 - - [13/Jun/2024:14:36:16 +0900] "GET /hotel_prj/test_view/views/user/resve/dining/step0.jsp HTTP/1.1" 200 34451
0:0:0:0:0:0:0:1 - - [13/Jun/2024:14:36:16 +0900] "GET /hotel_prj/util/dining_img/%EB%9D%BC%EC%84%B8%EB%8A%90.png HTTP/1.1" 304 -
0:0:0:0:0:0:0:1 - - [13/Jun/2024:14:36:16 +0900] "GET /revolution/js/bw.lab.alphanumeric-1.0.js HTTP/1.1" 404 855
0:0:0:0:0:0:0:1 - - [13/Jun/2024:14:36:16 +0900] "GET /revolution/js/bw.lab.money-1.0.js HTTP/1.1" 404 848
0:0:0:0:0:0:0:1 - - [13/Jun/2024:14:36:16 +0900] "GET /hotel_prj/static/home/images/ko/pc/common/btn_swipe_40x40.png HTTP/1.1" 404 896
0:0:0:0:0:0:0:1 - - [13/Jun/2024:14:36:16 +0900] "GET /hotel_prj/test_view/views/user/resve/dining/step0.jsp HTTP/1.1" 200 34451
0:0:0:0:0:0:0:1 - - [13/Jun/2024:14:36:16 +0900] "GET /revolution/js/bw.lab.alphanumeric-1.0.js HTTP/1.1" 404 855
0:0:0:0:0:0:0:1 - - [13/Jun/2024:14:36:16 +0900] "GET /revolution/js/bw.lab.money-1.0.js HTTP/1.1" 404 848
0:0:0:0:0:0:0:1 - - [13/Jun/2024:14:36:16 +0900] "GET /hotel_prj/static/home/images/ko/pc/common/btn_swipe_40x40.png HTTP/1.1" 404 896
0:0:0:0:0:0:0:1 - - [13/Jun/2024:14:36:16 +0900] "GET /hotel_prj/test_view/views/user/resve/dining/step0.jsp HTTP/1.1" 200 34451
0:0:0:0:0:0:0:1 - - [13/Jun/2024:14:36:16 +0900] "GET /revolution/js/bw.lab.alphanumeric-1.0.js HTTP/1.1" 404 855
0:0:0:0:0:0:0:1 - - [13/Jun/2024:14:36:16 +0900] "GET /revolution/js/bw.lab.money-1.0.js HTTP/1.1" 404 848
0:0:0:0:0:0:0:1 - - [13/Jun/2024:14:36:16 +0900] "GET /hotel_prj/static/home/images/ko/pc/common/btn_swipe_40x40.png HTTP/1.1" 404 896
0:0:0:0:0:0:0:1 - - [13/Jun/2024:14:36:17 +0900] "GET /hotel_prj/test_view/views/user/resve/dining/step0.jsp HTTP/1.1" 200 34451
0:0:0:0:0:0:0:1 - - [13/Jun/2024:14:36:17 +0900] "GET /revolution/js/bw.lab.money-1.0.js HTTP/1.1" 404 848
0:0:0:0:0:0:0:1 - - [13/Jun/2024:14:36:17 +0900] "GET /revolution/js/bw.lab.alphanumeric-1.0.js HTTP/1.1" 404 855
0:0:0:0:0:0:0:1 - - [13/Jun/2024:14:36:17 +0900] "GET /hotel_prj/static/home/images/ko/pc/common/btn_swipe_40x40.png HTTP/1.1" 404 896
0:0:0:0:0:0:0:1 - - [13/Jun/2024:14:36:17 +0900] "GET /hotel_prj/test_view/views/user/resve/dining/step0.jsp HTTP/1.1" 200 34451
0:0:0:0:0:0:0:1 - - [13/Jun/2024:14:36:17 +0900] "GET /revolution/js/bw.lab.alphanumeric-1.0.js HTTP/1.1" 404 855
0:0:0:0:0:0:0:1 - - [13/Jun/2024:14:36:17 +0900] "GET /revolution/js/bw.lab.money-1.0.js HTTP/1.1" 404 848
0:0:0:0:0:0:0:1 - - [13/Jun/2024:14:36:17 +0900] "GET /hotel_prj/static/home/images/ko/pc/common/btn_swipe_40x40.png HTTP/1.1" 404 896
0:0:0:0:0:0:0:1 - - [13/Jun/2024:14:36:17 +0900] "GET /hotel_prj/test_view/views/user/resve/dining/step0.jsp HTTP/1.1" 200 34451
0:0:0:0:0:0:0:1 - - [13/Jun/2024:14:36:17 +0900] "GET /revolution/js/bw.lab.alphanumeric-1.0.js HTTP/1.1" 404 855
0:0:0:0:0:0:0:1 - - [13/Jun/2024:14:36:17 +0900] "GET /revolution/js/bw.lab.money-1.0.js HTTP/1.1" 404 848
0:0:0:0:0:0:0:1 - - [13/Jun/2024:14:36:17 +0900] "GET /hotel_prj/static/home/images/ko/pc/common/btn_swipe_40x40.png HTTP/1.1" 404 896
0:0:0:0:0:0:0:1 - - [13/Jun/2024:14:36:18 +0900] "GET /hotel_prj/test_view/views/user/resve/dining/step0.jsp HTTP/1.1" 200 34451
0:0:0:0:0:0:0:1 - - [13/Jun/2024:14:36:18 +0900] "GET /hotel_prj/static/home/css/ko/pc/common_josunhotel.css HTTP/1.1" 200 21108
0:0:0:0:0:0:0:1 - - [13/Jun/2024:14:36:18 +0900] "GET /hotel_prj/static/home/bluewaves/css/pc/contents.css HTTP/1.1" 200 2243
0:0:0:0:0:0:0:1 - - [13/Jun/2024:14:36:18 +0900] "GET /hotel_prj/static/home/css/ko/pc/contents.css HTTP/1.1" 200 192611
0:0:0:0:0:0:0:1 - - [13/Jun/2024:14:36:18 +0900] "GET /hotel_prj/static/home/css/ko/pc/swiper.css HTTP/1.1" 200 19232
0:0:0:0:0:0:0:1 - - [13/Jun/2024:14:36:18 +0900] "GET /hotel_prj/static/home/js/ko/pc/pubPlugin.js HTTP/1.1" 200 821342
0:0:0:0:0:0:0:1 - - [13/Jun/2024:14:36:18 +0900] "GET /hotel_prj/static/home/js/ko/pc/jquery-3.4.1.min.js HTTP/1.1" 200 166143
0:0:0:0:0:0:0:1 - - [13/Jun/2024:14:36:18 +0900] "GET /hotel_prj/static/home/js/ko/pc/pubCommon_contents.js HTTP/1.1" 200 149940
0:0:0:0:0:0:0:1 - - [13/Jun/2024:14:36:18 +0900] "GET /hotel_prj/static/home/js/ko/pc/selectbox.js HTTP/1.1" 200 28138
0:0:0:0:0:0:0:1 - - [13/Jun/2024:14:36:18 +0900] "GET /hotel_prj/static/home/js/ko/pc/pubCommon_josunhotel.js HTTP/1.1" 200 10644
0:0:0:0:0:0:0:1 - - [13/Jun/2024:14:36:18 +0900] "GET /hotel_prj/static/home/css/ko/pc/common_new.css HTTP/1.1" 200 59235
0:0:0:0:0:0:0:1 - - [13/Jun/2024:14:36:18 +0900] "GET /hotel_prj/static/home/js/ko/pc/swiper.min.js HTTP/1.1" 200 249230
0:0:0:0:0:0:0:1 - - [13/Jun/2024:14:36:18 +0900] "GET /hotel_prj/static/home/bluewaves/js/pc/bw_contents.js HTTP/1.1" 200 1546
0:0:0:0:0:0:0:1 - - [13/Jun/2024:14:36:18 +0900] "GET /hotel_prj/static/home/js/home.js HTTP/1.1" 200 19826
0:0:0:0:0:0:0:1 - - [13/Jun/2024:14:36:18 +0900] "GET /revolution/js/bw.lab.alphanumeric-1.0.js HTTP/1.1" 404 855
0:0:0:0:0:0:0:1 - - [13/Jun/2024:14:36:18 +0900] "GET /hotel_prj/util/dining_img/%EB%9D%BC%EC%84%B8%EB%8A%90.png HTTP/1.1" 200 107539
0:0:0:0:0:0:0:1 - - [13/Jun/2024:14:36:18 +0900] "GET /revolution/js/bw.lab.money-1.0.js HTTP/1.1" 404 848
0:0:0:0:0:0:0:1 - - [13/Jun/2024:14:36:18 +0900] "GET /hotel_prj/static/home/images/ko/pc/common/btn_swipe_40x40.png HTTP/1.1" 404 896
0:0:0:0:0:0:0:1 - - [13/Jun/2024:14:36:18 +0900] "GET /hotel_prj/static/home/font/gotham-medium.woff HTTP/1.1" 200 79406
0:0:0:0:0:0:0:1 - - [13/Jun/2024:14:36:18 +0900] "GET /hotel_prj/static/home/images/ko/pc/common/btn_menu.png HTTP/1.1" 200 1033
0:0:0:0:0:0:0:1 - - [13/Jun/2024:14:36:18 +0900] "GET /hotel_prj/static/home/images/ko/pc/common/bg_logo_header.png HTTP/1.1" 200 9855
0:0:0:0:0:0:0:1 - - [13/Jun/2024:14:36:18 +0900] "GET /hotel_prj/static/home/images/ko/pc/common/logo_josunpalace.png HTTP/1.1" 200 1078
0:0:0:0:0:0:0:1 - - [13/Jun/2024:14:36:18 +0900] "GET /hotel_prj/static/home/images/ko/pc/common/logo_wchosunseoul.png HTTP/1.1" 200 2897
0:0:0:0:0:0:0:1 - - [13/Jun/2024:14:36:18 +0900] "GET /hotel_prj/static/home/font/gotham-light.woff HTTP/1.1" 200 15252
0:0:0:0:0:0:0:1 - - [13/Jun/2024:14:36:18 +0900] "GET /hotel_prj/static/home/font/notokr-light.woff HTTP/1.1" 200 1227596
