192.168.10.231 - - [12/Jun/2024:12:30:21 +0900] "GET /spring_mbv/common/css/board.css HTTP/1.1" 404 850
0:0:0:0:0:0:0:1 - - [12/Jun/2024:12:30:22 +0900] "GET /interceptor_prj/admin/login_frm.do HTTP/1.1" 200 1382
192.168.10.231 - - [12/Jun/2024:12:30:22 +0900] "GET /spring_mbv/common/css/board.css HTTP/1.1" 404 850
0:0:0:0:0:0:0:1 - - [12/Jun/2024:12:30:22 +0900] "GET /interceptor_prj/admin/dashboard.do HTTP/1.1" 200 1328
192.168.10.231 - - [12/Jun/2024:12:30:22 +0900] "GET /spring_mbv/common/css/board.css HTTP/1.1" 404 850
0:0:0:0:0:0:0:1 - - [12/Jun/2024:12:30:23 +0900] "GET /interceptor_prj/admin/login_frm.do HTTP/1.1" 200 1382
192.168.10.231 - - [12/Jun/2024:12:30:23 +0900] "GET /spring_mbv/common/css/board.css HTTP/1.1" 404 850
0:0:0:0:0:0:0:1 - - [12/Jun/2024:12:30:29 +0900] "GET /interceptor_prj/admin/dashboard.do HTTP/1.1" 200 1328
192.168.10.231 - - [12/Jun/2024:12:30:29 +0900] "GET /spring_mbv/common/css/board.css HTTP/1.1" 404 850
0:0:0:0:0:0:0:1 - - [12/Jun/2024:12:30:30 +0900] "GET /interceptor_prj/admin/login_frm.do HTTP/1.1" 200 1382
192.168.10.231 - - [12/Jun/2024:12:30:30 +0900] "GET /spring_mbv/common/css/board.css HTTP/1.1" 404 850
0:0:0:0:0:0:0:1 - - [12/Jun/2024:12:30:30 +0900] "GET /interceptor_prj/admin/set_session.do HTTP/1.1" 200 1328
192.168.10.231 - - [12/Jun/2024:12:30:30 +0900] "GET /spring_mbv/common/css/board.css HTTP/1.1" 404 850
0:0:0:0:0:0:0:1 - - [12/Jun/2024:12:30:31 +0900] "GET /interceptor_prj/admin/login_frm.do HTTP/1.1" 200 1382
192.168.10.231 - - [12/Jun/2024:12:30:31 +0900] "GET /spring_mbv/common/css/board.css HTTP/1.1" 404 850
0:0:0:0:0:0:0:1 - - [12/Jun/2024:12:30:32 +0900] "GET /interceptor_prj/admin/dashboard.do HTTP/1.1" 200 1328
192.168.10.231 - - [12/Jun/2024:12:30:32 +0900] "GET /spring_mbv/common/css/board.css HTTP/1.1" 404 850
0:0:0:0:0:0:0:1 - - [12/Jun/2024:12:33:17 +0900] "GET /interceptor_prj/admin/login_frm.do HTTP/1.1" 200 1429
192.168.10.231 - - [12/Jun/2024:12:33:17 +0900] "GET /spring_mbv/common/css/board.css HTTP/1.1" 404 850
0:0:0:0:0:0:0:1 - - [12/Jun/2024:12:33:18 +0900] "GET /interceptor_prj/admin/login_frm.do HTTP/1.1" 200 1429
192.168.10.231 - - [12/Jun/2024:12:33:18 +0900] "GET /spring_mbv/common/css/board.css HTTP/1.1" 404 850
0:0:0:0:0:0:0:1 - - [12/Jun/2024:12:33:18 +0900] "GET /interceptor_prj/admin/login_frm.do HTTP/1.1" 200 1429
192.168.10.231 - - [12/Jun/2024:12:33:18 +0900] "GET /spring_mbv/common/css/board.css HTTP/1.1" 404 850
0:0:0:0:0:0:0:1 - - [12/Jun/2024:12:33:18 +0900] "GET /interceptor_prj/admin/login_frm.do HTTP/1.1" 200 1429
192.168.10.231 - - [12/Jun/2024:12:33:18 +0900] "GET /spring_mbv/common/css/board.css HTTP/1.1" 404 850
0:0:0:0:0:0:0:1 - - [12/Jun/2024:12:33:18 +0900] "GET /interceptor_prj/admin/login_frm.do HTTP/1.1" 200 1429
192.168.10.231 - - [12/Jun/2024:12:33:18 +0900] "GET /spring_mbv/common/css/board.css HTTP/1.1" 404 850
0:0:0:0:0:0:0:1 - - [12/Jun/2024:12:33:19 +0900] "GET /interceptor_prj/admin/login_frm.do HTTP/1.1" 200 1429
192.168.10.231 - - [12/Jun/2024:12:33:19 +0900] "GET /spring_mbv/common/css/board.css HTTP/1.1" 404 850
0:0:0:0:0:0:0:1 - - [12/Jun/2024:12:33:19 +0900] "GET /interceptor_prj/admin/login_frm.do HTTP/1.1" 200 1429
192.168.10.231 - - [12/Jun/2024:12:33:19 +0900] "GET /spring_mbv/common/css/board.css HTTP/1.1" 404 850
192.168.10.231 - - [12/Jun/2024:12:33:19 +0900] "GET /spring_mvc/common/css/main.css HTTP/1.1" 200 16461
192.168.10.231 - - [12/Jun/2024:12:33:19 +0900] "GET /spring_mvc/common/favicon.ico HTTP/1.1" 200 1150
0:0:0:0:0:0:0:1 - - [12/Jun/2024:12:33:23 +0900] "GET /interceptor_prj/admin/remove_session.do HTTP/1.1" 302 -
0:0:0:0:0:0:0:1 - - [12/Jun/2024:12:33:23 +0900] "GET /interceptor_prj/admin/login_frm.do?admin_id=admin HTTP/1.1" 200 1429
192.168.10.231 - - [12/Jun/2024:12:33:23 +0900] "GET /spring_mbv/common/css/board.css HTTP/1.1" 404 850
0:0:0:0:0:0:0:1 - - [12/Jun/2024:12:33:29 +0900] "GET /interceptor_prj/admin/login_frm.do HTTP/1.1" 200 1429
192.168.10.231 - - [12/Jun/2024:12:33:29 +0900] "GET /spring_mbv/common/css/board.css HTTP/1.1" 404 850
0:0:0:0:0:0:0:1 - - [12/Jun/2024:12:33:31 +0900] "GET /interceptor_prj/index.do HTTP/1.1" 200 1418
192.168.10.231 - - [12/Jun/2024:12:33:31 +0900] "GET /spring_mbv/common/css/board.css HTTP/1.1" 404 850
0:0:0:0:0:0:0:1 - - [12/Jun/2024:12:33:31 +0900] "GET /interceptor_prj/index.do HTTP/1.1" 200 1418
192.168.10.231 - - [12/Jun/2024:12:33:31 +0900] "GET /spring_mbv/common/css/board.css HTTP/1.1" 404 850
0:0:0:0:0:0:0:1 - - [12/Jun/2024:12:33:32 +0900] "GET /interceptor_prj/admin/login_frm.do HTTP/1.1" 200 1429
192.168.10.231 - - [12/Jun/2024:12:33:32 +0900] "GET /spring_mbv/common/css/board.css HTTP/1.1" 404 850
0:0:0:0:0:0:0:1 - - [12/Jun/2024:12:33:33 +0900] "GET /interceptor_prj/admin/remove_session.do HTTP/1.1" 302 -
0:0:0:0:0:0:0:1 - - [12/Jun/2024:12:33:33 +0900] "GET /interceptor_prj/admin/login_frm.do HTTP/1.1" 200 1429
192.168.10.231 - - [12/Jun/2024:12:33:33 +0900] "GET /spring_mbv/common/css/board.css HTTP/1.1" 404 850
0:0:0:0:0:0:0:1 - - [12/Jun/2024:12:33:34 +0900] "GET /interceptor_prj/admin/remove_session.do HTTP/1.1" 302 -
0:0:0:0:0:0:0:1 - - [12/Jun/2024:12:33:34 +0900] "GET /interceptor_prj/admin/login_frm.do HTTP/1.1" 200 1429
192.168.10.231 - - [12/Jun/2024:12:33:34 +0900] "GET /spring_mbv/common/css/board.css HTTP/1.1" 404 850
0:0:0:0:0:0:0:1 - - [12/Jun/2024:12:33:34 +0900] "GET /interceptor_prj/admin/remove_session.do HTTP/1.1" 302 -
0:0:0:0:0:0:0:1 - - [12/Jun/2024:12:33:34 +0900] "GET /interceptor_prj/admin/login_frm.do HTTP/1.1" 200 1429
192.168.10.231 - - [12/Jun/2024:12:33:34 +0900] "GET /spring_mbv/common/css/board.css HTTP/1.1" 404 850
0:0:0:0:0:0:0:1 - - [12/Jun/2024:12:33:36 +0900] "GET /interceptor_prj/admin/dashboard.do HTTP/1.1" 200 1328
192.168.10.231 - - [12/Jun/2024:12:33:36 +0900] "GET /spring_mbv/common/css/board.css HTTP/1.1" 404 850
0:0:0:0:0:0:0:1 - - [12/Jun/2024:12:33:36 +0900] "GET /interceptor_prj/admin/login_frm.do HTTP/1.1" 200 1429
192.168.10.231 - - [12/Jun/2024:12:33:36 +0900] "GET /spring_mbv/common/css/board.css HTTP/1.1" 404 850
0:0:0:0:0:0:0:1 - - [12/Jun/2024:12:33:37 +0900] "GET /interceptor_prj/admin/set_session.do HTTP/1.1" 200 1328
192.168.10.231 - - [12/Jun/2024:12:33:37 +0900] "GET /spring_mbv/common/css/board.css HTTP/1.1" 404 850
0:0:0:0:0:0:0:1 - - [12/Jun/2024:12:33:37 +0900] "GET /interceptor_prj/admin/login_frm.do HTTP/1.1" 200 1429
192.168.10.231 - - [12/Jun/2024:12:33:37 +0900] "GET /spring_mbv/common/css/board.css HTTP/1.1" 404 850
0:0:0:0:0:0:0:1 - - [12/Jun/2024:12:33:38 +0900] "GET /interceptor_prj/admin/set_session.do HTTP/1.1" 200 1328
192.168.10.231 - - [12/Jun/2024:12:33:38 +0900] "GET /spring_mbv/common/css/board.css HTTP/1.1" 404 850
0:0:0:0:0:0:0:1 - - [12/Jun/2024:12:33:39 +0900] "GET /interceptor_prj/admin/login_frm.do HTTP/1.1" 200 1429
192.168.10.231 - - [12/Jun/2024:12:33:39 +0900] "GET /spring_mbv/common/css/board.css HTTP/1.1" 404 850
0:0:0:0:0:0:0:1 - - [12/Jun/2024:12:33:39 +0900] "GET /interceptor_prj/admin/remove_session.do HTTP/1.1" 302 -
0:0:0:0:0:0:0:1 - - [12/Jun/2024:12:33:39 +0900] "GET /interceptor_prj/admin/login_frm.do?admin_id=admin HTTP/1.1" 200 1429
192.168.10.231 - - [12/Jun/2024:12:33:39 +0900] "GET /spring_mbv/common/css/board.css HTTP/1.1" 404 850
0:0:0:0:0:0:0:1 - - [12/Jun/2024:12:33:40 +0900] "GET /interceptor_prj/admin/remove_session.do HTTP/1.1" 302 -
0:0:0:0:0:0:0:1 - - [12/Jun/2024:12:33:40 +0900] "GET /interceptor_prj/admin/login_frm.do HTTP/1.1" 200 1429
192.168.10.231 - - [12/Jun/2024:12:33:40 +0900] "GET /spring_mbv/common/css/board.css HTTP/1.1" 404 850
0:0:0:0:0:0:0:1 - - [12/Jun/2024:12:33:41 +0900] "GET /interceptor_prj/admin/remove_session.do HTTP/1.1" 302 -
0:0:0:0:0:0:0:1 - - [12/Jun/2024:12:33:41 +0900] "GET /interceptor_prj/admin/login_frm.do HTTP/1.1" 200 1429
192.168.10.231 - - [12/Jun/2024:12:33:41 +0900] "GET /spring_mbv/common/css/board.css HTTP/1.1" 404 850
0:0:0:0:0:0:0:1 - - [12/Jun/2024:12:33:41 +0900] "GET /interceptor_prj/admin/remove_session.do HTTP/1.1" 302 -
0:0:0:0:0:0:0:1 - - [12/Jun/2024:12:33:41 +0900] "GET /interceptor_prj/admin/login_frm.do HTTP/1.1" 200 1429
192.168.10.231 - - [12/Jun/2024:12:33:41 +0900] "GET /spring_mbv/common/css/board.css HTTP/1.1" 404 850
0:0:0:0:0:0:0:1 - - [12/Jun/2024:12:34:03 +0900] "GET /interceptor_prj/admin/login_frm.do HTTP/1.1" 200 1429
192.168.10.231 - - [12/Jun/2024:12:34:03 +0900] "GET /spring_mbv/common/css/board.css HTTP/1.1" 404 850
0:0:0:0:0:0:0:1 - - [12/Jun/2024:12:34:03 +0900] "GET /interceptor_prj/admin/login_frm.do HTTP/1.1" 200 1429
192.168.10.231 - - [12/Jun/2024:12:34:03 +0900] "GET /spring_mbv/common/css/board.css HTTP/1.1" 404 850
0:0:0:0:0:0:0:1 - - [12/Jun/2024:12:34:03 +0900] "GET /interceptor_prj/admin/login_frm.do HTTP/1.1" 200 1429
192.168.10.231 - - [12/Jun/2024:12:34:03 +0900] "GET /spring_mbv/common/css/board.css HTTP/1.1" 404 850
0:0:0:0:0:0:0:1 - - [12/Jun/2024:12:34:04 +0900] "GET /interceptor_prj/admin/login_frm.do HTTP/1.1" 200 1429
192.168.10.231 - - [12/Jun/2024:12:34:04 +0900] "GET /spring_mbv/common/css/board.css HTTP/1.1" 404 850
0:0:0:0:0:0:0:1 - - [12/Jun/2024:12:34:04 +0900] "GET /interceptor_prj/admin/remove_session.do HTTP/1.1" 302 -
0:0:0:0:0:0:0:1 - - [12/Jun/2024:12:34:04 +0900] "GET /interceptor_prj/admin/login_frm.do HTTP/1.1" 200 1429
192.168.10.231 - - [12/Jun/2024:12:34:04 +0900] "GET /spring_mbv/common/css/board.css HTTP/1.1" 404 850
0:0:0:0:0:0:0:1 - - [12/Jun/2024:12:34:05 +0900] "GET /interceptor_prj/admin/remove_session.do HTTP/1.1" 302 -
0:0:0:0:0:0:0:1 - - [12/Jun/2024:12:34:05 +0900] "GET /interceptor_prj/admin/login_frm.do HTTP/1.1" 200 1429
192.168.10.231 - - [12/Jun/2024:12:34:05 +0900] "GET /spring_mbv/common/css/board.css HTTP/1.1" 404 850
0:0:0:0:0:0:0:1 - - [12/Jun/2024:12:34:05 +0900] "GET /interceptor_prj/admin/remove_session.do HTTP/1.1" 302 -
0:0:0:0:0:0:0:1 - - [12/Jun/2024:12:34:05 +0900] "GET /interceptor_prj/admin/login_frm.do HTTP/1.1" 200 1429
192.168.10.231 - - [12/Jun/2024:12:34:05 +0900] "GET /spring_mbv/common/css/board.css HTTP/1.1" 404 850
0:0:0:0:0:0:0:1 - - [12/Jun/2024:12:34:06 +0900] "GET /interceptor_prj/admin/login_frm.do HTTP/1.1" 200 1429
192.168.10.231 - - [12/Jun/2024:12:34:06 +0900] "GET /spring_mbv/common/css/board.css HTTP/1.1" 404 850
0:0:0:0:0:0:0:1 - - [12/Jun/2024:12:34:06 +0900] "GET /interceptor_prj/admin/login_frm.do HTTP/1.1" 200 1429
192.168.10.231 - - [12/Jun/2024:12:34:06 +0900] "GET /spring_mbv/common/css/board.css HTTP/1.1" 404 850
0:0:0:0:0:0:0:1 - - [12/Jun/2024:12:34:06 +0900] "GET /interceptor_prj/admin/login_frm.do HTTP/1.1" 200 1429
192.168.10.231 - - [12/Jun/2024:12:34:06 +0900] "GET /spring_mbv/common/css/board.css HTTP/1.1" 404 850
0:0:0:0:0:0:0:1 - - [12/Jun/2024:12:34:07 +0900] "GET /interceptor_prj/admin/login_frm.do HTTP/1.1" 200 1429
192.168.10.231 - - [12/Jun/2024:12:34:07 +0900] "GET /spring_mbv/common/css/board.css HTTP/1.1" 404 850
0:0:0:0:0:0:0:1 - - [12/Jun/2024:12:34:09 +0900] "GET /interceptor_prj/admin/remove_session.do HTTP/1.1" 302 -
0:0:0:0:0:0:0:1 - - [12/Jun/2024:12:34:09 +0900] "GET /interceptor_prj/admin/set_session.do HTTP/1.1" 200 1328
192.168.10.231 - - [12/Jun/2024:12:34:09 +0900] "GET /spring_mbv/common/css/board.css HTTP/1.1" 404 850
0:0:0:0:0:0:0:1 - - [12/Jun/2024:12:34:11 +0900] "GET /interceptor_prj/admin/board_list.do HTTP/1.1" 200 1290
192.168.10.231 - - [12/Jun/2024:12:34:11 +0900] "GET /spring_mbv/common/css/board.css HTTP/1.1" 404 850
0:0:0:0:0:0:0:1 - - [12/Jun/2024:12:34:12 +0900] "GET /interceptor_prj/admin/set_session.do HTTP/1.1" 200 1328
192.168.10.231 - - [12/Jun/2024:12:34:12 +0900] "GET /spring_mbv/common/css/board.css HTTP/1.1" 404 850
0:0:0:0:0:0:0:1 - - [12/Jun/2024:12:34:12 +0900] "GET /interceptor_prj/admin/login_frm.do HTTP/1.1" 200 1429
192.168.10.231 - - [12/Jun/2024:12:34:12 +0900] "GET /spring_mbv/common/css/board.css HTTP/1.1" 404 850
0:0:0:0:0:0:0:1 - - [12/Jun/2024:12:34:14 +0900] "GET /interceptor_prj/admin/remove_session.do HTTP/1.1" 302 -
0:0:0:0:0:0:0:1 - - [12/Jun/2024:12:34:14 +0900] "GET /interceptor_prj/admin/login_frm.do?admin_id=admin HTTP/1.1" 200 1429
192.168.10.231 - - [12/Jun/2024:12:34:14 +0900] "GET /spring_mbv/common/css/board.css HTTP/1.1" 404 850
127.0.0.1 - - [12/Jun/2024:12:48:55 +0900] "GET / HTTP/1.1" 404 807
0:0:0:0:0:0:0:1 - - [12/Jun/2024:12:48:55 +0900] "GET /interceptor_prj/index.html HTTP/1.1" 304 -
0:0:0:0:0:0:0:1 - - [12/Jun/2024:12:48:55 +0900] "GET /interceptor_prj/index.do HTTP/1.1" 200 1418
192.168.10.231 - - [12/Jun/2024:12:48:55 +0900] "GET /spring_mbv/common/css/board.css HTTP/1.1" 404 850
0:0:0:0:0:0:0:1 - - [12/Jun/2024:12:48:57 +0900] "GET /interceptor_prj/admin/login_frm.do HTTP/1.1" 200 1429
192.168.10.231 - - [12/Jun/2024:12:48:57 +0900] "GET /spring_mbv/common/css/board.css HTTP/1.1" 404 850
0:0:0:0:0:0:0:1 - - [12/Jun/2024:12:49:00 +0900] "GET /interceptor_prj/admin/set_session.do HTTP/1.1" 200 1328
192.168.10.231 - - [12/Jun/2024:12:49:00 +0900] "GET /spring_mbv/common/css/board.css HTTP/1.1" 404 850
0:0:0:0:0:0:0:1 - - [12/Jun/2024:12:49:04 +0900] "GET /interceptor_prj/admin/login_frm.do HTTP/1.1" 200 1429
192.168.10.231 - - [12/Jun/2024:12:49:04 +0900] "GET /spring_mbv/common/css/board.css HTTP/1.1" 404 850
0:0:0:0:0:0:0:1 - - [12/Jun/2024:12:49:06 +0900] "GET /interceptor_prj/admin/remove_session.do HTTP/1.1" 302 -
0:0:0:0:0:0:0:1 - - [12/Jun/2024:12:49:06 +0900] "GET /interceptor_prj/admin/login_frm.do?admin_id=admin HTTP/1.1" 200 1429
192.168.10.231 - - [12/Jun/2024:12:49:06 +0900] "GET /spring_mbv/common/css/board.css HTTP/1.1" 404 850
127.0.0.1 - - [12/Jun/2024:12:49:42 +0900] "GET / HTTP/1.1" 404 807
0:0:0:0:0:0:0:1 - - [12/Jun/2024:12:49:42 +0900] "GET /interceptor_prj/index.do HTTP/1.1" 200 -
0:0:0:0:0:0:0:1 - - [12/Jun/2024:12:49:42 +0900] "GET /favicon.ico HTTP/1.1" 404 818
127.0.0.1 - - [12/Jun/2024:14:05:15 +0900] "GET / HTTP/1.1" 404 807
0:0:0:0:0:0:0:1 - - [12/Jun/2024:14:05:15 +0900] "GET /interceptor_prj/index.html HTTP/1.1" 304 -
0:0:0:0:0:0:0:1 - - [12/Jun/2024:14:05:15 +0900] "GET /interceptor_prj/index.do HTTP/1.1" 200 -
0:0:0:0:0:0:0:1 - - [12/Jun/2024:14:05:41 +0900] "GET /interceptor_prj/index.do HTTP/1.1" 200 -
0:0:0:0:0:0:0:1 - - [12/Jun/2024:14:05:47 +0900] "GET /interceptor_prj/index.do HTTP/1.1" 200 -
0:0:0:0:0:0:0:1 - - [12/Jun/2024:14:05:49 +0900] "GET /interceptor_prj/index.do HTTP/1.1" 200 1418
192.168.10.231 - - [12/Jun/2024:14:05:49 +0900] "GET /spring_mbv/common/css/board.css HTTP/1.1" 404 850
0:0:0:0:0:0:0:1 - - [12/Jun/2024:14:05:51 +0900] "GET /interceptor_prj/admin/login_frm.do HTTP/1.1" 200 1429
192.168.10.231 - - [12/Jun/2024:14:05:51 +0900] "GET /spring_mbv/common/css/board.css HTTP/1.1" 404 850
0:0:0:0:0:0:0:1 - - [12/Jun/2024:14:05:54 +0900] "GET /interceptor_prj/admin/set_session.do HTTP/1.1" 200 1328
192.168.10.231 - - [12/Jun/2024:14:05:54 +0900] "GET /spring_mbv/common/css/board.css HTTP/1.1" 404 850
0:0:0:0:0:0:0:1 - - [12/Jun/2024:14:05:56 +0900] "GET /interceptor_prj/admin/board_list.do HTTP/1.1" 200 1290
192.168.10.231 - - [12/Jun/2024:14:05:56 +0900] "GET /spring_mbv/common/css/board.css HTTP/1.1" 404 850
0:0:0:0:0:0:0:1 - - [12/Jun/2024:14:05:57 +0900] "GET /interceptor_prj/admin/set_session.do HTTP/1.1" 200 1328
192.168.10.231 - - [12/Jun/2024:14:05:57 +0900] "GET /spring_mbv/common/css/board.css HTTP/1.1" 404 850
0:0:0:0:0:0:0:1 - - [12/Jun/2024:14:05:58 +0900] "GET /interceptor_prj/admin/login_frm.do HTTP/1.1" 200 1429
192.168.10.231 - - [12/Jun/2024:14:05:58 +0900] "GET /spring_mbv/common/css/board.css HTTP/1.1" 404 850
0:0:0:0:0:0:0:1 - - [12/Jun/2024:14:06:00 +0900] "GET /interceptor_prj/admin/remove_session.do HTTP/1.1" 302 -
0:0:0:0:0:0:0:1 - - [12/Jun/2024:14:06:00 +0900] "GET /interceptor_prj/admin/login_frm.do?admin_id=admin HTTP/1.1" 200 1429
192.168.10.231 - - [12/Jun/2024:14:06:00 +0900] "GET /spring_mbv/common/css/board.css HTTP/1.1" 404 850
0:0:0:0:0:0:0:1 - - [12/Jun/2024:14:06:02 +0900] "GET /interceptor_prj/admin/dashboard.do HTTP/1.1" 200 1328
192.168.10.231 - - [12/Jun/2024:14:06:02 +0900] "GET /spring_mbv/common/css/board.css HTTP/1.1" 404 850
0:0:0:0:0:0:0:1 - - [12/Jun/2024:14:12:39 +0900] "GET /interceptor_prj/admin/dashboard.do HTTP/1.1" 200 -
0:0:0:0:0:0:0:1 - - [12/Jun/2024:14:12:40 +0900] "GET /interceptor_prj/admin/login_frm.do?admin_id=admin HTTP/1.1" 200 -
0:0:0:0:0:0:0:1 - - [12/Jun/2024:14:12:41 +0900] "GET /interceptor_prj/admin/login_frm.do HTTP/1.1" 200 -
0:0:0:0:0:0:0:1 - - [12/Jun/2024:14:12:43 +0900] "GET /interceptor_prj/index.do HTTP/1.1" 200 -
0:0:0:0:0:0:0:1 - - [12/Jun/2024:14:12:49 +0900] "GET /interceptor_prj/index.do HTTP/1.1" 200 -
127.0.0.1 - - [12/Jun/2024:14:13:10 +0900] "GET / HTTP/1.1" 404 807
0:0:0:0:0:0:0:1 - - [12/Jun/2024:14:13:10 +0900] "GET /interceptor_prj/index.do HTTP/1.1" 200 1418
192.168.10.231 - - [12/Jun/2024:14:13:10 +0900] "GET /spring_mbv/common/css/board.css HTTP/1.1" 404 850
0:0:0:0:0:0:0:1 - - [12/Jun/2024:14:13:28 +0900] "GET /interceptor_prj/index.do HTTP/1.1" 200 1418
192.168.10.231 - - [12/Jun/2024:14:13:28 +0900] "GET /spring_mbv/common/css/board.css HTTP/1.1" 404 850
0:0:0:0:0:0:0:1 - - [12/Jun/2024:14:13:31 +0900] "GET /interceptor_prj/index.do HTTP/1.1" 200 1418
192.168.10.231 - - [12/Jun/2024:14:13:31 +0900] "GET /spring_mbv/common/css/board.css HTTP/1.1" 404 850
0:0:0:0:0:0:0:1 - - [12/Jun/2024:14:13:43 +0900] "GET /interceptor_prj/index.do HTTP/1.1" 200 1418
192.168.10.231 - - [12/Jun/2024:14:13:43 +0900] "GET /spring_mbv/common/css/board.css HTTP/1.1" 404 850
0:0:0:0:0:0:0:1 - - [12/Jun/2024:14:13:43 +0900] "GET /interceptor_prj/admin/login_frm.do HTTP/1.1" 200 -
0:0:0:0:0:0:0:1 - - [12/Jun/2024:14:14:03 +0900] "GET /interceptor_prj/admin/login_frm.do HTTP/1.1" 200 -
0:0:0:0:0:0:0:1 - - [12/Jun/2024:14:14:05 +0900] "GET /interceptor_prj/index.do HTTP/1.1" 200 1418
192.168.10.231 - - [12/Jun/2024:14:14:05 +0900] "GET /spring_mbv/common/css/board.css HTTP/1.1" 404 850
0:0:0:0:0:0:0:1 - - [12/Jun/2024:14:14:06 +0900] "GET /interceptor_prj/index.do HTTP/1.1" 200 1418
192.168.10.231 - - [12/Jun/2024:14:14:06 +0900] "GET /spring_mbv/common/css/board.css HTTP/1.1" 404 850
192.168.10.231 - - [12/Jun/2024:14:14:06 +0900] "GET /spring_mvc/common/css/main.css HTTP/1.1" 200 16461
192.168.10.231 - - [12/Jun/2024:14:14:06 +0900] "GET /spring_mvc/common/favicon.ico HTTP/1.1" 200 1150
0:0:0:0:0:0:0:1 - - [12/Jun/2024:14:14:06 +0900] "GET /interceptor_prj/admin/login_frm.do HTTP/1.1" 200 -
0:0:0:0:0:0:0:1 - - [12/Jun/2024:14:14:06 +0900] "GET /favicon.ico HTTP/1.1" 404 818
0:0:0:0:0:0:0:1 - - [12/Jun/2024:14:14:12 +0900] "GET /interceptor_prj/index.do HTTP/1.1" 200 1418
192.168.10.231 - - [12/Jun/2024:14:14:12 +0900] "GET /spring_mbv/common/css/board.css HTTP/1.1" 404 850
0:0:0:0:0:0:0:1 - - [12/Jun/2024:14:14:13 +0900] "GET /interceptor_prj/admin/login_frm.do HTTP/1.1" 200 -
127.0.0.1 - - [12/Jun/2024:14:14:34 +0900] "GET / HTTP/1.1" 404 807
0:0:0:0:0:0:0:1 - - [12/Jun/2024:14:14:34 +0900] "GET /interceptor_prj/index.do HTTP/1.1" 200 1418
192.168.10.231 - - [12/Jun/2024:14:14:35 +0900] "GET /spring_mbv/common/css/board.css HTTP/1.1" 404 850
0:0:0:0:0:0:0:1 - - [12/Jun/2024:14:14:36 +0900] "GET /interceptor_prj/admin/login_frm.do HTTP/1.1" 200 1429
192.168.10.231 - - [12/Jun/2024:14:14:36 +0900] "GET /spring_mbv/common/css/board.css HTTP/1.1" 404 850
0:0:0:0:0:0:0:1 - - [12/Jun/2024:14:15:01 +0900] "GET /interceptor_prj/admin/set_session.do HTTP/1.1" 200 -
0:0:0:0:0:0:0:1 - - [12/Jun/2024:14:16:46 +0900] "GET /interceptor_prj/admin/login_frm.do HTTP/1.1" 200 1429
192.168.10.231 - - [12/Jun/2024:14:16:46 +0900] "GET /spring_mbv/common/css/board.css HTTP/1.1" 404 850
0:0:0:0:0:0:0:1 - - [12/Jun/2024:14:16:47 +0900] "GET /interceptor_prj/admin/login_frm.do HTTP/1.1" 200 1429
192.168.10.231 - - [12/Jun/2024:14:16:47 +0900] "GET /spring_mbv/common/css/board.css HTTP/1.1" 404 850
0:0:0:0:0:0:0:1 - - [12/Jun/2024:14:16:48 +0900] "GET /interceptor_prj/admin/set_session.do HTTP/1.1" 200 -
0:0:0:0:0:0:0:1 - - [12/Jun/2024:14:16:51 +0900] "GET /interceptor_prj/admin/login_frm.do HTTP/1.1" 200 1429
192.168.10.231 - - [12/Jun/2024:14:16:51 +0900] "GET /spring_mbv/common/css/board.css HTTP/1.1" 404 850
0:0:0:0:0:0:0:1 - - [12/Jun/2024:14:16:54 +0900] "GET /interceptor_prj/admin/remove_session.do HTTP/1.1" 200 -
0:0:0:0:0:0:0:1 - - [12/Jun/2024:14:16:56 +0900] "GET /interceptor_prj/admin/login_frm.do HTTP/1.1" 200 1429
192.168.10.231 - - [12/Jun/2024:14:16:56 +0900] "GET /spring_mbv/common/css/board.css HTTP/1.1" 404 850
127.0.0.1 - - [12/Jun/2024:14:17:09 +0900] "GET / HTTP/1.1" 404 807
0:0:0:0:0:0:0:1 - - [12/Jun/2024:14:17:09 +0900] "GET /interceptor_prj/index.html HTTP/1.1" 304 -
0:0:0:0:0:0:0:1 - - [12/Jun/2024:14:17:09 +0900] "GET /interceptor_prj/index.do HTTP/1.1" 200 1418
192.168.10.231 - - [12/Jun/2024:14:17:09 +0900] "GET /spring_mbv/common/css/board.css HTTP/1.1" 404 850
0:0:0:0:0:0:0:1 - - [12/Jun/2024:14:17:10 +0900] "GET /interceptor_prj/admin/login_frm.do HTTP/1.1" 200 1429
192.168.10.231 - - [12/Jun/2024:14:17:10 +0900] "GET /spring_mbv/common/css/board.css HTTP/1.1" 404 850
0:0:0:0:0:0:0:1 - - [12/Jun/2024:14:17:11 +0900] "GET /interceptor_prj/admin/set_session.do HTTP/1.1" 200 1328
192.168.10.231 - - [12/Jun/2024:14:17:11 +0900] "GET /spring_mbv/common/css/board.css HTTP/1.1" 404 850
0:0:0:0:0:0:0:1 - - [12/Jun/2024:14:17:13 +0900] "GET /interceptor_prj/admin/login_frm.do HTTP/1.1" 200 1429
192.168.10.231 - - [12/Jun/2024:14:17:13 +0900] "GET /spring_mbv/common/css/board.css HTTP/1.1" 404 850
0:0:0:0:0:0:0:1 - - [12/Jun/2024:14:17:14 +0900] "GET /interceptor_prj/admin/remove_session.do HTTP/1.1" 302 -
0:0:0:0:0:0:0:1 - - [12/Jun/2024:14:17:14 +0900] "GET /interceptor_prj/admin/login_frm.do?admin_id=admin HTTP/1.1" 200 1429
192.168.10.231 - - [12/Jun/2024:14:17:14 +0900] "GET /spring_mbv/common/css/board.css HTTP/1.1" 404 850
0:0:0:0:0:0:0:1 - - [12/Jun/2024:14:17:16 +0900] "GET /interceptor_prj/admin/login_frm.do HTTP/1.1" 200 1429
192.168.10.231 - - [12/Jun/2024:14:17:16 +0900] "GET /spring_mbv/common/css/board.css HTTP/1.1" 404 850
0:0:0:0:0:0:0:1 - - [12/Jun/2024:14:17:17 +0900] "GET /interceptor_prj/admin/dashboard.do HTTP/1.1" 200 -
0:0:0:0:0:0:0:1 - - [12/Jun/2024:14:17:19 +0900] "GET /interceptor_prj/admin/login_frm.do HTTP/1.1" 200 1429
192.168.10.231 - - [12/Jun/2024:14:17:19 +0900] "GET /spring_mbv/common/css/board.css HTTP/1.1" 404 850
127.0.0.1 - - [12/Jun/2024:14:17:51 +0900] "GET / HTTP/1.1" 404 807
0:0:0:0:0:0:0:1 - - [12/Jun/2024:14:17:51 +0900] "GET /interceptor_prj/index.do HTTP/1.1" 200 1418
192.168.10.231 - - [12/Jun/2024:14:17:51 +0900] "GET /spring_mbv/common/css/board.css HTTP/1.1" 404 850
0:0:0:0:0:0:0:1 - - [12/Jun/2024:14:17:52 +0900] "GET /interceptor_prj/admin/login_frm.do HTTP/1.1" 200 1429
192.168.10.231 - - [12/Jun/2024:14:17:52 +0900] "GET /spring_mbv/common/css/board.css HTTP/1.1" 404 850
0:0:0:0:0:0:0:1 - - [12/Jun/2024:14:17:53 +0900] "GET /interceptor_prj/admin/dashboard.do HTTP/1.1" 302 -
0:0:0:0:0:0:0:1 - - [12/Jun/2024:14:17:53 +0900] "GET /interceptor_prj/admin/login_frm.do HTTP/1.1" 200 1429
192.168.10.231 - - [12/Jun/2024:14:17:53 +0900] "GET /spring_mbv/common/css/board.css HTTP/1.1" 404 850
0:0:0:0:0:0:0:1 - - [12/Jun/2024:14:18:00 +0900] "GET /interceptor_prj/admin/set_session.do HTTP/1.1" 200 1328
192.168.10.231 - - [12/Jun/2024:14:18:00 +0900] "GET /spring_mbv/common/css/board.css HTTP/1.1" 404 850
0:0:0:0:0:0:0:1 - - [12/Jun/2024:14:18:04 +0900] "GET /interceptor_prj/admin/login_frm.do HTTP/1.1" 200 1429
192.168.10.231 - - [12/Jun/2024:14:18:04 +0900] "GET /spring_mbv/common/css/board.css HTTP/1.1" 404 850
0:0:0:0:0:0:0:1 - - [12/Jun/2024:14:18:05 +0900] "GET /interceptor_prj/admin/dashboard.do HTTP/1.1" 200 1328
192.168.10.231 - - [12/Jun/2024:14:18:05 +0900] "GET /spring_mbv/common/css/board.css HTTP/1.1" 404 850
0:0:0:0:0:0:0:1 - - [12/Jun/2024:14:18:08 +0900] "GET /interceptor_prj/admin/board_list.do HTTP/1.1" 200 1290
192.168.10.231 - - [12/Jun/2024:14:18:08 +0900] "GET /spring_mbv/common/css/board.css HTTP/1.1" 404 850
0:0:0:0:0:0:0:1 - - [12/Jun/2024:14:18:09 +0900] "GET /interceptor_prj/admin/login_frm.do HTTP/1.1" 200 1429
192.168.10.231 - - [12/Jun/2024:14:18:09 +0900] "GET /spring_mbv/common/css/board.css HTTP/1.1" 404 850
0:0:0:0:0:0:0:1 - - [12/Jun/2024:14:18:10 +0900] "GET /interceptor_prj/admin/dashboard.do HTTP/1.1" 200 1328
192.168.10.231 - - [12/Jun/2024:14:18:10 +0900] "GET /spring_mbv/common/css/board.css HTTP/1.1" 404 850
0:0:0:0:0:0:0:1 - - [12/Jun/2024:14:18:10 +0900] "GET /interceptor_prj/admin/login_frm.do HTTP/1.1" 200 1429
192.168.10.231 - - [12/Jun/2024:14:18:10 +0900] "GET /spring_mbv/common/css/board.css HTTP/1.1" 404 850
0:0:0:0:0:0:0:1 - - [12/Jun/2024:14:18:10 +0900] "GET /interceptor_prj/admin/login_frm.do HTTP/1.1" 200 1429
192.168.10.231 - - [12/Jun/2024:14:18:10 +0900] "GET /spring_mbv/common/css/board.css HTTP/1.1" 404 850
0:0:0:0:0:0:0:1 - - [12/Jun/2024:14:18:12 +0900] "GET /interceptor_prj/admin/remove_session.do HTTP/1.1" 302 -
0:0:0:0:0:0:0:1 - - [12/Jun/2024:14:18:12 +0900] "GET /interceptor_prj/admin/login_frm.do?admin_id=admin HTTP/1.1" 200 1429
192.168.10.231 - - [12/Jun/2024:14:18:12 +0900] "GET /spring_mbv/common/css/board.css HTTP/1.1" 404 850
0:0:0:0:0:0:0:1 - - [12/Jun/2024:14:18:13 +0900] "GET /interceptor_prj/admin/dashboard.do HTTP/1.1" 302 -
0:0:0:0:0:0:0:1 - - [12/Jun/2024:14:18:13 +0900] "GET /interceptor_prj/admin/login_frm.do HTTP/1.1" 200 1429
192.168.10.231 - - [12/Jun/2024:14:18:13 +0900] "GET /spring_mbv/common/css/board.css HTTP/1.1" 404 850
0:0:0:0:0:0:0:1 - - [12/Jun/2024:14:18:14 +0900] "GET /interceptor_prj/admin/set_session.do HTTP/1.1" 200 1328
192.168.10.231 - - [12/Jun/2024:14:18:14 +0900] "GET /spring_mbv/common/css/board.css HTTP/1.1" 404 850
127.0.0.1 - - [12/Jun/2024:16:54:41 +0900] "GET / HTTP/1.1" 404 807
0:0:0:0:0:0:0:1 - - [12/Jun/2024:16:54:46 +0900] "GET /hotel_prj/index.html HTTP/1.1" 200 317
0:0:0:0:0:0:0:1 - - [12/Jun/2024:16:54:47 +0900] "GET /hotel_prj/static/home/css/ko/pc/common_josunhotel.css HTTP/1.1" 200 21108
0:0:0:0:0:0:0:1 - - [12/Jun/2024:16:54:47 +0900] "GET /hotel_prj/static/home/css/ko/pc/swiper.css HTTP/1.1" 200 19232
0:0:0:0:0:0:0:1 - - [12/Jun/2024:16:54:47 +0900] "GET /hotel_prj/static/home/css/ko/pc/main_josunhotel.css HTTP/1.1" 200 49400
0:0:0:0:0:0:0:1 - - [12/Jun/2024:16:54:47 +0900] "GET /hotel_prj/static/home/bluewaves/css/pc/contents.css HTTP/1.1" 200 2243
0:0:0:0:0:0:0:1 - - [12/Jun/2024:16:54:47 +0900] "GET /hotel_prj/static/home/js/ko/pc/pubPlugin.js HTTP/1.1" 200 821342
0:0:0:0:0:0:0:1 - - [12/Jun/2024:16:54:47 +0900] "GET /hotel_prj/static/home/css/ko/pc/common_new.css HTTP/1.1" 200 59235
0:0:0:0:0:0:0:1 - - [12/Jun/2024:16:54:47 +0900] "GET /hotel_prj/static/home/js/ko/pc/pubCommon_josunhotel.js HTTP/1.1" 200 10644
0:0:0:0:0:0:0:1 - - [12/Jun/2024:16:54:47 +0900] "GET /hotel_prj/static/home/js/ko/pc/selectbox.js HTTP/1.1" 200 28138
0:0:0:0:0:0:0:1 - - [12/Jun/2024:16:54:47 +0900] "GET /hotel_prj/static/home/js/ko/pc/jquery-3.4.1.min.js HTTP/1.1" 200 166143
0:0:0:0:0:0:0:1 - - [12/Jun/2024:16:54:47 +0900] "GET /hotel_prj/static/home/bluewaves/js/pc/bw_contents.js HTTP/1.1" 200 1546
0:0:0:0:0:0:0:1 - - [12/Jun/2024:16:54:47 +0900] "GET /hotel_prj/static/home/images/ko/pc/HUMA/bg_main01.jpg HTTP/1.1" 200 129088
0:0:0:0:0:0:0:1 - - [12/Jun/2024:16:54:47 +0900] "GET /hotel_prj/static/home/js/home.js HTTP/1.1" 200 19826
0:0:0:0:0:0:0:1 - - [12/Jun/2024:16:54:47 +0900] "GET /hotel_prj/static/home/images/ko/pc/common/ico_scroll.png HTTP/1.1" 200 1291
0:0:0:0:0:0:0:1 - - [12/Jun/2024:16:54:47 +0900] "GET /hotel_prj/user/index.do HTTP/1.1" 200 72537
0:0:0:0:0:0:0:1 - - [12/Jun/2024:16:54:47 +0900] "GET /hotel_prj/util/file/download.do?fileSn=2039698&sysCode=FPBSS HTTP/1.1" 404 721
0:0:0:0:0:0:0:1 - - [12/Jun/2024:16:54:47 +0900] "GET /hotel_prj/util/file/download.do?fileSn=2009718&sysCode=PPJ HTTP/1.1" 404 721
0:0:0:0:0:0:0:1 - - [12/Jun/2024:16:54:47 +0900] "GET /hotel_prj/util/file/%5BPC%5DGJB.jpg HTTP/1.1" 200 77279
0:0:0:0:0:0:0:1 - - [12/Jun/2024:16:54:47 +0900] "GET /hotel_prj/static/home/js/ko/pc/swiper.min.js HTTP/1.1" 200 249230
0:0:0:0:0:0:0:1 - - [12/Jun/2024:16:54:47 +0900] "GET /hotel_prj/util/file/download.do?fileSn=1946318&sysCode=LESCAPE HTTP/1.1" 404 721
0:0:0:0:0:0:0:1 - - [12/Jun/2024:16:54:47 +0900] "GET /hotel_prj/util/file/download.do?fileSn=1921790&sysCode=GJB HTTP/1.1" 404 721
0:0:0:0:0:0:0:1 - - [12/Jun/2024:16:54:47 +0900] "GET /hotel_prj/util/file/download.do?fileSn=1907379&sysCode=GRP HTTP/1.1" 404 721
0:0:0:0:0:0:0:1 - - [12/Jun/2024:16:54:47 +0900] "GET /hotel_prj/util/file/download.do?fileSn=1878306&sysCode=TWCB HTTP/1.1" 404 721
0:0:0:0:0:0:0:1 - - [12/Jun/2024:16:54:47 +0900] "GET /hotel_prj/util/file/download.do?fileSn=1869669&sysCode=TWCB HTTP/1.1" 404 721
0:0:0:0:0:0:0:1 - - [12/Jun/2024:16:54:47 +0900] "GET /hotel_prj/static/home/js/ko/pc/pubCommon_contents.js HTTP/1.1" 200 149940
0:0:0:0:0:0:0:1 - - [12/Jun/2024:16:54:47 +0900] "GET /hotel_prj/util/file/download.do?fileSn=1845720&sysCode=FPBSM HTTP/1.1" 404 721
0:0:0:0:0:0:0:1 - - [12/Jun/2024:16:54:47 +0900] "GET /hotel_prj/util/file/download.do?fileSn=1798453&sysCode=TWC HTTP/1.1" 404 721
0:0:0:0:0:0:0:1 - - [12/Jun/2024:16:54:47 +0900] "GET /hotel_prj/util/file/download.do?fileSn=1666798&sysCode=FPBSS HTTP/1.1" 404 721
0:0:0:0:0:0:0:1 - - [12/Jun/2024:16:54:47 +0900] "GET /hotel_prj/util/file/download.do?fileSn=1645126&sysCode=TWC HTTP/1.1" 404 721
0:0:0:0:0:0:0:1 - - [12/Jun/2024:16:54:47 +0900] "GET /hotel_prj/util/file/download.do?fileSn=1946272&sysCode=LESCAPE HTTP/1.1" 404 721
0:0:0:0:0:0:0:1 - - [12/Jun/2024:16:54:47 +0900] "GET /hotel_prj/util/file/download.do?fileSn=1798106&sysCode=TWC HTTP/1.1" 404 721
0:0:0:0:0:0:0:1 - - [12/Jun/2024:16:54:47 +0900] "GET /hotel_prj/util/file/download.do?fileSn=1772531&sysCode=TWCB HTTP/1.1" 404 721
0:0:0:0:0:0:0:1 - - [12/Jun/2024:16:54:47 +0900] "GET /hotel_prj/util/file/download.do?fileSn=1481795&sysCode=GJB HTTP/1.1" 404 721
0:0:0:0:0:0:0:1 - - [12/Jun/2024:16:54:47 +0900] "GET /hotel_prj/util/file/download.do?fileSn=2010184&sysCode=JOSUNHOTEL HTTP/1.1" 404 721
0:0:0:0:0:0:0:1 - - [12/Jun/2024:16:54:47 +0900] "GET /hotel_prj/util/file/download.do?fileSn=2010120&sysCode=JOSUNHOTEL HTTP/1.1" 404 721
0:0:0:0:0:0:0:1 - - [12/Jun/2024:16:54:47 +0900] "GET /hotel_prj/util/file/download.do?fileSn=2010127&sysCode=JOSUNHOTEL HTTP/1.1" 404 721
0:0:0:0:0:0:0:1 - - [12/Jun/2024:16:54:47 +0900] "GET /hotel_prj/util/file/download.do?fileSn=2010215&sysCode=JOSUNHOTEL HTTP/1.1" 404 721
0:0:0:0:0:0:0:1 - - [12/Jun/2024:16:54:47 +0900] "GET /hotel_prj/util/file/download.do?fileSn=2010225&sysCode=JOSUNHOTEL HTTP/1.1" 404 721
0:0:0:0:0:0:0:1 - - [12/Jun/2024:16:54:47 +0900] "GET /hotel_prj/util/file/download.do?fileSn=2010189&sysCode=JOSUNHOTEL HTTP/1.1" 404 721
0:0:0:0:0:0:0:1 - - [12/Jun/2024:16:54:47 +0900] "GET /hotel_prj/static/home/images/ko/pc/HUMA/bg_main01_01.jpg HTTP/1.1" 200 222266
0:0:0:0:0:0:0:1 - - [12/Jun/2024:16:54:47 +0900] "GET /hotel_prj/static/home/images/ko/pc/HUMA/bg_main01_02.jpg HTTP/1.1" 200 373841
0:0:0:0:0:0:0:1 - - [12/Jun/2024:16:54:47 +0900] "GET /hotel_prj/static/home/images/ko/pc/HUMA/bg_main03_03.jpg HTTP/1.1" 200 213157
0:0:0:0:0:0:0:1 - - [12/Jun/2024:16:54:47 +0900] "GET /hotel_prj/static/home/images/ko/pc/HUMA/bg_main03_02.jpg HTTP/1.1" 200 310692
0:0:0:0:0:0:0:1 - - [12/Jun/2024:16:54:47 +0900] "GET /hotel_prj/static/home/images/ko/pc/HUMA/bg_main03_05.jpg HTTP/1.1" 200 215399
0:0:0:0:0:0:0:1 - - [12/Jun/2024:16:54:47 +0900] "GET /hotel_prj/static/home/images/ko/pc/HUMA/bg_main03_04.jpg HTTP/1.1" 200 518208
0:0:0:0:0:0:0:1 - - [12/Jun/2024:16:54:47 +0900] "GET /hotel_prj/static/home/images/ko/pc/HUMA/bg_main03_06.jpg HTTP/1.1" 200 339470
0:0:0:0:0:0:0:1 - - [12/Jun/2024:16:54:47 +0900] "GET /hotel_prj/static/home/images/ko/pc/HUMA/bg_main03_07.jpg HTTP/1.1" 200 181351
0:0:0:0:0:0:0:1 - - [12/Jun/2024:16:54:47 +0900] "GET /hotel_prj/static/home/images/ko/pc/HUMA/bg_main03_08.jpg HTTP/1.1" 200 250911
0:0:0:0:0:0:0:1 - - [12/Jun/2024:16:54:47 +0900] "GET /hotel_prj/user/util/file/download.do?fileSn=263788&sysCode=TWC HTTP/1.1" 404 721
0:0:0:0:0:0:0:1 - - [12/Jun/2024:16:54:47 +0900] "GET /hotel_prj/static/home/images/ko/pc/HUMA/bg_main03_09.jpg HTTP/1.1" 200 467958
0:0:0:0:0:0:0:1 - - [12/Jun/2024:16:54:47 +0900] "GET /hotel_prj/static/home/images/ko/pc/common/bg_logo_header_main.png HTTP/1.1" 200 12261
0:0:0:0:0:0:0:1 - - [12/Jun/2024:16:54:47 +0900] "GET /hotel_prj/static/home/images/ko/pc/HUMA/bg_main02.jpg HTTP/1.1" 200 402478
0:0:0:0:0:0:0:1 - - [12/Jun/2024:16:54:47 +0900] "GET /hotel_prj/static/home/images/ko/pc/common/btn_menu.png HTTP/1.1" 200 1033
0:0:0:0:0:0:0:1 - - [12/Jun/2024:16:54:47 +0900] "GET /hotel_prj/static/home/images/ko/pc/common/btn_swipe_66x66.png HTTP/1.1" 200 2045
0:0:0:0:0:0:0:1 - - [12/Jun/2024:16:54:47 +0900] "GET /hotel_prj/static/home/images/ko/pc/HUMA/img_homebox_logoN01.png HTTP/1.1" 200 4421
0:0:0:0:0:0:0:1 - - [12/Jun/2024:16:54:47 +0900] "GET /hotel_prj/static/home/images/ko/pc/HUMA/img_homebox_logoN03.png HTTP/1.1" 200 4496
0:0:0:0:0:0:0:1 - - [12/Jun/2024:16:54:47 +0900] "GET /hotel_prj/static/home/images/ko/pc/HUMA/img_homebox_logoN09.png HTTP/1.1" 200 6760
0:0:0:0:0:0:0:1 - - [12/Jun/2024:16:54:47 +0900] "GET /hotel_prj/static/home/images/ko/pc/common/ico_arr_7x13.png HTTP/1.1" 200 23705
0:0:0:0:0:0:0:1 - - [12/Jun/2024:16:54:47 +0900] "GET /hotel_prj/static/home/images/ko/pc/HUMA/img_homebox_logoN02.png HTTP/1.1" 200 4218
0:0:0:0:0:0:0:1 - - [12/Jun/2024:16:54:47 +0900] "GET /hotel_prj/static/home/images/ko/pc/HUMA/img_homebox_logoN05.png HTTP/1.1" 200 2708
0:0:0:0:0:0:0:1 - - [12/Jun/2024:16:54:47 +0900] "GET /hotel_prj/static/home/images/ko/pc/HUMA/img_homebox_logoN07.png HTTP/1.1" 200 4032
0:0:0:0:0:0:0:1 - - [12/Jun/2024:16:54:47 +0900] "GET /hotel_prj/static/home/images/ko/pc/HUMA/img_homebox_logoN08.png HTTP/1.1" 200 3679
0:0:0:0:0:0:0:1 - - [12/Jun/2024:16:54:47 +0900] "GET /hotel_prj/static/home/images/ko/pc/HUMA/img_homebox_logoN04.png HTTP/1.1" 200 5514
0:0:0:0:0:0:0:1 - - [12/Jun/2024:16:54:47 +0900] "GET /hotel_prj/static/home/images/ko/pc/HUMA/img_homebox_logoN06.png HTTP/1.1" 200 5449
0:0:0:0:0:0:0:1 - - [12/Jun/2024:16:54:47 +0900] "GET /hotel_prj/static/home/images/ko/pc/HUMA/img_homebox_logoN10.png HTTP/1.1" 200 4014
0:0:0:0:0:0:0:1 - - [12/Jun/2024:16:54:47 +0900] "GET /hotel_prj/static/home/images/ko/pc/HUMA/img_homebox_logoN11.png HTTP/1.1" 200 3472
0:0:0:0:0:0:0:1 - - [12/Jun/2024:16:54:47 +0900] "GET /hotel_prj/static/home/images/ko/pc/HUMA/img_oblist_logo04.png HTTP/1.1" 200 2197
0:0:0:0:0:0:0:1 - - [12/Jun/2024:16:54:47 +0900] "GET /hotel_prj/static/home/images/ko/pc/HUMA/img_oblist_logo03.png HTTP/1.1" 200 3576
0:0:0:0:0:0:0:1 - - [12/Jun/2024:16:54:47 +0900] "GET /hotel_prj/static/home/images/ko/pc/HUMA/img_oblist_logo02.png HTTP/1.1" 200 3897
0:0:0:0:0:0:0:1 - - [12/Jun/2024:16:54:47 +0900] "GET /hotel_prj/static/home/images/ko/pc/HUMA/img_oblist_logo05.png HTTP/1.1" 200 5491
0:0:0:0:0:0:0:1 - - [12/Jun/2024:16:54:47 +0900] "GET /hotel_prj/static/home/images/ko/pc/HUMA/img_oblist_logo06.png HTTP/1.1" 200 3611
0:0:0:0:0:0:0:1 - - [12/Jun/2024:16:54:47 +0900] "GET /hotel_prj/static/home/images/ko/pc/HUMA/img_oblist_logo07.png HTTP/1.1" 200 2878
0:0:0:0:0:0:0:1 - - [12/Jun/2024:16:54:47 +0900] "GET /hotel_prj/static/home/images/ko/pc/HUMA/img_oblist_logo08.png HTTP/1.1" 200 2524
0:0:0:0:0:0:0:1 - - [12/Jun/2024:16:54:47 +0900] "GET /hotel_prj/static/home/images/ko/pc/HUMA/img_oblist_logo09.png HTTP/1.1" 200 3845
0:0:0:0:0:0:0:1 - - [12/Jun/2024:16:54:47 +0900] "GET /hotel_prj/static/home/images/ko/pc/common/ico_sns_github.png HTTP/1.1" 304 -
0:0:0:0:0:0:0:1 - - [12/Jun/2024:16:54:47 +0900] "GET /hotel_prj/static/home/images/ko/pc/common/bg_logo_footer.png HTTP/1.1" 200 28262
0:0:0:0:0:0:0:1 - - [12/Jun/2024:16:54:47 +0900] "GET /hotel_prj/static/home/font/gotham-medium.woff HTTP/1.1" 200 79406
0:0:0:0:0:0:0:1 - - [12/Jun/2024:16:54:47 +0900] "GET /hotel_prj/static/home/font/PlayfairDisplaySC-Regular.woff HTTP/1.1" 200 97584
0:0:0:0:0:0:0:1 - - [12/Jun/2024:16:54:47 +0900] "GET /hotel_prj/static/home/font/notokr-light.woff HTTP/1.1" 200 1227596
0:0:0:0:0:0:0:1 - - [12/Jun/2024:16:54:47 +0900] "GET /hotel_prj/static/home/font/gotham-light.woff HTTP/1.1" 200 15252
0:0:0:0:0:0:0:1 - - [12/Jun/2024:16:54:47 +0900] "GET /hotel_prj/static/home/font/gotham-book.woff HTTP/1.1" 200 22836
0:0:0:0:0:0:0:1 - - [12/Jun/2024:16:54:47 +0900] "GET /hotel_prj/static/home/font/notokr-regular.woff HTTP/1.1" 304 -
0:0:0:0:0:0:0:1 - - [12/Jun/2024:16:54:47 +0900] "GET /massPromotion/get.json?_=1718178887719 HTTP/1.1" 404 833
0:0:0:0:0:0:0:1 - - [12/Jun/2024:16:54:47 +0900] "GET /hotel_prj/util/file/download.do?fileSn=2010184&sysCode=JOSUNHOTEL HTTP/1.1" 404 721
0:0:0:0:0:0:0:1 - - [12/Jun/2024:16:54:47 +0900] "GET /hotel_prj/util/file/download.do?fileSn=2010189&sysCode=JOSUNHOTEL HTTP/1.1" 404 721
0:0:0:0:0:0:0:1 - - [12/Jun/2024:16:54:47 +0900] "GET /hotel_prj/util/file/download.do?fileSn=2010215&sysCode=JOSUNHOTEL HTTP/1.1" 404 721
0:0:0:0:0:0:0:1 - - [12/Jun/2024:16:54:47 +0900] "GET /hotel_prj/util/file/download.do?fileSn=2010120&sysCode=JOSUNHOTEL HTTP/1.1" 404 721
0:0:0:0:0:0:0:1 - - [12/Jun/2024:16:54:47 +0900] "GET /hotel_prj/util/file/download.do?fileSn=2010127&sysCode=JOSUNHOTEL HTTP/1.1" 404 721
0:0:0:0:0:0:0:1 - - [12/Jun/2024:16:54:47 +0900] "GET /hotel_prj/util/file/download.do?fileSn=2010225&sysCode=JOSUNHOTEL HTTP/1.1" 404 721
0:0:0:0:0:0:0:1 - - [12/Jun/2024:16:54:47 +0900] "GET /hotel_prj/static/home/images/ko/pc/common/ico_toggle_w_15x8.png HTTP/1.1" 200 1146
0:0:0:0:0:0:0:1 - - [12/Jun/2024:16:55:48 +0900] "GET /hotel_prj/admin/index.do HTTP/1.1" 200 2876
0:0:0:0:0:0:0:1 - - [12/Jun/2024:16:55:48 +0900] "GET /hotel_prj/admin/assets/static/images/logo/logo.png HTTP/1.1" 200 144617
0:0:0:0:0:0:0:1 - - [12/Jun/2024:16:55:48 +0900] "GET /hotel_prj/admin/assets/compiled/css/app-dark.css HTTP/1.1" 200 260605
0:0:0:0:0:0:0:1 - - [12/Jun/2024:16:55:48 +0900] "GET /hotel_prj/admin/assets/compiled/css/app.css HTTP/1.1" 200 345542
0:0:0:0:0:0:0:1 - - [12/Jun/2024:16:55:48 +0900] "GET /hotel_prj/admin/assets/compiled/css/auth.css HTTP/1.1" 200 713
0:0:0:0:0:0:0:1 - - [12/Jun/2024:16:55:48 +0900] "GET /hotel_prj/admin/assets/static/js/initTheme.js HTTP/1.1" 200 165
0:0:0:0:0:0:0:1 - - [12/Jun/2024:16:55:49 +0900] "GET /hotel_prj/admin/assets/compiled/png/bg_main01.jpg HTTP/1.1" 200 193209
0:0:0:0:0:0:0:1 - - [12/Jun/2024:16:55:49 +0900] "GET /hotel_prj/admin/assets/compiled/fonts/nunito-latin-700-normal.woff2 HTTP/1.1" 200 13952
0:0:0:0:0:0:0:1 - - [12/Jun/2024:16:55:49 +0900] "GET /hotel_prj/admin/assets/compiled/fonts/bootstrap-icons.woff2 HTTP/1.1" 200 130396
0:0:0:0:0:0:0:1 - - [12/Jun/2024:16:55:49 +0900] "GET /hotel_prj/admin/assets/compiled/fonts/nunito-latin-400-normal.woff2 HTTP/1.1" 200 14060
127.0.0.1 - - [12/Jun/2024:16:56:10 +0900] "GET / HTTP/1.1" 404 807
0:0:0:0:0:0:0:1 - - [12/Jun/2024:16:56:11 +0900] "GET /hotel_prj/user/index.do HTTP/1.1" 200 72537
0:0:0:0:0:0:0:1 - - [12/Jun/2024:16:56:11 +0900] "GET /hotel_prj/util/file/download.do?fileSn=2039698&sysCode=FPBSS HTTP/1.1" 404 721
0:0:0:0:0:0:0:1 - - [12/Jun/2024:16:56:11 +0900] "GET /hotel_prj/util/file/download.do?fileSn=2009718&sysCode=PPJ HTTP/1.1" 404 721
0:0:0:0:0:0:0:1 - - [12/Jun/2024:16:56:11 +0900] "GET /hotel_prj/util/file/download.do?fileSn=1921790&sysCode=GJB HTTP/1.1" 404 721
0:0:0:0:0:0:0:1 - - [12/Jun/2024:16:56:11 +0900] "GET /hotel_prj/util/file/download.do?fileSn=1946318&sysCode=LESCAPE HTTP/1.1" 404 721
0:0:0:0:0:0:0:1 - - [12/Jun/2024:16:56:11 +0900] "GET /hotel_prj/util/file/download.do?fileSn=1878306&sysCode=TWCB HTTP/1.1" 404 721
0:0:0:0:0:0:0:1 - - [12/Jun/2024:16:56:11 +0900] "GET /hotel_prj/util/file/download.do?fileSn=1907379&sysCode=GRP HTTP/1.1" 404 721
0:0:0:0:0:0:0:1 - - [12/Jun/2024:16:56:11 +0900] "GET /hotel_prj/util/file/download.do?fileSn=1869669&sysCode=TWCB HTTP/1.1" 404 721
0:0:0:0:0:0:0:1 - - [12/Jun/2024:16:56:11 +0900] "GET /hotel_prj/util/file/download.do?fileSn=1845720&sysCode=FPBSM HTTP/1.1" 404 721
0:0:0:0:0:0:0:1 - - [12/Jun/2024:16:56:11 +0900] "GET /hotel_prj/util/file/download.do?fileSn=1798453&sysCode=TWC HTTP/1.1" 404 721
0:0:0:0:0:0:0:1 - - [12/Jun/2024:16:56:11 +0900] "GET /hotel_prj/util/file/download.do?fileSn=1798106&sysCode=TWC HTTP/1.1" 404 721
0:0:0:0:0:0:0:1 - - [12/Jun/2024:16:56:11 +0900] "GET /hotel_prj/util/file/download.do?fileSn=1772531&sysCode=TWCB HTTP/1.1" 404 721
0:0:0:0:0:0:0:1 - - [12/Jun/2024:16:56:11 +0900] "GET /hotel_prj/util/file/download.do?fileSn=1481795&sysCode=GJB HTTP/1.1" 404 721
0:0:0:0:0:0:0:1 - - [12/Jun/2024:16:56:11 +0900] "GET /hotel_prj/util/file/download.do?fileSn=1946272&sysCode=LESCAPE HTTP/1.1" 404 721
0:0:0:0:0:0:0:1 - - [12/Jun/2024:16:56:11 +0900] "GET /hotel_prj/util/file/download.do?fileSn=1666798&sysCode=FPBSS HTTP/1.1" 404 721
0:0:0:0:0:0:0:1 - - [12/Jun/2024:16:56:11 +0900] "GET /hotel_prj/util/file/download.do?fileSn=2010120&sysCode=JOSUNHOTEL HTTP/1.1" 404 721
0:0:0:0:0:0:0:1 - - [12/Jun/2024:16:56:11 +0900] "GET /hotel_prj/util/file/download.do?fileSn=1645126&sysCode=TWC HTTP/1.1" 404 721
0:0:0:0:0:0:0:1 - - [12/Jun/2024:16:56:11 +0900] "GET /hotel_prj/util/file/download.do?fileSn=2010127&sysCode=JOSUNHOTEL HTTP/1.1" 404 721
0:0:0:0:0:0:0:1 - - [12/Jun/2024:16:56:11 +0900] "GET /hotel_prj/util/file/download.do?fileSn=2010184&sysCode=JOSUNHOTEL HTTP/1.1" 404 721
0:0:0:0:0:0:0:1 - - [12/Jun/2024:16:56:11 +0900] "GET /hotel_prj/util/file/download.do?fileSn=2010189&sysCode=JOSUNHOTEL HTTP/1.1" 404 721
0:0:0:0:0:0:0:1 - - [12/Jun/2024:16:56:11 +0900] "GET /hotel_prj/util/file/download.do?fileSn=2010215&sysCode=JOSUNHOTEL HTTP/1.1" 404 721
0:0:0:0:0:0:0:1 - - [12/Jun/2024:16:56:11 +0900] "GET /hotel_prj/util/file/download.do?fileSn=2010225&sysCode=JOSUNHOTEL HTTP/1.1" 404 721
0:0:0:0:0:0:0:1 - - [12/Jun/2024:16:56:11 +0900] "GET /hotel_prj/user/util/file/download.do?fileSn=263788&sysCode=TWC HTTP/1.1" 404 721
0:0:0:0:0:0:0:1 - - [12/Jun/2024:16:56:11 +0900] "GET /massPromotion/get.json?_=1718178971127 HTTP/1.1" 404 833
0:0:0:0:0:0:0:1 - - [12/Jun/2024:16:56:11 +0900] "GET /hotel_prj/util/file/download.do?fileSn=2010127&sysCode=JOSUNHOTEL HTTP/1.1" 404 721
0:0:0:0:0:0:0:1 - - [12/Jun/2024:16:56:11 +0900] "GET /hotel_prj/util/file/download.do?fileSn=2010215&sysCode=JOSUNHOTEL HTTP/1.1" 404 721
0:0:0:0:0:0:0:1 - - [12/Jun/2024:16:56:11 +0900] "GET /hotel_prj/util/file/download.do?fileSn=2010120&sysCode=JOSUNHOTEL HTTP/1.1" 404 721
0:0:0:0:0:0:0:1 - - [12/Jun/2024:16:56:11 +0900] "GET /hotel_prj/util/file/download.do?fileSn=2010184&sysCode=JOSUNHOTEL HTTP/1.1" 404 721
0:0:0:0:0:0:0:1 - - [12/Jun/2024:16:56:11 +0900] "GET /hotel_prj/util/file/download.do?fileSn=2010225&sysCode=JOSUNHOTEL HTTP/1.1" 404 721
0:0:0:0:0:0:0:1 - - [12/Jun/2024:16:56:11 +0900] "GET /hotel_prj/util/file/download.do?fileSn=2010189&sysCode=JOSUNHOTEL HTTP/1.1" 404 721
127.0.0.1 - - [12/Jun/2024:16:56:52 +0900] "GET / HTTP/1.1" 404 807
0:0:0:0:0:0:0:1 - - [12/Jun/2024:16:56:53 +0900] "GET /hotel_prj/util/file/download.do?fileSn=2009718&sysCode=PPJ HTTP/1.1" 404 721
0:0:0:0:0:0:0:1 - - [12/Jun/2024:16:56:53 +0900] "GET /hotel_prj/util/file/download.do?fileSn=2039698&sysCode=FPBSS HTTP/1.1" 404 721
0:0:0:0:0:0:0:1 - - [12/Jun/2024:16:56:53 +0900] "GET /hotel_prj/util/file/download.do?fileSn=1869669&sysCode=TWCB HTTP/1.1" 404 721
0:0:0:0:0:0:0:1 - - [12/Jun/2024:16:56:53 +0900] "GET /hotel_prj/util/file/download.do?fileSn=1907379&sysCode=GRP HTTP/1.1" 404 721
0:0:0:0:0:0:0:1 - - [12/Jun/2024:16:56:53 +0900] "GET /hotel_prj/util/file/download.do?fileSn=1878306&sysCode=TWCB HTTP/1.1" 404 721
0:0:0:0:0:0:0:1 - - [12/Jun/2024:16:56:53 +0900] "GET /hotel_prj/util/file/download.do?fileSn=1946318&sysCode=LESCAPE HTTP/1.1" 404 721
0:0:0:0:0:0:0:1 - - [12/Jun/2024:16:56:53 +0900] "GET /hotel_prj/util/file/download.do?fileSn=1921790&sysCode=GJB HTTP/1.1" 404 721
0:0:0:0:0:0:0:1 - - [12/Jun/2024:16:56:53 +0900] "GET /hotel_prj/util/file/download.do?fileSn=1798453&sysCode=TWC HTTP/1.1" 404 721
0:0:0:0:0:0:0:1 - - [12/Jun/2024:16:56:53 +0900] "GET /hotel_prj/util/file/download.do?fileSn=1798106&sysCode=TWC HTTP/1.1" 404 721
0:0:0:0:0:0:0:1 - - [12/Jun/2024:16:56:53 +0900] "GET /hotel_prj/util/file/download.do?fileSn=1666798&sysCode=FPBSS HTTP/1.1" 404 721
0:0:0:0:0:0:0:1 - - [12/Jun/2024:16:56:53 +0900] "GET /hotel_prj/util/file/download.do?fileSn=1772531&sysCode=TWCB HTTP/1.1" 404 721
0:0:0:0:0:0:0:1 - - [12/Jun/2024:16:56:53 +0900] "GET /hotel_prj/util/file/download.do?fileSn=1845720&sysCode=FPBSM HTTP/1.1" 404 721
0:0:0:0:0:0:0:1 - - [12/Jun/2024:16:56:53 +0900] "GET /hotel_prj/util/file/download.do?fileSn=1481795&sysCode=GJB HTTP/1.1" 404 721
0:0:0:0:0:0:0:1 - - [12/Jun/2024:16:56:53 +0900] "GET /hotel_prj/util/file/download.do?fileSn=1946272&sysCode=LESCAPE HTTP/1.1" 404 721
0:0:0:0:0:0:0:1 - - [12/Jun/2024:16:56:53 +0900] "GET /hotel_prj/util/file/download.do?fileSn=2010127&sysCode=JOSUNHOTEL HTTP/1.1" 404 721
0:0:0:0:0:0:0:1 - - [12/Jun/2024:16:56:53 +0900] "GET /hotel_prj/util/file/download.do?fileSn=1645126&sysCode=TWC HTTP/1.1" 404 721
0:0:0:0:0:0:0:1 - - [12/Jun/2024:16:56:53 +0900] "GET /hotel_prj/util/file/download.do?fileSn=2010120&sysCode=JOSUNHOTEL HTTP/1.1" 404 721
0:0:0:0:0:0:0:1 - - [12/Jun/2024:16:56:53 +0900] "GET /hotel_prj/util/file/download.do?fileSn=2010215&sysCode=JOSUNHOTEL HTTP/1.1" 404 721
0:0:0:0:0:0:0:1 - - [12/Jun/2024:16:56:53 +0900] "GET /hotel_prj/util/file/download.do?fileSn=2010184&sysCode=JOSUNHOTEL HTTP/1.1" 404 721
0:0:0:0:0:0:0:1 - - [12/Jun/2024:16:56:53 +0900] "GET /hotel_prj/util/file/download.do?fileSn=2010189&sysCode=JOSUNHOTEL HTTP/1.1" 404 721
0:0:0:0:0:0:0:1 - - [12/Jun/2024:16:56:53 +0900] "GET /hotel_prj/user/index.do HTTP/1.1" 200 72541
0:0:0:0:0:0:0:1 - - [12/Jun/2024:16:56:53 +0900] "GET /hotel_prj/util/file/download.do?fileSn=2010225&sysCode=JOSUNHOTEL HTTP/1.1" 404 721
0:0:0:0:0:0:0:1 - - [12/Jun/2024:16:56:53 +0900] "GET /hotel_prj/user/util/file/download.do?fileSn=263788&sysCode=TWC HTTP/1.1" 404 721
0:0:0:0:0:0:0:1 - - [12/Jun/2024:16:56:53 +0900] "GET /massPromotion/get.json?_=1718179013206 HTTP/1.1" 404 833
0:0:0:0:0:0:0:1 - - [12/Jun/2024:16:56:53 +0900] "GET /hotel_prj/util/file/download.do?fileSn=2010120&sysCode=JOSUNHOTEL HTTP/1.1" 404 721
0:0:0:0:0:0:0:1 - - [12/Jun/2024:16:56:53 +0900] "GET /hotel_prj/util/file/download.do?fileSn=2010184&sysCode=JOSUNHOTEL HTTP/1.1" 404 721
0:0:0:0:0:0:0:1 - - [12/Jun/2024:16:56:53 +0900] "GET /hotel_prj/util/file/download.do?fileSn=2010127&sysCode=JOSUNHOTEL HTTP/1.1" 404 721
0:0:0:0:0:0:0:1 - - [12/Jun/2024:16:56:53 +0900] "GET /hotel_prj/util/file/download.do?fileSn=2010225&sysCode=JOSUNHOTEL HTTP/1.1" 404 721
0:0:0:0:0:0:0:1 - - [12/Jun/2024:16:56:53 +0900] "GET /hotel_prj/util/file/download.do?fileSn=2010189&sysCode=JOSUNHOTEL HTTP/1.1" 404 721
0:0:0:0:0:0:0:1 - - [12/Jun/2024:16:56:53 +0900] "GET /hotel_prj/util/file/download.do?fileSn=2010215&sysCode=JOSUNHOTEL HTTP/1.1" 404 721
0:0:0:0:0:0:0:1 - - [12/Jun/2024:16:57:00 +0900] "GET /hotel_prj/admin/login_frm.do HTTP/1.1" 200 2876
0:0:0:0:0:0:0:1 - - [12/Jun/2024:16:57:02 +0900] "GET /hotel_prj/admin/assets/compiled/css/iconly.css HTTP/1.1" 200 5238
0:0:0:0:0:0:0:1 - - [12/Jun/2024:16:57:02 +0900] "GET /hotel_prj/admin/assets/static/images/bootstrap-icons.svg HTTP/1.1" 200 1099229
0:0:0:0:0:0:0:1 - - [12/Jun/2024:16:57:02 +0900] "GET /hotel_prj/admin/assets/compiled/fonts/nunito-latin-600-normal.woff2 HTTP/1.1" 200 14224
0:0:0:0:0:0:0:1 - - [12/Jun/2024:16:57:02 +0900] "GET /hotel_prj/admin/assets/compiled/fonts/nunito-latin-800-normal.woff2 HTTP/1.1" 200 14164
0:0:0:0:0:0:0:1 - - [12/Jun/2024:16:57:02 +0900] "GET /hotel_prj/admin/assets/compiled/fonts/Iconly---Bold.ttf?jilz72 HTTP/1.1" 200 24484
0:0:0:0:0:0:0:1 - - [12/Jun/2024:16:57:02 +0900] "GET /hotel_prj/admin/dashboard.do? HTTP/1.1" 200 25702
0:0:0:0:0:0:0:1 - - [12/Jun/2024:16:57:02 +0900] "GET /hotel_prj/admin/assets/compiled/jpg/2.jpg HTTP/1.1" 200 186763
0:0:0:0:0:0:0:1 - - [12/Jun/2024:16:57:02 +0900] "GET /hotel_prj/admin/assets/compiled/jpg/5.jpg HTTP/1.1" 200 210377
0:0:0:0:0:0:0:1 - - [12/Jun/2024:16:57:02 +0900] "GET /hotel_prj/admin/assets/compiled/jpg/4.jpg HTTP/1.1" 200 189285
0:0:0:0:0:0:0:1 - - [12/Jun/2024:16:57:02 +0900] "GET /hotel_prj/admin/assets/compiled/jpg/3.jpg HTTP/1.1" 200 199048
0:0:0:0:0:0:0:1 - - [12/Jun/2024:16:57:02 +0900] "GET /hotel_prj/admin/assets/compiled/jpg/1.jpg HTTP/1.1" 200 201086
0:0:0:0:0:0:0:1 - - [12/Jun/2024:16:57:02 +0900] "GET /hotel_prj/admin/assets/compiled/jpg/8.jpg HTTP/1.1" 200 279736
0:0:0:0:0:0:0:1 - - [12/Jun/2024:16:57:02 +0900] "GET /hotel_prj/admin/assets/compiled/js/app.js HTTP/1.1" 200 310204
0:0:0:0:0:0:0:1 - - [12/Jun/2024:16:57:02 +0900] "GET /hotel_prj/admin/assets/extensions/apexcharts/apexcharts.min.js HTTP/1.1" 200 526341
0:0:0:0:0:0:0:1 - - [12/Jun/2024:16:57:02 +0900] "GET /hotel_prj/admin/assets/static/js/components/dark.js HTTP/1.1" 200 1557
0:0:0:0:0:0:0:1 - - [12/Jun/2024:16:57:02 +0900] "GET /hotel_prj/admin/assets/static/js/pages/dashboard.js HTTP/1.1" 200 3124
0:0:0:0:0:0:0:1 - - [12/Jun/2024:16:57:02 +0900] "GET /hotel_prj/admin/assets/extensions/perfect-scrollbar/perfect-scrollbar.min.js HTTP/1.1" 200 19597
0:0:0:0:0:0:0:1 - - [12/Jun/2024:16:57:07 +0900] "GET /hotel_prj/admin/dashboard.do? HTTP/1.1" 200 25702
0:0:0:0:0:0:0:1 - - [12/Jun/2024:16:57:11 +0900] "GET /hotel_prj/admin/login_frm.do HTTP/1.1" 200 2876
0:0:0:0:0:0:0:1 - - [12/Jun/2024:16:57:25 +0900] "GET /hotel_prj/user/index.do HTTP/1.1" 200 72541
0:0:0:0:0:0:0:1 - - [12/Jun/2024:16:57:25 +0900] "GET /hotel_prj/util/file/download.do?fileSn=2039698&sysCode=FPBSS HTTP/1.1" 404 721
0:0:0:0:0:0:0:1 - - [12/Jun/2024:16:57:25 +0900] "GET /hotel_prj/util/file/download.do?fileSn=2009718&sysCode=PPJ HTTP/1.1" 404 721
