127.0.0.1 - - [12/Jun/2024:17:18:16 +0900] "GET / HTTP/1.1" 404 807
0:0:0:0:0:0:0:1 - - [12/Jun/2024:17:18:16 +0900] "GET /spring_mvc/index.html HTTP/1.1" 304 -
0:0:0:0:0:0:0:1 - - [12/Jun/2024:17:18:16 +0900] "GET /favicon.ico HTTP/1.1" 404 818
0:0:0:0:0:0:0:1 - - [12/Jun/2024:17:18:16 +0900] "GET /spring_mvc/index.do HTTP/1.1" 200 5222
192.168.10.231 - - [12/Jun/2024:17:18:16 +0900] "GET /spring_mbv/common/css/board.css HTTP/1.1" 404 850
192.168.10.231 - - [12/Jun/2024:17:18:16 +0900] "GET /spring_mvc/common/css/main.css HTTP/1.1" 304 -
0:0:0:0:0:0:0:1 - - [12/Jun/2024:17:18:19 +0900] "GET /spring_mvc/day0611/test_exception.do HTTP/1.1" 200 1403
192.168.10.231 - - [12/Jun/2024:17:18:19 +0900] "GET /spring_mbv/common/css/board.css HTTP/1.1" 404 850
0:0:0:0:0:0:0:1 - - [12/Jun/2024:17:19:01 +0900] "GET /spring_mvc/index.do1 HTTP/1.1" 404 831
0:0:0:0:0:0:0:1 - - [12/Jun/2024:17:26:36 +0900] "GET /spring_mvc/index.do HTTP/1.1" 200 5578
192.168.10.231 - - [12/Jun/2024:17:26:36 +0900] "GET /spring_mbv/common/css/board.css HTTP/1.1" 404 850
192.168.10.231 - - [12/Jun/2024:17:26:36 +0900] "GET /spring_mvc/common/favicon.ico HTTP/1.1" 304 -
0:0:0:0:0:0:0:1 - - [12/Jun/2024:17:26:39 +0900] "GET /spring_mvc/day0612/err_403.do HTTP/1.1" 404 721
0:0:0:0:0:0:0:1 - - [12/Jun/2024:17:26:41 +0900] "POST /spring_mvc/day0612/err_403.do HTTP/1.1" 404 721
0:0:0:0:0:0:0:1 - - [12/Jun/2024:17:26:49 +0900] "GET /spring_mvc/day0612/err_500.do HTTP/1.1" 404 721
0:0:0:0:0:0:0:1 - - [12/Jun/2024:17:26:51 +0900] "GET /spring_mvc/day0612/err_403.do HTTP/1.1" 404 721
0:0:0:0:0:0:0:1 - - [12/Jun/2024:17:26:53 +0900] "POST /spring_mvc/day0612/err_403.do HTTP/1.1" 404 721
0:0:0:0:0:0:0:1 - - [12/Jun/2024:17:26:55 +0900] "POST /spring_mvc/day0612/err_403.do HTTP/1.1" 404 721
0:0:0:0:0:0:0:1 - - [12/Jun/2024:17:27:24 +0900] "GET /spring_mvc/index.do HTTP/1.1" 200 5578
192.168.10.231 - - [12/Jun/2024:17:27:24 +0900] "GET /spring_mbv/common/css/board.css HTTP/1.1" 404 850
0:0:0:0:0:0:0:1 - - [12/Jun/2024:17:27:26 +0900] "GET /spring_mvc/index.do HTTP/1.1" 200 5578
192.168.10.231 - - [12/Jun/2024:17:27:26 +0900] "GET /spring_mbv/common/css/board.css HTTP/1.1" 404 850
0:0:0:0:0:0:0:1 - - [12/Jun/2024:17:27:26 +0900] "GET /spring_mvc/index.do HTTP/1.1" 200 5578
192.168.10.231 - - [12/Jun/2024:17:27:26 +0900] "GET /spring_mbv/common/css/board.css HTTP/1.1" 404 850
0:0:0:0:0:0:0:1 - - [12/Jun/2024:17:27:26 +0900] "GET /spring_mvc/index.do HTTP/1.1" 200 5578
192.168.10.231 - - [12/Jun/2024:17:27:26 +0900] "GET /spring_mbv/common/css/board.css HTTP/1.1" 404 850
0:0:0:0:0:0:0:1 - - [12/Jun/2024:17:27:28 +0900] "POST /spring_mvc/day0612/err_405.do HTTP/1.1" 404 721
0:0:0:0:0:0:0:1 - - [12/Jun/2024:17:27:30 +0900] "GET /spring_mvc/day0612/err_405.do HTTP/1.1" 404 721
0:0:0:0:0:0:0:1 - - [12/Jun/2024:17:27:31 +0900] "GET /spring_mvc/index.do HTTP/1.1" 200 5578
192.168.10.231 - - [12/Jun/2024:17:27:31 +0900] "GET /spring_mbv/common/css/board.css HTTP/1.1" 404 850
0:0:0:0:0:0:0:1 - - [12/Jun/2024:17:27:32 +0900] "GET /spring_mvc/index.do HTTP/1.1" 200 5578
192.168.10.231 - - [12/Jun/2024:17:27:32 +0900] "GET /spring_mbv/common/css/board.css HTTP/1.1" 404 850
192.168.10.231 - - [12/Jun/2024:17:27:32 +0900] "GET /spring_mvc/common/css/main.css HTTP/1.1" 200 16461
192.168.10.231 - - [12/Jun/2024:17:27:32 +0900] "GET /spring_mvc/common/favicon.ico HTTP/1.1" 200 1150
0:0:0:0:0:0:0:1 - - [12/Jun/2024:17:27:34 +0900] "POST /spring_mvc/day0612/err_405.do HTTP/1.1" 404 721
0:0:0:0:0:0:0:1 - - [12/Jun/2024:17:27:34 +0900] "GET /favicon.ico HTTP/1.1" 404 818
0:0:0:0:0:0:0:1 - - [12/Jun/2024:17:28:30 +0900] "GET /spring_mvc/index.do HTTP/1.1" 200 5578
192.168.10.231 - - [12/Jun/2024:17:28:30 +0900] "GET /spring_mbv/common/css/board.css HTTP/1.1" 404 850
0:0:0:0:0:0:0:1 - - [12/Jun/2024:17:28:31 +0900] "GET /spring_mvc/day0612/err_500.do HTTP/1.1" 404 721
0:0:0:0:0:0:0:1 - - [12/Jun/2024:17:28:33 +0900] "GET /spring_mvc/day0612/err_500.do HTTP/1.1" 404 721
0:0:0:0:0:0:0:1 - - [12/Jun/2024:17:28:35 +0900] "POST /spring_mvc/day0612/err_405.do HTTP/1.1" 404 721
0:0:0:0:0:0:0:1 - - [12/Jun/2024:17:28:37 +0900] "GET /spring_mvc/day0612/err_405.do HTTP/1.1" 404 721
0:0:0:0:0:0:0:1 - - [12/Jun/2024:17:28:39 +0900] "POST /spring_mvc/day0612/err_405.do HTTP/1.1" 404 721
0:0:0:0:0:0:0:1 - - [12/Jun/2024:17:29:12 +0900] "GET /spring_mvc/index.do HTTP/1.1" 200 5578
192.168.10.231 - - [12/Jun/2024:17:29:12 +0900] "GET /spring_mbv/common/css/board.css HTTP/1.1" 404 850
0:0:0:0:0:0:0:1 - - [12/Jun/2024:17:29:12 +0900] "GET /spring_mvc/index.do HTTP/1.1" 200 5578
192.168.10.231 - - [12/Jun/2024:17:29:12 +0900] "GET /spring_mbv/common/css/board.css HTTP/1.1" 404 850
0:0:0:0:0:0:0:1 - - [12/Jun/2024:17:29:12 +0900] "GET /spring_mvc/index.do HTTP/1.1" 200 5578
192.168.10.231 - - [12/Jun/2024:17:29:12 +0900] "GET /spring_mbv/common/css/board.css HTTP/1.1" 404 850
0:0:0:0:0:0:0:1 - - [12/Jun/2024:17:29:13 +0900] "GET /spring_mvc/index.do HTTP/1.1" 200 5578
192.168.10.231 - - [12/Jun/2024:17:29:13 +0900] "GET /spring_mbv/common/css/board.css HTTP/1.1" 404 850
0:0:0:0:0:0:0:1 - - [12/Jun/2024:17:29:13 +0900] "GET /spring_mvc/index.do HTTP/1.1" 200 5578
192.168.10.231 - - [12/Jun/2024:17:29:13 +0900] "GET /spring_mbv/common/css/board.css HTTP/1.1" 404 850
0:0:0:0:0:0:0:1 - - [12/Jun/2024:17:29:14 +0900] "POST /spring_mvc/day0612/err_405.do HTTP/1.1" 404 721
0:0:0:0:0:0:0:1 - - [12/Jun/2024:17:29:42 +0900] "POST /spring_mvc/day0612/err_405.do HTTP/1.1" 404 721
0:0:0:0:0:0:0:1 - - [12/Jun/2024:17:29:46 +0900] "GET /spring_mvc/index.do HTTP/1.1" 200 5577
192.168.10.231 - - [12/Jun/2024:17:29:46 +0900] "GET /spring_mbv/common/css/board.css HTTP/1.1" 404 850
0:0:0:0:0:0:0:1 - - [12/Jun/2024:17:29:47 +0900] "GET /spring_mvc/day0612/err_500.do HTTP/1.1" 404 721
0:0:0:0:0:0:0:1 - - [12/Jun/2024:17:29:50 +0900] "GET /spring_mvc/day0612/err_500.do HTTP/1.1" 404 721
0:0:0:0:0:0:0:1 - - [12/Jun/2024:17:29:52 +0900] "GET /spring_mvc/day0612/err_405.do? HTTP/1.1" 404 721
0:0:0:0:0:0:0:1 - - [12/Jun/2024:17:29:54 +0900] "GET /spring_mvc/day0612/err_403.do HTTP/1.1" 404 721
0:0:0:0:0:0:0:1 - - [12/Jun/2024:17:29:56 +0900] "GET /spring_mvc/day0612/err_500.do HTTP/1.1" 404 721
0:0:0:0:0:0:0:1 - - [12/Jun/2024:17:31:01 +0900] "GET /spring_mvc/index.do HTTP/1.1" 200 5577
192.168.10.231 - - [12/Jun/2024:17:31:01 +0900] "GET /spring_mbv/common/css/board.css HTTP/1.1" 404 850
0:0:0:0:0:0:0:1 - - [12/Jun/2024:17:31:02 +0900] "GET /spring_mvc/index.do HTTP/1.1" 200 5577
192.168.10.231 - - [12/Jun/2024:17:31:02 +0900] "GET /spring_mbv/common/css/board.css HTTP/1.1" 404 850
0:0:0:0:0:0:0:1 - - [12/Jun/2024:17:31:03 +0900] "GET /spring_mvc/day0612/err_500.do HTTP/1.1" 404 721
0:0:0:0:0:0:0:1 - - [12/Jun/2024:17:33:58 +0900] "GET /spring_mvc/index.do HTTP/1.1" 200 5577
192.168.10.231 - - [12/Jun/2024:17:33:58 +0900] "GET /spring_mbv/common/css/board.css HTTP/1.1" 404 850
0:0:0:0:0:0:0:1 - - [12/Jun/2024:17:33:58 +0900] "GET /spring_mvc/index.do HTTP/1.1" 200 5577
192.168.10.231 - - [12/Jun/2024:17:33:58 +0900] "GET /spring_mbv/common/css/board.css HTTP/1.1" 404 850
0:0:0:0:0:0:0:1 - - [12/Jun/2024:17:33:58 +0900] "GET /spring_mvc/index.do HTTP/1.1" 200 5577
192.168.10.231 - - [12/Jun/2024:17:33:58 +0900] "GET /spring_mbv/common/css/board.css HTTP/1.1" 404 850
0:0:0:0:0:0:0:1 - - [12/Jun/2024:17:34:00 +0900] "GET /spring_mvc/day0612/err_403.do HTTP/1.1" 404 721
0:0:0:0:0:0:0:1 - - [12/Jun/2024:17:34:03 +0900] "GET /spring_mvc/day0612/err_405.do? HTTP/1.1" 404 721
0:0:0:0:0:0:0:1 - - [12/Jun/2024:17:34:13 +0900] "GET /spring_mvc/day0612/err_405.do? HTTP/1.1" 404 721
0:0:0:0:0:0:0:1 - - [12/Jun/2024:17:34:25 +0900] "GET /spring_mvc/day0612/err_500.do HTTP/1.1" 404 721
0:0:0:0:0:0:0:1 - - [12/Jun/2024:17:34:44 +0900] "GET /spring_mvc/day0612/err_405.do? HTTP/1.1" 404 721
0:0:0:0:0:0:0:1 - - [12/Jun/2024:17:34:47 +0900] "GET /spring_mvc/day0612/err_500.do HTTP/1.1" 404 721
0:0:0:0:0:0:0:1 - - [12/Jun/2024:17:35:12 +0900] "GET /spring_mvc/index.do HTTP/1.1" 200 5577
192.168.10.231 - - [12/Jun/2024:17:35:12 +0900] "GET /spring_mbv/common/css/board.css HTTP/1.1" 404 850
0:0:0:0:0:0:0:1 - - [12/Jun/2024:17:35:12 +0900] "GET /spring_mvc/index.do HTTP/1.1" 200 5577
192.168.10.231 - - [12/Jun/2024:17:35:12 +0900] "GET /spring_mbv/common/css/board.css HTTP/1.1" 404 850
0:0:0:0:0:0:0:1 - - [12/Jun/2024:17:35:12 +0900] "GET /spring_mvc/index.do HTTP/1.1" 200 5577
192.168.10.231 - - [12/Jun/2024:17:35:12 +0900] "GET /spring_mbv/common/css/board.css HTTP/1.1" 404 850
0:0:0:0:0:0:0:1 - - [12/Jun/2024:17:35:12 +0900] "GET /spring_mvc/index.do HTTP/1.1" 200 5577
192.168.10.231 - - [12/Jun/2024:17:35:12 +0900] "GET /spring_mbv/common/css/board.css HTTP/1.1" 404 850
0:0:0:0:0:0:0:1 - - [12/Jun/2024:17:35:14 +0900] "GET /spring_mvc/day0612/err_500.do HTTP/1.1" 404 721
0:0:0:0:0:0:0:1 - - [12/Jun/2024:17:35:49 +0900] "GET /spring_mvc/index.do HTTP/1.1" 200 5577
192.168.10.231 - - [12/Jun/2024:17:35:49 +0900] "GET /spring_mbv/common/css/board.css HTTP/1.1" 404 850
0:0:0:0:0:0:0:1 - - [12/Jun/2024:17:35:49 +0900] "GET /spring_mvc/index.do HTTP/1.1" 200 5577
192.168.10.231 - - [12/Jun/2024:17:35:49 +0900] "GET /spring_mbv/common/css/board.css HTTP/1.1" 404 850
0:0:0:0:0:0:0:1 - - [12/Jun/2024:17:35:50 +0900] "GET /spring_mvc/day0612/err_403.do HTTP/1.1" 404 721
0:0:0:0:0:0:0:1 - - [12/Jun/2024:17:35:53 +0900] "GET /spring_mvc/day0612/err_405.do? HTTP/1.1" 404 721
0:0:0:0:0:0:0:1 - - [12/Jun/2024:17:38:02 +0900] "GET /spring_mvc/index.do HTTP/1.1" 200 5578
192.168.10.231 - - [12/Jun/2024:17:38:02 +0900] "GET /spring_mbv/common/css/board.css HTTP/1.1" 404 850
0:0:0:0:0:0:0:1 - - [12/Jun/2024:17:38:02 +0900] "GET /spring_mvc/index.do HTTP/1.1" 200 5578
192.168.10.231 - - [12/Jun/2024:17:38:02 +0900] "GET /spring_mbv/common/css/board.css HTTP/1.1" 404 850
0:0:0:0:0:0:0:1 - - [12/Jun/2024:17:38:03 +0900] "GET /spring_mvc/index.do HTTP/1.1" 200 5578
192.168.10.231 - - [12/Jun/2024:17:38:03 +0900] "GET /spring_mbv/common/css/board.css HTTP/1.1" 404 850
0:0:0:0:0:0:0:1 - - [12/Jun/2024:17:38:03 +0900] "GET /spring_mvc/index.do HTTP/1.1" 200 5578
192.168.10.231 - - [12/Jun/2024:17:38:03 +0900] "GET /spring_mbv/common/css/board.css HTTP/1.1" 404 850
0:0:0:0:0:0:0:1 - - [12/Jun/2024:17:38:04 +0900] "POST /spring_mvc/day0612/err_405.do HTTP/1.1" 404 721
0:0:0:0:0:0:0:1 - - [12/Jun/2024:17:38:08 +0900] "POST /spring_mvc/day0612/err_405.do HTTP/1.1" 404 721
127.0.0.1 - - [12/Jun/2024:17:42:49 +0900] "GET / HTTP/1.1" 404 807
0:0:0:0:0:0:0:1 - - [12/Jun/2024:17:42:49 +0900] "GET /spring_mvc/common/images/404.png HTTP/1.1" 200 6664
127.0.0.1 - - [12/Jun/2024:17:43:26 +0900] "GET / HTTP/1.1" 404 807
0:0:0:0:0:0:0:1 - - [12/Jun/2024:17:43:26 +0900] "GET /spring_mvc/index.do HTTP/1.1" 200 5578
192.168.10.231 - - [12/Jun/2024:17:43:26 +0900] "GET /spring_mbv/common/css/board.css HTTP/1.1" 404 850
0:0:0:0:0:0:0:1 - - [12/Jun/2024:17:43:28 +0900] "GET /spring_mvc/day0612/err_403.do HTTP/1.1" 404 224
0:0:0:0:0:0:0:1 - - [12/Jun/2024:17:43:28 +0900] "GET /spring_mvc/common/images/404.png HTTP/1.1" 304 -
0:0:0:0:0:0:0:1 - - [12/Jun/2024:17:43:32 +0900] "GET /spring_mvc/day0612/err_500.do HTTP/1.1" 200 1281
192.168.10.231 - - [12/Jun/2024:17:43:32 +0900] "GET /spring_mbv/common/css/board.css HTTP/1.1" 404 850
0:0:0:0:0:0:0:1 - - [12/Jun/2024:17:43:35 +0900] "GET /spring_mvc/day0612/err_500.do HTTP/1.1" 200 1281
192.168.10.231 - - [12/Jun/2024:17:43:35 +0900] "GET /spring_mbv/common/css/board.css HTTP/1.1" 404 850
0:0:0:0:0:0:0:1 - - [12/Jun/2024:17:47:07 +0900] "GET /spring_mvc/index.do HTTP/1.1" 200 5578
192.168.10.231 - - [12/Jun/2024:17:47:07 +0900] "GET /spring_mbv/common/css/board.css HTTP/1.1" 404 850
0:0:0:0:0:0:0:1 - - [12/Jun/2024:17:47:08 +0900] "GET /spring_mvc/day0612/err_404.do HTTP/1.1" 404 224
0:0:0:0:0:0:0:1 - - [12/Jun/2024:17:47:08 +0900] "GET /spring_mvc/common/images/404.png HTTP/1.1" 304 -
0:0:0:0:0:0:0:1 - - [12/Jun/2024:17:47:12 +0900] "POST /spring_mvc/day0612/err_405.do HTTP/1.1" 200 1281
192.168.10.231 - - [12/Jun/2024:17:47:12 +0900] "GET /spring_mbv/common/css/board.css HTTP/1.1" 404 850
0:0:0:0:0:0:0:1 - - [12/Jun/2024:17:47:14 +0900] "POST /spring_mvc/day0612/err_405.do HTTP/1.1" 200 1281
192.168.10.231 - - [12/Jun/2024:17:47:14 +0900] "GET /spring_mbv/common/css/board.css HTTP/1.1" 404 850
0:0:0:0:0:0:0:1 - - [12/Jun/2024:17:47:15 +0900] "GET /spring_mvc/index.do HTTP/1.1" 200 5578
192.168.10.231 - - [12/Jun/2024:17:47:15 +0900] "GET /spring_mbv/common/css/board.css HTTP/1.1" 404 850
0:0:0:0:0:0:0:1 - - [12/Jun/2024:17:47:16 +0900] "POST /spring_mvc/day0612/err_405.do HTTP/1.1" 200 1281
192.168.10.231 - - [12/Jun/2024:17:47:16 +0900] "GET /spring_mbv/common/css/board.css HTTP/1.1" 404 850
0:0:0:0:0:0:0:1 - - [12/Jun/2024:17:47:18 +0900] "GET /spring_mvc/day0612/err_500.do HTTP/1.1" 500 254
0:0:0:0:0:0:0:1 - - [12/Jun/2024:17:47:18 +0900] "GET /spring_mvc/common/images/500.png HTTP/1.1" 200 5328
0:0:0:0:0:0:0:1 - - [12/Jun/2024:17:49:15 +0900] "POST /spring_mvc/day0612/err_405.do HTTP/1.1" 200 1281
192.168.10.231 - - [12/Jun/2024:17:49:15 +0900] "GET /spring_mbv/common/css/board.css HTTP/1.1" 404 850
0:0:0:0:0:0:0:1 - - [12/Jun/2024:17:49:18 +0900] "POST /spring_mvc/day0612/err_405.do HTTP/1.1" 200 1281
192.168.10.231 - - [12/Jun/2024:17:49:18 +0900] "GET /spring_mbv/common/css/board.css HTTP/1.1" 404 850
0:0:0:0:0:0:0:1 - - [12/Jun/2024:17:49:39 +0900] "GET /spring_mvc/index.do HTTP/1.1" 200 5577
192.168.10.231 - - [12/Jun/2024:17:49:39 +0900] "GET /spring_mbv/common/css/board.css HTTP/1.1" 404 850
0:0:0:0:0:0:0:1 - - [12/Jun/2024:17:49:39 +0900] "GET /spring_mvc/index.do HTTP/1.1" 200 5577
192.168.10.231 - - [12/Jun/2024:17:49:39 +0900] "GET /spring_mbv/common/css/board.css HTTP/1.1" 404 850
0:0:0:0:0:0:0:1 - - [12/Jun/2024:17:49:39 +0900] "GET /spring_mvc/index.do HTTP/1.1" 200 5577
192.168.10.231 - - [12/Jun/2024:17:49:39 +0900] "GET /spring_mbv/common/css/board.css HTTP/1.1" 404 850
0:0:0:0:0:0:0:1 - - [12/Jun/2024:17:49:39 +0900] "GET /spring_mvc/index.do HTTP/1.1" 200 5577
192.168.10.231 - - [12/Jun/2024:17:49:39 +0900] "GET /spring_mbv/common/css/board.css HTTP/1.1" 404 850
0:0:0:0:0:0:0:1 - - [12/Jun/2024:17:49:39 +0900] "GET /spring_mvc/index.do HTTP/1.1" 200 5577
192.168.10.231 - - [12/Jun/2024:17:49:39 +0900] "GET /spring_mbv/common/css/board.css HTTP/1.1" 404 850
0:0:0:0:0:0:0:1 - - [12/Jun/2024:17:49:39 +0900] "GET /spring_mvc/index.do HTTP/1.1" 200 5577
192.168.10.231 - - [12/Jun/2024:17:49:39 +0900] "GET /spring_mbv/common/css/board.css HTTP/1.1" 404 850
0:0:0:0:0:0:0:1 - - [12/Jun/2024:17:49:40 +0900] "GET /spring_mvc/index.do HTTP/1.1" 200 5577
192.168.10.231 - - [12/Jun/2024:17:49:40 +0900] "GET /spring_mbv/common/css/board.css HTTP/1.1" 404 850
0:0:0:0:0:0:0:1 - - [12/Jun/2024:17:49:40 +0900] "GET /spring_mvc/index.do HTTP/1.1" 200 5577
192.168.10.231 - - [12/Jun/2024:17:49:40 +0900] "GET /spring_mbv/common/css/board.css HTTP/1.1" 404 850
0:0:0:0:0:0:0:1 - - [12/Jun/2024:17:49:41 +0900] "GET /spring_mvc/day0612/err_405.do? HTTP/1.1" 405 247
0:0:0:0:0:0:0:1 - - [12/Jun/2024:17:49:41 +0900] "GET /spring_mvc/common/images/405.png HTTP/1.1" 200 7983
127.0.0.1 - - [12/Jun/2024:17:57:02 +0900] "GET / HTTP/1.1" 404 807
0:0:0:0:0:0:0:1 - - [12/Jun/2024:17:57:03 +0900] "GET /spring_mvc/index.do HTTP/1.1" 200 5660
192.168.10.231 - - [12/Jun/2024:17:57:03 +0900] "GET /spring_mbv/common/css/board.css HTTP/1.1" 404 850
0:0:0:0:0:0:0:1 - - [12/Jun/2024:17:57:07 +0900] "GET /spring_mvc/day0611/test_exception2.do HTTP/1.1" 200 1443
192.168.10.231 - - [12/Jun/2024:17:57:07 +0900] "GET /spring_mbv/common/css/board.css HTTP/1.1" 404 850
0:0:0:0:0:0:0:1 - - [12/Jun/2024:17:57:10 +0900] "GET /spring_mvc/day0611/test_exception.do HTTP/1.1" 200 1284
192.168.10.231 - - [12/Jun/2024:17:57:10 +0900] "GET /spring_mbv/common/css/board.css HTTP/1.1" 404 850
0:0:0:0:0:0:0:1 - - [12/Jun/2024:17:57:12 +0900] "GET /spring_mvc/day0611/test_exception2.do HTTP/1.1" 200 1443
192.168.10.231 - - [12/Jun/2024:17:57:12 +0900] "GET /spring_mbv/common/css/board.css HTTP/1.1" 404 850
0:0:0:0:0:0:0:1 - - [12/Jun/2024:17:57:16 +0900] "GET /spring_mvc/day0611/test_exception2.do HTTP/1.1" 200 1443
192.168.10.231 - - [12/Jun/2024:17:57:16 +0900] "GET /spring_mbv/common/css/board.css HTTP/1.1" 404 850
0:0:0:0:0:0:0:1 - - [12/Jun/2024:17:57:18 +0900] "GET /spring_mvc/day0611/test_exception2.do HTTP/1.1" 200 1443
192.168.10.231 - - [12/Jun/2024:17:57:18 +0900] "GET /spring_mbv/common/css/board.css HTTP/1.1" 404 850
0:0:0:0:0:0:0:1 - - [12/Jun/2024:17:57:33 +0900] "GET /spring_mvc/day0611/test_exception2.do HTTP/1.1" 200 1284
192.168.10.231 - - [12/Jun/2024:17:57:33 +0900] "GET /spring_mbv/common/css/board.css HTTP/1.1" 404 850
0:0:0:0:0:0:0:1 - - [12/Jun/2024:17:57:35 +0900] "GET /spring_mvc/day0611/test_exception.do HTTP/1.1" 200 1284
192.168.10.231 - - [12/Jun/2024:17:57:35 +0900] "GET /spring_mbv/common/css/board.css HTTP/1.1" 404 850
0:0:0:0:0:0:0:1 - - [12/Jun/2024:17:57:37 +0900] "GET /spring_mvc/day0611/test_exception2.do HTTP/1.1" 200 1443
192.168.10.231 - - [12/Jun/2024:17:57:37 +0900] "GET /spring_mbv/common/css/board.css HTTP/1.1" 404 850
0:0:0:0:0:0:0:1 - - [12/Jun/2024:17:57:39 +0900] "GET /spring_mvc/day0611/test_exception.do HTTP/1.1" 200 1284
192.168.10.231 - - [12/Jun/2024:17:57:39 +0900] "GET /spring_mbv/common/css/board.css HTTP/1.1" 404 850
0:0:0:0:0:0:0:1 - - [12/Jun/2024:17:57:40 +0900] "GET /spring_mvc/day0611/test_exception.do HTTP/1.1" 200 1284
192.168.10.231 - - [12/Jun/2024:17:57:40 +0900] "GET /spring_mbv/common/css/board.css HTTP/1.1" 404 850
0:0:0:0:0:0:0:1 - - [12/Jun/2024:17:57:40 +0900] "GET /spring_mvc/day0611/test_exception.do HTTP/1.1" 200 1403
192.168.10.231 - - [12/Jun/2024:17:57:40 +0900] "GET /spring_mbv/common/css/board.css HTTP/1.1" 404 850
0:0:0:0:0:0:0:1 - - [12/Jun/2024:17:57:41 +0900] "GET /spring_mvc/day0611/test_exception.do HTTP/1.1" 200 1284
192.168.10.231 - - [12/Jun/2024:17:57:41 +0900] "GET /spring_mbv/common/css/board.css HTTP/1.1" 404 850
0:0:0:0:0:0:0:1 - - [12/Jun/2024:17:57:41 +0900] "GET /spring_mvc/day0611/test_exception.do HTTP/1.1" 200 1403
192.168.10.231 - - [12/Jun/2024:17:57:41 +0900] "GET /spring_mbv/common/css/board.css HTTP/1.1" 404 850
127.0.0.1 - - [12/Jun/2024:11:33:50 +0900] "GET / HTTP/1.1" 404 807
0:0:0:0:0:0:0:1 - - [12/Jun/2024:11:33:51 +0900] "GET /interceptor_prj/WEB-INF/index.html HTTP/1.1" 404 721
0:0:0:0:0:0:0:1 - - [12/Jun/2024:11:35:31 +0900] "GET /interceptor_prj/WEB-INF/index.html HTTP/1.1" 404 721
0:0:0:0:0:0:0:1 - - [12/Jun/2024:11:35:32 +0900] "GET /interceptor_prj/WEB-INF/index.html HTTP/1.1" 404 721
0:0:0:0:0:0:0:1 - - [12/Jun/2024:11:35:32 +0900] "GET /interceptor_prj/WEB-INF/index.html HTTP/1.1" 404 721
0:0:0:0:0:0:0:1 - - [12/Jun/2024:11:35:32 +0900] "GET /interceptor_prj/WEB-INF/index.html HTTP/1.1" 404 721
127.0.0.1 - - [12/Jun/2024:11:35:44 +0900] "GET / HTTP/1.1" 404 807
0:0:0:0:0:0:0:1 - - [12/Jun/2024:11:35:45 +0900] "GET /interceptor_prj/WEB-INF/index.html HTTP/1.1" 404 721
127.0.0.1 - - [12/Jun/2024:11:36:23 +0900] "GET / HTTP/1.1" 404 807
0:0:0:0:0:0:0:1 - - [12/Jun/2024:11:36:23 +0900] "GET /interceptor_prj/index.html HTTP/1.1" 200 232
0:0:0:0:0:0:0:1 - - [12/Jun/2024:11:36:23 +0900] "GET /interceptor_prj/index.do HTTP/1.1" 200 1327
192.168.10.231 - - [12/Jun/2024:11:36:23 +0900] "GET /spring_mbv/common/css/board.css HTTP/1.1" 404 850
0:0:0:0:0:0:0:1 - - [12/Jun/2024:11:39:40 +0900] "GET /interceptor_prj/index.html HTTP/1.1" 304 -
0:0:0:0:0:0:0:1 - - [12/Jun/2024:11:39:40 +0900] "GET /interceptor_prj/index.do HTTP/1.1" 200 1327
192.168.10.231 - - [12/Jun/2024:11:39:40 +0900] "GET /spring_mbv/common/css/board.css HTTP/1.1" 404 850
127.0.0.1 - - [12/Jun/2024:11:41:52 +0900] "GET / HTTP/1.1" 404 807
0:0:0:0:0:0:0:1 - - [12/Jun/2024:11:41:52 +0900] "GET /interceptor_prj/index.html HTTP/1.1" 304 -
0:0:0:0:0:0:0:1 - - [12/Jun/2024:11:41:53 +0900] "GET /interceptor_prj/index.do HTTP/1.1" 200 1327
192.168.10.231 - - [12/Jun/2024:11:41:53 +0900] "GET /spring_mbv/common/css/board.css HTTP/1.1" 404 850
127.0.0.1 - - [12/Jun/2024:12:05:19 +0900] "GET / HTTP/1.1" 404 807
0:0:0:0:0:0:0:1 - - [12/Jun/2024:12:05:19 +0900] "GET /interceptor_prj/index.html HTTP/1.1" 304 -
0:0:0:0:0:0:0:1 - - [12/Jun/2024:12:05:19 +0900] "GET /interceptor_prj/index.do HTTP/1.1" 200 1327
192.168.10.231 - - [12/Jun/2024:12:05:19 +0900] "GET /spring_mbv/common/css/board.css HTTP/1.1" 404 850
127.0.0.1 - - [12/Jun/2024:12:06:05 +0900] "GET / HTTP/1.1" 404 807
0:0:0:0:0:0:0:1 - - [12/Jun/2024:12:06:06 +0900] "GET /interceptor_prj/index.do HTTP/1.1" 200 1327
192.168.10.231 - - [12/Jun/2024:12:06:06 +0900] "GET /spring_mbv/common/css/board.css HTTP/1.1" 404 850
127.0.0.1 - - [12/Jun/2024:12:11:54 +0900] "GET / HTTP/1.1" 404 807
0:0:0:0:0:0:0:1 - - [12/Jun/2024:12:11:55 +0900] "GET /interceptor_prj/index.html HTTP/1.1" 200 232
0:0:0:0:0:0:0:1 - - [12/Jun/2024:12:11:55 +0900] "GET /interceptor_prj/index.do HTTP/1.1" 200 1327
192.168.10.231 - - [12/Jun/2024:12:11:55 +0900] "GET /spring_mbv/common/css/board.css HTTP/1.1" 404 850
127.0.0.1 - - [12/Jun/2024:12:16:49 +0900] "GET / HTTP/1.1" 404 807
0:0:0:0:0:0:0:1 - - [12/Jun/2024:12:16:49 +0900] "GET /interceptor_prj/index.html HTTP/1.1" 304 -
0:0:0:0:0:0:0:1 - - [12/Jun/2024:12:16:50 +0900] "GET /interceptor_prj/index.do HTTP/1.1" 200 1400
192.168.10.231 - - [12/Jun/2024:12:16:50 +0900] "GET /spring_mbv/common/css/board.css HTTP/1.1" 404 850
127.0.0.1 - - [12/Jun/2024:12:17:46 +0900] "GET / HTTP/1.1" 404 807
0:0:0:0:0:0:0:1 - - [12/Jun/2024:12:17:46 +0900] "GET /interceptor_prj/WEB-INF/classes/kr/co/sist/admin/controller/AdminMainController.java HTTP/1.1" 404 721
0:0:0:0:0:0:0:1 - - [12/Jun/2024:12:18:24 +0900] "GET /interceptor_prj/WEB-INF/views/admin/admin_login_frm.jsp HTTP/1.1" 404 721
0:0:0:0:0:0:0:1 - - [12/Jun/2024:12:20:41 +0900] "GET /interceptor_prj/WEB-INF/views/admin/admin_login_frm.jsp HTTP/1.1" 404 721
0:0:0:0:0:0:0:1 - - [12/Jun/2024:12:20:48 +0900] "GET /interceptor_prj/index.do HTTP/1.1" 200 1418
192.168.10.231 - - [12/Jun/2024:12:20:48 +0900] "GET /spring_mbv/common/css/board.css HTTP/1.1" 404 850
0:0:0:0:0:0:0:1 - - [12/Jun/2024:12:20:49 +0900] "GET /interceptor_prj/admin/login_frm.do HTTP/1.1" 200 1406
192.168.10.231 - - [12/Jun/2024:12:20:49 +0900] "GET /spring_mbv/common/css/board.css HTTP/1.1" 404 850
0:0:0:0:0:0:0:1 - - [12/Jun/2024:12:20:51 +0900] "GET /damin/set_session.do HTTP/1.1" 404 831
0:0:0:0:0:0:0:1 - - [12/Jun/2024:12:20:52 +0900] "GET /interceptor_prj/admin/login_frm.do HTTP/1.1" 200 1406
192.168.10.231 - - [12/Jun/2024:12:20:52 +0900] "GET /spring_mbv/common/css/board.css HTTP/1.1" 404 850
0:0:0:0:0:0:0:1 - - [12/Jun/2024:12:20:52 +0900] "GET /admin/dashboard/dashboard.do HTTP/1.1" 404 843
127.0.0.1 - - [12/Jun/2024:12:21:26 +0900] "GET / HTTP/1.1" 404 807
0:0:0:0:0:0:0:1 - - [12/Jun/2024:12:21:26 +0900] "GET /interceptor_prj/index.html HTTP/1.1" 304 -
0:0:0:0:0:0:0:1 - - [12/Jun/2024:12:21:26 +0900] "GET /interceptor_prj/index.do HTTP/1.1" 200 1418
192.168.10.231 - - [12/Jun/2024:12:21:26 +0900] "GET /spring_mbv/common/css/board.css HTTP/1.1" 404 850
0:0:0:0:0:0:0:1 - - [12/Jun/2024:12:21:28 +0900] "GET /interceptor_prj/admin/login_frm.do HTTP/1.1" 200 1392
192.168.10.231 - - [12/Jun/2024:12:21:28 +0900] "GET /spring_mbv/common/css/board.css HTTP/1.1" 404 850
0:0:0:0:0:0:0:1 - - [12/Jun/2024:12:21:28 +0900] "GET /interceptor_prj/admin/dashboard/dashboard.do HTTP/1.1" 404 721
0:0:0:0:0:0:0:1 - - [12/Jun/2024:12:21:30 +0900] "GET /interceptor_prj/admin/login_frm.do HTTP/1.1" 200 1392
192.168.10.231 - - [12/Jun/2024:12:21:30 +0900] "GET /spring_mbv/common/css/board.css HTTP/1.1" 404 850
0:0:0:0:0:0:0:1 - - [12/Jun/2024:12:21:30 +0900] "GET /interceptor_prj/admin/set_session.do HTTP/1.1" 404 841
0:0:0:0:0:0:0:1 - - [12/Jun/2024:12:21:54 +0900] "GET /interceptor_prj/admin/login_frm.do HTTP/1.1" 200 1392
192.168.10.231 - - [12/Jun/2024:12:21:54 +0900] "GET /spring_mbv/common/css/board.css HTTP/1.1" 404 850
0:0:0:0:0:0:0:1 - - [12/Jun/2024:12:21:54 +0900] "GET /interceptor_prj/admin/login_frm.do HTTP/1.1" 200 1392
192.168.10.231 - - [12/Jun/2024:12:21:54 +0900] "GET /spring_mbv/common/css/board.css HTTP/1.1" 404 850
0:0:0:0:0:0:0:1 - - [12/Jun/2024:12:21:55 +0900] "GET /interceptor_prj/admin/login_frm.do HTTP/1.1" 200 1392
192.168.10.231 - - [12/Jun/2024:12:21:55 +0900] "GET /spring_mbv/common/css/board.css HTTP/1.1" 404 850
0:0:0:0:0:0:0:1 - - [12/Jun/2024:12:21:55 +0900] "GET /interceptor_prj/admin/login_frm.do HTTP/1.1" 200 1392
192.168.10.231 - - [12/Jun/2024:12:21:55 +0900] "GET /spring_mbv/common/css/board.css HTTP/1.1" 404 850
0:0:0:0:0:0:0:1 - - [12/Jun/2024:12:21:55 +0900] "GET /interceptor_prj/admin/login_frm.do HTTP/1.1" 200 1392
192.168.10.231 - - [12/Jun/2024:12:21:55 +0900] "GET /spring_mbv/common/css/board.css HTTP/1.1" 404 850
0:0:0:0:0:0:0:1 - - [12/Jun/2024:12:21:55 +0900] "GET /interceptor_prj/admin/login_frm.do HTTP/1.1" 200 1392
192.168.10.231 - - [12/Jun/2024:12:21:55 +0900] "GET /spring_mbv/common/css/board.css HTTP/1.1" 404 850
0:0:0:0:0:0:0:1 - - [12/Jun/2024:12:21:55 +0900] "GET /interceptor_prj/admin/login_frm.do HTTP/1.1" 200 1392
192.168.10.231 - - [12/Jun/2024:12:21:55 +0900] "GET /spring_mbv/common/css/board.css HTTP/1.1" 404 850
0:0:0:0:0:0:0:1 - - [12/Jun/2024:12:21:55 +0900] "GET /interceptor_prj/admin/login_frm.do HTTP/1.1" 200 1392
192.168.10.231 - - [12/Jun/2024:12:21:55 +0900] "GET /spring_mbv/common/css/board.css HTTP/1.1" 404 850
0:0:0:0:0:0:0:1 - - [12/Jun/2024:12:21:56 +0900] "GET /interceptor_prj/admin/login_frm.do HTTP/1.1" 200 1392
192.168.10.231 - - [12/Jun/2024:12:21:56 +0900] "GET /spring_mbv/common/css/board.css HTTP/1.1" 404 850
0:0:0:0:0:0:0:1 - - [12/Jun/2024:12:21:56 +0900] "GET /interceptor_prj/admin/login_frm.do HTTP/1.1" 200 1392
192.168.10.231 - - [12/Jun/2024:12:21:56 +0900] "GET /spring_mbv/common/css/board.css HTTP/1.1" 404 850
0:0:0:0:0:0:0:1 - - [12/Jun/2024:12:21:56 +0900] "GET /interceptor_prj/admin/login_frm.do HTTP/1.1" 200 1392
192.168.10.231 - - [12/Jun/2024:12:21:56 +0900] "GET /spring_mbv/common/css/board.css HTTP/1.1" 404 850
0:0:0:0:0:0:0:1 - - [12/Jun/2024:12:21:56 +0900] "GET /interceptor_prj/admin/set_session.do HTTP/1.1" 404 841
0:0:0:0:0:0:0:1 - - [12/Jun/2024:12:22:00 +0900] "GET /interceptor_prj/admin/login_frm.do HTTP/1.1" 200 1392
0:0:0:0:0:0:0:1 - - [12/Jun/2024:12:22:00 +0900] "GET /interceptor_prj/admin/set_session.do HTTP/1.1" 404 721
0:0:0:0:0:0:0:1 - - [12/Jun/2024:12:22:00 +0900] "GET /interceptor_prj/admin/set_session.do HTTP/1.1" 404 721
0:0:0:0:0:0:0:1 - - [12/Jun/2024:12:22:00 +0900] "GET /interceptor_prj/admin/set_session.do HTTP/1.1" 404 721
0:0:0:0:0:0:0:1 - - [12/Jun/2024:12:22:06 +0900] "GET /interceptor_prj/admin/set_session.do HTTP/1.1" 404 721
0:0:0:0:0:0:0:1 - - [12/Jun/2024:12:22:07 +0900] "GET /interceptor_prj/admin/login_frm.do HTTP/1.1" 200 1392
192.168.10.231 - - [12/Jun/2024:12:22:07 +0900] "GET /spring_mbv/common/css/board.css HTTP/1.1" 404 850
0:0:0:0:0:0:0:1 - - [12/Jun/2024:12:22:07 +0900] "GET /interceptor_prj/admin/login_frm.do HTTP/1.1" 200 1392
192.168.10.231 - - [12/Jun/2024:12:22:07 +0900] "GET /spring_mbv/common/css/board.css HTTP/1.1" 404 850
0:0:0:0:0:0:0:1 - - [12/Jun/2024:12:22:08 +0900] "GET /interceptor_prj/admin/login_frm.do HTTP/1.1" 200 1392
192.168.10.231 - - [12/Jun/2024:12:22:08 +0900] "GET /spring_mbv/common/css/board.css HTTP/1.1" 404 850
0:0:0:0:0:0:0:1 - - [12/Jun/2024:12:22:08 +0900] "GET /interceptor_prj/admin/set_session.do HTTP/1.1" 404 721
0:0:0:0:0:0:0:1 - - [12/Jun/2024:12:22:09 +0900] "GET /interceptor_prj/admin/login_frm.do HTTP/1.1" 200 1392
192.168.10.231 - - [12/Jun/2024:12:22:09 +0900] "GET /spring_mbv/common/css/board.css HTTP/1.1" 404 850
0:0:0:0:0:0:0:1 - - [12/Jun/2024:12:22:10 +0900] "GET /interceptor_prj/admin/dashboard/dashboard.do HTTP/1.1" 404 721
0:0:0:0:0:0:0:1 - - [12/Jun/2024:12:22:11 +0900] "GET /interceptor_prj/admin/login_frm.do HTTP/1.1" 200 1392
192.168.10.231 - - [12/Jun/2024:12:22:11 +0900] "GET /spring_mbv/common/css/board.css HTTP/1.1" 404 850
0:0:0:0:0:0:0:1 - - [12/Jun/2024:12:22:32 +0900] "GET /interceptor_prj/index.do HTTP/1.1" 200 1418
192.168.10.231 - - [12/Jun/2024:12:22:32 +0900] "GET /spring_mbv/common/css/board.css HTTP/1.1" 404 850
0:0:0:0:0:0:0:1 - - [12/Jun/2024:12:22:33 +0900] "GET /interceptor_prj/index.do HTTP/1.1" 200 1418
192.168.10.231 - - [12/Jun/2024:12:22:33 +0900] "GET /spring_mbv/common/css/board.css HTTP/1.1" 404 850
0:0:0:0:0:0:0:1 - - [12/Jun/2024:12:22:33 +0900] "GET /interceptor_prj/index.do HTTP/1.1" 200 1418
192.168.10.231 - - [12/Jun/2024:12:22:33 +0900] "GET /spring_mbv/common/css/board.css HTTP/1.1" 404 850
0:0:0:0:0:0:0:1 - - [12/Jun/2024:12:22:33 +0900] "GET /interceptor_prj/index.do HTTP/1.1" 200 1418
192.168.10.231 - - [12/Jun/2024:12:22:33 +0900] "GET /spring_mbv/common/css/board.css HTTP/1.1" 404 850
0:0:0:0:0:0:0:1 - - [12/Jun/2024:12:22:33 +0900] "GET /interceptor_prj/index.do HTTP/1.1" 200 1418
192.168.10.231 - - [12/Jun/2024:12:22:33 +0900] "GET /spring_mbv/common/css/board.css HTTP/1.1" 404 850
0:0:0:0:0:0:0:1 - - [12/Jun/2024:12:22:34 +0900] "GET /interceptor_prj/admin/login_frm.do HTTP/1.1" 200 1392
192.168.10.231 - - [12/Jun/2024:12:22:34 +0900] "GET /spring_mbv/common/css/board.css HTTP/1.1" 404 850
0:0:0:0:0:0:0:1 - - [12/Jun/2024:12:22:34 +0900] "GET /interceptor_prj/admin/login_frm.do HTTP/1.1" 200 1392
0:0:0:0:0:0:0:1 - - [12/Jun/2024:12:22:35 +0900] "GET /interceptor_prj/admin/set_session.do HTTP/1.1" 404 856
0:0:0:0:0:0:0:1 - - [12/Jun/2024:12:22:49 +0900] "GET /interceptor_prj/admin/login_frm.do HTTP/1.1" 200 1392
192.168.10.231 - - [12/Jun/2024:12:22:49 +0900] "GET /spring_mbv/common/css/board.css HTTP/1.1" 404 850
0:0:0:0:0:0:0:1 - - [12/Jun/2024:12:22:49 +0900] "GET /interceptor_prj/admin/login_frm.do HTTP/1.1" 200 1392
192.168.10.231 - - [12/Jun/2024:12:22:49 +0900] "GET /spring_mbv/common/css/board.css HTTP/1.1" 404 850
0:0:0:0:0:0:0:1 - - [12/Jun/2024:12:22:50 +0900] "GET /interceptor_prj/admin/login_frm.do HTTP/1.1" 200 1392
192.168.10.231 - - [12/Jun/2024:12:22:50 +0900] "GET /spring_mbv/common/css/board.css HTTP/1.1" 404 850
0:0:0:0:0:0:0:1 - - [12/Jun/2024:12:22:50 +0900] "GET /interceptor_prj/admin/login_frm.do HTTP/1.1" 200 1392
192.168.10.231 - - [12/Jun/2024:12:22:50 +0900] "GET /spring_mbv/common/css/board.css HTTP/1.1" 404 850
0:0:0:0:0:0:0:1 - - [12/Jun/2024:12:22:50 +0900] "GET /interceptor_prj/admin/login_frm.do HTTP/1.1" 200 1392
192.168.10.231 - - [12/Jun/2024:12:22:50 +0900] "GET /spring_mbv/common/css/board.css HTTP/1.1" 404 850
0:0:0:0:0:0:0:1 - - [12/Jun/2024:12:22:50 +0900] "GET /interceptor_prj/admin/login_frm.do HTTP/1.1" 200 1392
192.168.10.231 - - [12/Jun/2024:12:22:50 +0900] "GET /spring_mbv/common/css/board.css HTTP/1.1" 404 850
0:0:0:0:0:0:0:1 - - [12/Jun/2024:12:22:51 +0900] "GET /interceptor_prj/admin/set_session.do HTTP/1.1" 404 856
0:0:0:0:0:0:0:1 - - [12/Jun/2024:12:22:53 +0900] "GET /interceptor_prj/admin/login_frm.do HTTP/1.1" 200 1392
192.168.10.231 - - [12/Jun/2024:12:22:53 +0900] "GET /spring_mbv/common/css/board.css HTTP/1.1" 404 850
0:0:0:0:0:0:0:1 - - [12/Jun/2024:12:22:53 +0900] "GET /interceptor_prj/admin/login_frm.do HTTP/1.1" 200 1392
192.168.10.231 - - [12/Jun/2024:12:22:53 +0900] "GET /spring_mbv/common/css/board.css HTTP/1.1" 404 850
0:0:0:0:0:0:0:1 - - [12/Jun/2024:12:22:54 +0900] "GET /interceptor_prj/admin/login_frm.do HTTP/1.1" 200 1392
192.168.10.231 - - [12/Jun/2024:12:22:54 +0900] "GET /spring_mbv/common/css/board.css HTTP/1.1" 404 850
0:0:0:0:0:0:0:1 - - [12/Jun/2024:12:22:56 +0900] "GET /interceptor_prj/admin/dashboard/dashboard.do HTTP/1.1" 404 721
0:0:0:0:0:0:0:1 - - [12/Jun/2024:12:23:01 +0900] "GET /interceptor_prj/admin/login_frm.do HTTP/1.1" 200 1392
192.168.10.231 - - [12/Jun/2024:12:23:01 +0900] "GET /spring_mbv/common/css/board.css HTTP/1.1" 404 850
0:0:0:0:0:0:0:1 - - [12/Jun/2024:12:23:01 +0900] "GET /interceptor_prj/admin/set_session.do HTTP/1.1" 404 846
0:0:0:0:0:0:0:1 - - [12/Jun/2024:12:23:50 +0900] "GET /interceptor_prj/admin/login_frm.do HTTP/1.1" 200 1392
192.168.10.231 - - [12/Jun/2024:12:23:50 +0900] "GET /spring_mbv/common/css/board.css HTTP/1.1" 404 850
0:0:0:0:0:0:0:1 - - [12/Jun/2024:12:23:50 +0900] "GET /interceptor_prj/admin/login_frm.do HTTP/1.1" 200 1392
192.168.10.231 - - [12/Jun/2024:12:23:50 +0900] "GET /spring_mbv/common/css/board.css HTTP/1.1" 404 850
0:0:0:0:0:0:0:1 - - [12/Jun/2024:12:23:50 +0900] "GET /interceptor_prj/admin/login_frm.do HTTP/1.1" 200 1392
192.168.10.231 - - [12/Jun/2024:12:23:50 +0900] "GET /spring_mbv/common/css/board.css HTTP/1.1" 404 850
0:0:0:0:0:0:0:1 - - [12/Jun/2024:12:23:50 +0900] "GET /interceptor_prj/admin/login_frm.do HTTP/1.1" 200 1392
192.168.10.231 - - [12/Jun/2024:12:23:50 +0900] "GET /spring_mbv/common/css/board.css HTTP/1.1" 404 850
0:0:0:0:0:0:0:1 - - [12/Jun/2024:12:23:51 +0900] "GET /interceptor_prj/admin/login_frm.do HTTP/1.1" 200 1392
192.168.10.231 - - [12/Jun/2024:12:23:51 +0900] "GET /spring_mbv/common/css/board.css HTTP/1.1" 404 850
0:0:0:0:0:0:0:1 - - [12/Jun/2024:12:23:51 +0900] "GET /interceptor_prj/admin/login_frm.do HTTP/1.1" 200 1392
192.168.10.231 - - [12/Jun/2024:12:23:51 +0900] "GET /spring_mbv/common/css/board.css HTTP/1.1" 404 850
0:0:0:0:0:0:0:1 - - [12/Jun/2024:12:23:51 +0900] "GET /interceptor_prj/admin/set_session.do HTTP/1.1" 404 846
0:0:0:0:0:0:0:1 - - [12/Jun/2024:12:24:41 +0900] "GET /interceptor_prj/admin/login_frm.do HTTP/1.1" 200 1392
192.168.10.231 - - [12/Jun/2024:12:24:41 +0900] "GET /spring_mbv/common/css/board.css HTTP/1.1" 404 850
0:0:0:0:0:0:0:1 - - [12/Jun/2024:12:24:41 +0900] "GET /interceptor_prj/admin/login_frm.do HTTP/1.1" 200 1392
192.168.10.231 - - [12/Jun/2024:12:24:41 +0900] "GET /spring_mbv/common/css/board.css HTTP/1.1" 404 850
0:0:0:0:0:0:0:1 - - [12/Jun/2024:12:24:41 +0900] "GET /interceptor_prj/admin/login_frm.do HTTP/1.1" 200 1392
192.168.10.231 - - [12/Jun/2024:12:24:41 +0900] "GET /spring_mbv/common/css/board.css HTTP/1.1" 404 850
0:0:0:0:0:0:0:1 - - [12/Jun/2024:12:24:42 +0900] "GET /interceptor_prj/admin/login_frm.do HTTP/1.1" 200 1392
192.168.10.231 - - [12/Jun/2024:12:24:42 +0900] "GET /spring_mbv/common/css/board.css HTTP/1.1" 404 850
0:0:0:0:0:0:0:1 - - [12/Jun/2024:12:24:42 +0900] "GET /interceptor_prj/admin/login_frm.do HTTP/1.1" 200 1392
192.168.10.231 - - [12/Jun/2024:12:24:42 +0900] "GET /spring_mbv/common/css/board.css HTTP/1.1" 404 850
0:0:0:0:0:0:0:1 - - [12/Jun/2024:12:24:42 +0900] "GET /interceptor_prj/admin/login_frm.do HTTP/1.1" 200 1392
192.168.10.231 - - [12/Jun/2024:12:24:42 +0900] "GET /spring_mbv/common/css/board.css HTTP/1.1" 404 850
0:0:0:0:0:0:0:1 - - [12/Jun/2024:12:24:43 +0900] "GET /interceptor_prj/admin/set_session.do HTTP/1.1" 404 860
0:0:0:0:0:0:0:1 - - [12/Jun/2024:12:24:45 +0900] "GET /interceptor_prj/admin/login_frm.do HTTP/1.1" 200 1392
192.168.10.231 - - [12/Jun/2024:12:24:45 +0900] "GET /spring_mbv/common/css/board.css HTTP/1.1" 404 850
0:0:0:0:0:0:0:1 - - [12/Jun/2024:12:24:46 +0900] "GET /interceptor_prj/admin/login_frm.do HTTP/1.1" 200 1392
192.168.10.231 - - [12/Jun/2024:12:24:46 +0900] "GET /spring_mbv/common/css/board.css HTTP/1.1" 404 850
0:0:0:0:0:0:0:1 - - [12/Jun/2024:12:24:46 +0900] "GET /interceptor_prj/admin/set_session.do HTTP/1.1" 404 860
0:0:0:0:0:0:0:1 - - [12/Jun/2024:12:24:47 +0900] "GET /interceptor_prj/admin/login_frm.do HTTP/1.1" 200 1392
192.168.10.231 - - [12/Jun/2024:12:24:47 +0900] "GET /spring_mbv/common/css/board.css HTTP/1.1" 404 850
0:0:0:0:0:0:0:1 - - [12/Jun/2024:12:24:48 +0900] "GET /interceptor_prj/admin/login_frm.do HTTP/1.1" 200 1392
192.168.10.231 - - [12/Jun/2024:12:24:48 +0900] "GET /spring_mbv/common/css/board.css HTTP/1.1" 404 850
0:0:0:0:0:0:0:1 - - [12/Jun/2024:12:24:48 +0900] "GET /interceptor_prj/admin/set_session.do HTTP/1.1" 404 860
0:0:0:0:0:0:0:1 - - [12/Jun/2024:12:24:50 +0900] "GET /interceptor_prj/admin/login_frm.do HTTP/1.1" 200 1392
192.168.10.231 - - [12/Jun/2024:12:24:50 +0900] "GET /spring_mbv/common/css/board.css HTTP/1.1" 404 850
0:0:0:0:0:0:0:1 - - [12/Jun/2024:12:24:50 +0900] "GET /interceptor_prj/admin/login_frm.do HTTP/1.1" 200 1392
192.168.10.231 - - [12/Jun/2024:12:24:50 +0900] "GET /spring_mbv/common/css/board.css HTTP/1.1" 404 850
0:0:0:0:0:0:0:1 - - [12/Jun/2024:12:24:50 +0900] "GET /interceptor_prj/admin/login_frm.do HTTP/1.1" 200 1392
192.168.10.231 - - [12/Jun/2024:12:24:50 +0900] "GET /spring_mbv/common/css/board.css HTTP/1.1" 404 850
0:0:0:0:0:0:0:1 - - [12/Jun/2024:12:24:50 +0900] "GET /interceptor_prj/admin/login_frm.do HTTP/1.1" 200 1392
192.168.10.231 - - [12/Jun/2024:12:24:50 +0900] "GET /spring_mbv/common/css/board.css HTTP/1.1" 404 850
0:0:0:0:0:0:0:1 - - [12/Jun/2024:12:24:51 +0900] "GET /interceptor_prj/admin/login_frm.do HTTP/1.1" 200 1392
192.168.10.231 - - [12/Jun/2024:12:24:51 +0900] "GET /spring_mbv/common/css/board.css HTTP/1.1" 404 850
0:0:0:0:0:0:0:1 - - [12/Jun/2024:12:24:52 +0900] "GET /interceptor_prj/admin/login_frm.do HTTP/1.1" 200 1392
0:0:0:0:0:0:0:1 - - [12/Jun/2024:12:24:53 +0900] "GET /interceptor_prj/admin/set_session.do HTTP/1.1" 404 841
0:0:0:0:0:0:0:1 - - [12/Jun/2024:12:24:54 +0900] "GET /interceptor_prj/admin/login_frm.do HTTP/1.1" 200 1392
192.168.10.231 - - [12/Jun/2024:12:24:54 +0900] "GET /spring_mbv/common/css/board.css HTTP/1.1" 404 850
0:0:0:0:0:0:0:1 - - [12/Jun/2024:12:24:55 +0900] "GET /interceptor_prj/admin/login_frm.do HTTP/1.1" 200 1392
192.168.10.231 - - [12/Jun/2024:12:24:55 +0900] "GET /spring_mbv/common/css/board.css HTTP/1.1" 404 850
0:0:0:0:0:0:0:1 - - [12/Jun/2024:12:24:56 +0900] "GET /interceptor_prj/admin/set_session.do HTTP/1.1" 404 841
0:0:0:0:0:0:0:1 - - [12/Jun/2024:12:25:46 +0900] "GET /interceptor_prj/admin/login_frm.do HTTP/1.1" 200 1392
192.168.10.231 - - [12/Jun/2024:12:25:46 +0900] "GET /spring_mbv/common/css/board.css HTTP/1.1" 404 850
0:0:0:0:0:0:0:1 - - [12/Jun/2024:12:25:46 +0900] "GET /interceptor_prj/admin/login_frm.do HTTP/1.1" 200 1392
192.168.10.231 - - [12/Jun/2024:12:25:46 +0900] "GET /spring_mbv/common/css/board.css HTTP/1.1" 404 850
0:0:0:0:0:0:0:1 - - [12/Jun/2024:12:25:46 +0900] "GET /interceptor_prj/admin/login_frm.do HTTP/1.1" 200 1392
192.168.10.231 - - [12/Jun/2024:12:25:46 +0900] "GET /spring_mbv/common/css/board.css HTTP/1.1" 404 850
0:0:0:0:0:0:0:1 - - [12/Jun/2024:12:25:46 +0900] "GET /interceptor_prj/admin/login_frm.do HTTP/1.1" 200 1392
192.168.10.231 - - [12/Jun/2024:12:25:46 +0900] "GET /spring_mbv/common/css/board.css HTTP/1.1" 404 850
0:0:0:0:0:0:0:1 - - [12/Jun/2024:12:25:47 +0900] "GET /interceptor_prj/admin/login_frm.do HTTP/1.1" 200 1392
192.168.10.231 - - [12/Jun/2024:12:25:47 +0900] "GET /spring_mbv/common/css/board.css HTTP/1.1" 404 850
0:0:0:0:0:0:0:1 - - [12/Jun/2024:12:25:47 +0900] "GET /interceptor_prj/admin/login_frm.do HTTP/1.1" 200 1392
192.168.10.231 - - [12/Jun/2024:12:25:47 +0900] "GET /spring_mbv/common/css/board.css HTTP/1.1" 404 850
0:0:0:0:0:0:0:1 - - [12/Jun/2024:12:25:47 +0900] "GET /interceptor_prj/admin/set_session.do HTTP/1.1" 200 1335
192.168.10.231 - - [12/Jun/2024:12:25:47 +0900] "GET /spring_mbv/common/css/board.css HTTP/1.1" 404 850
0:0:0:0:0:0:0:1 - - [12/Jun/2024:12:25:49 +0900] "GET /admin/board_list.do HTTP/1.1" 404 830
0:0:0:0:0:0:0:1 - - [12/Jun/2024:12:26:21 +0900] "GET /interceptor_prj/admin/set_session.do HTTP/1.1" 200 1328
192.168.10.231 - - [12/Jun/2024:12:26:21 +0900] "GET /spring_mbv/common/css/board.css HTTP/1.1" 404 850
0:0:0:0:0:0:0:1 - - [12/Jun/2024:12:26:21 +0900] "GET /interceptor_prj/admin/set_session.do HTTP/1.1" 200 1328
192.168.10.231 - - [12/Jun/2024:12:26:21 +0900] "GET /spring_mbv/common/css/board.css HTTP/1.1" 404 850
0:0:0:0:0:0:0:1 - - [12/Jun/2024:12:26:22 +0900] "GET /interceptor_prj/admin/set_session.do HTTP/1.1" 200 1328
192.168.10.231 - - [12/Jun/2024:12:26:22 +0900] "GET /spring_mbv/common/css/board.css HTTP/1.1" 404 850
0:0:0:0:0:0:0:1 - - [12/Jun/2024:12:26:22 +0900] "GET /interceptor_prj/admin/set_session.do HTTP/1.1" 200 1328
192.168.10.231 - - [12/Jun/2024:12:26:22 +0900] "GET /spring_mbv/common/css/board.css HTTP/1.1" 404 850
0:0:0:0:0:0:0:1 - - [12/Jun/2024:12:26:22 +0900] "GET /interceptor_prj/admin/set_session.do HTTP/1.1" 200 1328
192.168.10.231 - - [12/Jun/2024:12:26:22 +0900] "GET /spring_mbv/common/css/board.css HTTP/1.1" 404 850
0:0:0:0:0:0:0:1 - - [12/Jun/2024:12:26:22 +0900] "GET /interceptor_prj/admin/set_session.do HTTP/1.1" 200 1328
192.168.10.231 - - [12/Jun/2024:12:26:22 +0900] "GET /spring_mbv/common/css/board.css HTTP/1.1" 404 850
0:0:0:0:0:0:0:1 - - [12/Jun/2024:12:26:22 +0900] "GET /interceptor_prj/admin/set_session.do HTTP/1.1" 200 1328
192.168.10.231 - - [12/Jun/2024:12:26:22 +0900] "GET /spring_mbv/common/css/board.css HTTP/1.1" 404 850
0:0:0:0:0:0:0:1 - - [12/Jun/2024:12:26:23 +0900] "GET /interceptor_prj/admin/board_list.do HTTP/1.1" 200 1290
192.168.10.231 - - [12/Jun/2024:12:26:23 +0900] "GET /spring_mbv/common/css/board.css HTTP/1.1" 404 850
0:0:0:0:0:0:0:1 - - [12/Jun/2024:12:28:10 +0900] "GET /interceptor_prj/admin/set_session.do HTTP/1.1" 200 1335
192.168.10.231 - - [12/Jun/2024:12:28:10 +0900] "GET /spring_mbv/common/css/board.css HTTP/1.1" 404 850
0:0:0:0:0:0:0:1 - - [12/Jun/2024:12:28:11 +0900] "GET /interceptor_prj/admin/set_session.do HTTP/1.1" 200 1335
192.168.10.231 - - [12/Jun/2024:12:28:11 +0900] "GET /spring_mbv/common/css/board.css HTTP/1.1" 404 850
0:0:0:0:0:0:0:1 - - [12/Jun/2024:12:28:11 +0900] "GET /interceptor_prj/admin/set_session.do HTTP/1.1" 200 1335
192.168.10.231 - - [12/Jun/2024:12:28:11 +0900] "GET /spring_mbv/common/css/board.css HTTP/1.1" 404 850
0:0:0:0:0:0:0:1 - - [12/Jun/2024:12:28:11 +0900] "GET /interceptor_prj/admin/set_session.do HTTP/1.1" 200 1335
192.168.10.231 - - [12/Jun/2024:12:28:11 +0900] "GET /spring_mbv/common/css/board.css HTTP/1.1" 404 850
0:0:0:0:0:0:0:1 - - [12/Jun/2024:12:28:11 +0900] "GET /interceptor_prj/admin/set_session.do HTTP/1.1" 200 1335
192.168.10.231 - - [12/Jun/2024:12:28:11 +0900] "GET /spring_mbv/common/css/board.css HTTP/1.1" 404 850
0:0:0:0:0:0:0:1 - - [12/Jun/2024:12:28:12 +0900] "GET /interceptor_prj/admin/set_session.do HTTP/1.1" 200 1335
192.168.10.231 - - [12/Jun/2024:12:28:12 +0900] "GET /spring_mbv/common/css/board.css HTTP/1.1" 404 850
0:0:0:0:0:0:0:1 - - [12/Jun/2024:12:28:12 +0900] "GET /interceptor_prj/admin/set_session.do HTTP/1.1" 200 1335
192.168.10.231 - - [12/Jun/2024:12:28:12 +0900] "GET /spring_mbv/common/css/board.css HTTP/1.1" 404 850
0:0:0:0:0:0:0:1 - - [12/Jun/2024:12:28:12 +0900] "GET /admin/board_list.do HTTP/1.1" 404 830
0:0:0:0:0:0:0:1 - - [12/Jun/2024:12:28:38 +0900] "GET /admin/board_list.do HTTP/1.1" 404 830
0:0:0:0:0:0:0:1 - - [12/Jun/2024:12:28:38 +0900] "GET /interceptor_prj/admin/set_session.do HTTP/1.1" 200 1328
192.168.10.231 - - [12/Jun/2024:12:28:38 +0900] "GET /spring_mbv/common/css/board.css HTTP/1.1" 404 850
0:0:0:0:0:0:0:1 - - [12/Jun/2024:12:28:39 +0900] "GET /interceptor_prj/admin/set_session.do HTTP/1.1" 200 1328
192.168.10.231 - - [12/Jun/2024:12:28:39 +0900] "GET /spring_mbv/common/css/board.css HTTP/1.1" 404 850
0:0:0:0:0:0:0:1 - - [12/Jun/2024:12:28:40 +0900] "GET /interceptor_prj/admin/board_list.do HTTP/1.1" 200 1290
192.168.10.231 - - [12/Jun/2024:12:28:40 +0900] "GET /spring_mbv/common/css/board.css HTTP/1.1" 404 850
0:0:0:0:0:0:0:1 - - [12/Jun/2024:12:28:41 +0900] "GET /interceptor_prj/admin/set_session.do HTTP/1.1" 200 1328
192.168.10.231 - - [12/Jun/2024:12:28:41 +0900] "GET /spring_mbv/common/css/board.css HTTP/1.1" 404 850
0:0:0:0:0:0:0:1 - - [12/Jun/2024:12:28:52 +0900] "GET /interceptor_prj/admin/board_list.do HTTP/1.1" 200 1290
192.168.10.231 - - [12/Jun/2024:12:28:52 +0900] "GET /spring_mbv/common/css/board.css HTTP/1.1" 404 850
0:0:0:0:0:0:0:1 - - [12/Jun/2024:12:29:01 +0900] "GET /interceptor_prj/admin/board_list.do HTTP/1.1" 200 1290
192.168.10.231 - - [12/Jun/2024:12:29:01 +0900] "GET /spring_mbv/common/css/board.css HTTP/1.1" 404 850
0:0:0:0:0:0:0:1 - - [12/Jun/2024:12:29:01 +0900] "GET /interceptor_prj/admin/board_list.do HTTP/1.1" 200 1290
192.168.10.231 - - [12/Jun/2024:12:29:01 +0900] "GET /spring_mbv/common/css/board.css HTTP/1.1" 404 850
0:0:0:0:0:0:0:1 - - [12/Jun/2024:12:29:01 +0900] "GET /interceptor_prj/admin/board_list.do HTTP/1.1" 200 1290
192.168.10.231 - - [12/Jun/2024:12:29:01 +0900] "GET /spring_mbv/common/css/board.css HTTP/1.1" 404 850
0:0:0:0:0:0:0:1 - - [12/Jun/2024:12:29:01 +0900] "GET /interceptor_prj/admin/board_list.do HTTP/1.1" 200 1290
192.168.10.231 - - [12/Jun/2024:12:29:01 +0900] "GET /spring_mbv/common/css/board.css HTTP/1.1" 404 850
0:0:0:0:0:0:0:1 - - [12/Jun/2024:12:29:01 +0900] "GET /interceptor_prj/admin/board_list.do HTTP/1.1" 200 1290
192.168.10.231 - - [12/Jun/2024:12:29:01 +0900] "GET /spring_mbv/common/css/board.css HTTP/1.1" 404 850
0:0:0:0:0:0:0:1 - - [12/Jun/2024:12:29:01 +0900] "GET /interceptor_prj/admin/board_list.do HTTP/1.1" 200 1290
192.168.10.231 - - [12/Jun/2024:12:29:01 +0900] "GET /spring_mbv/common/css/board.css HTTP/1.1" 404 850
0:0:0:0:0:0:0:1 - - [12/Jun/2024:12:29:02 +0900] "GET /interceptor_prj/admin/set_session.do HTTP/1.1" 200 1335
192.168.10.231 - - [12/Jun/2024:12:29:02 +0900] "GET /spring_mbv/common/css/board.css HTTP/1.1" 404 850
0:0:0:0:0:0:0:1 - - [12/Jun/2024:12:29:02 +0900] "GET /interceptor_prj/admin/set_session.do HTTP/1.1" 200 1335
192.168.10.231 - - [12/Jun/2024:12:29:02 +0900] "GET /spring_mbv/common/css/board.css HTTP/1.1" 404 850
0:0:0:0:0:0:0:1 - - [12/Jun/2024:12:29:02 +0900] "GET /interceptor_prj/admin/set_session.do HTTP/1.1" 200 1335
192.168.10.231 - - [12/Jun/2024:12:29:02 +0900] "GET /spring_mbv/common/css/board.css HTTP/1.1" 404 850
0:0:0:0:0:0:0:1 - - [12/Jun/2024:12:29:03 +0900] "GET /interceptor_prj/admin/set_session.do HTTP/1.1" 200 1335
192.168.10.231 - - [12/Jun/2024:12:29:03 +0900] "GET /spring_mbv/common/css/board.css HTTP/1.1" 404 850
0:0:0:0:0:0:0:1 - - [12/Jun/2024:12:29:03 +0900] "GET /interceptor_prj/admin/set_session.do HTTP/1.1" 200 1335
192.168.10.231 - - [12/Jun/2024:12:29:03 +0900] "GET /spring_mbv/common/css/board.css HTTP/1.1" 404 850
0:0:0:0:0:0:0:1 - - [12/Jun/2024:12:29:03 +0900] "GET /admin/board_list.do HTTP/1.1" 404 830
0:0:0:0:0:0:0:1 - - [12/Jun/2024:12:29:09 +0900] "GET /interceptor_prj/admin/set_session.do HTTP/1.1" 200 1334
192.168.10.231 - - [12/Jun/2024:12:29:09 +0900] "GET /spring_mbv/common/css/board.css HTTP/1.1" 404 850
0:0:0:0:0:0:0:1 - - [12/Jun/2024:12:29:10 +0900] "GET /interceptor_prj/admin/set_session.do HTTP/1.1" 200 1334
192.168.10.231 - - [12/Jun/2024:12:29:10 +0900] "GET /spring_mbv/common/css/board.css HTTP/1.1" 404 850
0:0:0:0:0:0:0:1 - - [12/Jun/2024:12:29:10 +0900] "GET /interceptor_prj/admin/set_session.do HTTP/1.1" 200 1334
192.168.10.231 - - [12/Jun/2024:12:29:10 +0900] "GET /spring_mbv/common/css/board.css HTTP/1.1" 404 850
0:0:0:0:0:0:0:1 - - [12/Jun/2024:12:29:10 +0900] "GET /interceptor_prj/admin/set_session.do HTTP/1.1" 200 1334
192.168.10.231 - - [12/Jun/2024:12:29:10 +0900] "GET /spring_mbv/common/css/board.css HTTP/1.1" 404 850
0:0:0:0:0:0:0:1 - - [12/Jun/2024:12:29:11 +0900] "GET /interceptor_prj/admin/admin/board_list.do HTTP/1.1" 404 721
0:0:0:0:0:0:0:1 - - [12/Jun/2024:12:29:11 +0900] "GET /interceptor_prj/admin/set_session.do HTTP/1.1" 200 1334
192.168.10.231 - - [12/Jun/2024:12:29:11 +0900] "GET /spring_mbv/common/css/board.css HTTP/1.1" 404 850
0:0:0:0:0:0:0:1 - - [12/Jun/2024:12:29:12 +0900] "GET /interceptor_prj/admin/set_session.do HTTP/1.1" 200 1334
192.168.10.231 - - [12/Jun/2024:12:29:12 +0900] "GET /spring_mbv/common/css/board.css HTTP/1.1" 404 850
0:0:0:0:0:0:0:1 - - [12/Jun/2024:12:29:12 +0900] "GET /interceptor_prj/admin/set_session.do HTTP/1.1" 200 1334
192.168.10.231 - - [12/Jun/2024:12:29:12 +0900] "GET /spring_mbv/common/css/board.css HTTP/1.1" 404 850
0:0:0:0:0:0:0:1 - - [12/Jun/2024:12:29:12 +0900] "GET /interceptor_prj/admin/set_session.do HTTP/1.1" 200 1334
192.168.10.231 - - [12/Jun/2024:12:29:12 +0900] "GET /spring_mbv/common/css/board.css HTTP/1.1" 404 850
0:0:0:0:0:0:0:1 - - [12/Jun/2024:12:29:12 +0900] "GET /interceptor_prj/admin/admin/board_list.do HTTP/1.1" 404 721
0:0:0:0:0:0:0:1 - - [12/Jun/2024:12:29:19 +0900] "GET /interceptor_prj/admin/set_session.do HTTP/1.1" 200 1328
192.168.10.231 - - [12/Jun/2024:12:29:20 +0900] "GET /spring_mbv/common/css/board.css HTTP/1.1" 404 850
127.0.0.1 - - [12/Jun/2024:12:29:57 +0900] "GET / HTTP/1.1" 404 807
0:0:0:0:0:0:0:1 - - [12/Jun/2024:12:29:57 +0900] "GET /interceptor_prj/index.html HTTP/1.1" 304 -
0:0:0:0:0:0:0:1 - - [12/Jun/2024:12:29:57 +0900] "GET /interceptor_prj/index.do HTTP/1.1" 200 1418
192.168.10.231 - - [12/Jun/2024:12:29:57 +0900] "GET /spring_mbv/common/css/board.css HTTP/1.1" 404 850
0:0:0:0:0:0:0:1 - - [12/Jun/2024:12:29:59 +0900] "GET /interceptor_prj/admin/login_frm.do HTTP/1.1" 200 1392
192.168.10.231 - - [12/Jun/2024:12:29:59 +0900] "GET /spring_mbv/common/css/board.css HTTP/1.1" 404 850
0:0:0:0:0:0:0:1 - - [12/Jun/2024:12:30:00 +0900] "GET /interceptor_prj/admin/dashboard/dashboard.do HTTP/1.1" 404 721
0:0:0:0:0:0:0:1 - - [12/Jun/2024:12:30:17 +0900] "GET /interceptor_prj/admin/login_frm.do HTTP/1.1" 200 1382
192.168.10.231 - - [12/Jun/2024:12:30:17 +0900] "GET /spring_mbv/common/css/board.css HTTP/1.1" 404 850
0:0:0:0:0:0:0:1 - - [12/Jun/2024:12:30:18 +0900] "GET /interceptor_prj/admin/dashboard.do HTTP/1.1" 200 1328
192.168.10.231 - - [12/Jun/2024:12:30:18 +0900] "GET /spring_mbv/common/css/board.css HTTP/1.1" 404 850
0:0:0:0:0:0:0:1 - - [12/Jun/2024:12:30:20 +0900] "GET /interceptor_prj/admin/board_list.do HTTP/1.1" 200 1290
192.168.10.231 - - [12/Jun/2024:12:30:20 +0900] "GET /spring_mbv/common/css/board.css HTTP/1.1" 404 850
0:0:0:0:0:0:0:1 - - [12/Jun/2024:12:30:21 +0900] "GET /interceptor_prj/admin/login_frm.do HTTP/1.1" 200 1382
192.168.10.231 - - [12/Jun/2024:12:30:21 +0900] "GET /spring_mbv/common/css/board.css HTTP/1.1" 404 850
0:0:0:0:0:0:0:1 - - [12/Jun/2024:12:30:21 +0900] "GET /interceptor_prj/admin/set_session.do HTTP/1.1" 200 1328
