127.0.0.1 - - [11/Jun/2024:09:35:25 +0900] "GET / HTTP/1.1" 404 807
0:0:0:0:0:0:0:1 - - [11/Jun/2024:09:35:25 +0900] "GET /spring_mvc/WEB-INF/classes/kr/co/sist/controller/SessionController.java HTTP/1.1" 404 721
0:0:0:0:0:0:0:1 - - [11/Jun/2024:09:35:26 +0900] "GET /favicon.ico HTTP/1.1" 404 818
0:0:0:0:0:0:0:1 - - [11/Jun/2024:09:35:30 +0900] "GET /spring_mvc/index.html HTTP/1.1" 304 -
0:0:0:0:0:0:0:1 - - [11/Jun/2024:09:35:30 +0900] "GET /spring_mvc/index.do HTTP/1.1" 200 4216
192.168.10.231 - - [11/Jun/2024:09:35:30 +0900] "GET /spring_mbv/common/css/board.css HTTP/1.1" 404 850
192.168.10.231 - - [11/Jun/2024:09:35:30 +0900] "GET /spring_mvc/common/css/main.css HTTP/1.1" 304 -
0:0:0:0:0:0:0:1 - - [11/Jun/2024:09:35:33 +0900] "GET /spring_mvc/day0610/set_session.do HTTP/1.1" 200 1322
192.168.10.231 - - [11/Jun/2024:09:35:33 +0900] "GET /spring_mbv/common/css/board.css HTTP/1.1" 404 850
0:0:0:0:0:0:0:1 - - [11/Jun/2024:09:35:34 +0900] "GET /spring_mvc/index.do HTTP/1.1" 200 4216
192.168.10.231 - - [11/Jun/2024:09:35:34 +0900] "GET /spring_mbv/common/css/board.css HTTP/1.1" 404 850
0:0:0:0:0:0:0:1 - - [11/Jun/2024:09:35:35 +0900] "GET /spring_mvc/day0610/get_session.do HTTP/1.1" 200 1381
192.168.10.231 - - [11/Jun/2024:09:35:35 +0900] "GET /spring_mbv/common/css/board.css HTTP/1.1" 404 850
0:0:0:0:0:0:0:1 - - [11/Jun/2024:10:23:31 +0900] "GET /spring_mvc/index.do HTTP/1.1" 500 10934
0:0:0:0:0:0:0:1 - - [11/Jun/2024:10:23:32 +0900] "GET /spring_mvc/index.do HTTP/1.1" 500 10934
0:0:0:0:0:0:0:1 - - [11/Jun/2024:10:23:32 +0900] "GET /spring_mvc/index.do HTTP/1.1" 500 10934
0:0:0:0:0:0:0:1 - - [11/Jun/2024:10:29:17 +0900] "GET /spring_mvc/index.do HTTP/1.1" 200 4956
192.168.10.231 - - [11/Jun/2024:10:29:17 +0900] "GET /spring_mbv/common/css/board.css HTTP/1.1" 404 850
192.168.10.231 - - [11/Jun/2024:10:29:17 +0900] "GET /spring_mvc/common/favicon.ico HTTP/1.1" 304 -
0:0:0:0:0:0:0:1 - - [11/Jun/2024:10:29:20 +0900] "GET /spring_mvc/day0610/add_cookie.do HTTP/1.1" 404 721
0:0:0:0:0:0:0:1 - - [11/Jun/2024:10:32:04 +0900] "GET /spring_mvc/day0610/add_cookie.do HTTP/1.1" 404 721
0:0:0:0:0:0:0:1 - - [11/Jun/2024:10:32:04 +0900] "GET /spring_mvc/day0610/add_cookie.do HTTP/1.1" 404 721
0:0:0:0:0:0:0:1 - - [11/Jun/2024:10:32:04 +0900] "GET /spring_mvc/day0610/add_cookie.do HTTP/1.1" 404 721
0:0:0:0:0:0:0:1 - - [11/Jun/2024:10:32:04 +0900] "GET /spring_mvc/day0610/add_cookie.do HTTP/1.1" 404 721
0:0:0:0:0:0:0:1 - - [11/Jun/2024:10:32:05 +0900] "GET /spring_mvc/day0610/add_cookie.do HTTP/1.1" 404 721
0:0:0:0:0:0:0:1 - - [11/Jun/2024:10:32:05 +0900] "GET /spring_mvc/day0610/add_cookie.do HTTP/1.1" 404 721
0:0:0:0:0:0:0:1 - - [11/Jun/2024:10:32:05 +0900] "GET /spring_mvc/index.do HTTP/1.1" 200 4956
192.168.10.231 - - [11/Jun/2024:10:32:05 +0900] "GET /spring_mbv/common/css/board.css HTTP/1.1" 404 850
0:0:0:0:0:0:0:1 - - [11/Jun/2024:10:32:06 +0900] "GET /spring_mvc/index.do HTTP/1.1" 200 4956
192.168.10.231 - - [11/Jun/2024:10:32:06 +0900] "GET /spring_mbv/common/css/board.css HTTP/1.1" 404 850
0:0:0:0:0:0:0:1 - - [11/Jun/2024:10:32:06 +0900] "GET /spring_mvc/index.do HTTP/1.1" 200 4956
192.168.10.231 - - [11/Jun/2024:10:32:06 +0900] "GET /spring_mbv/common/css/board.css HTTP/1.1" 404 850
0:0:0:0:0:0:0:1 - - [11/Jun/2024:10:32:06 +0900] "GET /spring_mvc/index.do HTTP/1.1" 200 4956
192.168.10.231 - - [11/Jun/2024:10:32:06 +0900] "GET /spring_mbv/common/css/board.css HTTP/1.1" 404 850
0:0:0:0:0:0:0:1 - - [11/Jun/2024:10:32:06 +0900] "GET /spring_mvc/index.do HTTP/1.1" 200 4956
192.168.10.231 - - [11/Jun/2024:10:32:06 +0900] "GET /spring_mbv/common/css/board.css HTTP/1.1" 404 850
0:0:0:0:0:0:0:1 - - [11/Jun/2024:10:32:06 +0900] "GET /spring_mvc/index.do HTTP/1.1" 200 4956
192.168.10.231 - - [11/Jun/2024:10:32:06 +0900] "GET /spring_mbv/common/css/board.css HTTP/1.1" 404 850
192.168.10.231 - - [11/Jun/2024:10:32:06 +0900] "GET /spring_mvc/common/css/main.css HTTP/1.1" 200 16461
192.168.10.231 - - [11/Jun/2024:10:32:06 +0900] "GET /spring_mvc/common/favicon.ico HTTP/1.1" 200 1150
0:0:0:0:0:0:0:1 - - [11/Jun/2024:10:32:06 +0900] "GET /spring_mvc/index.do HTTP/1.1" 200 4956
192.168.10.231 - - [11/Jun/2024:10:32:06 +0900] "GET /spring_mbv/common/css/board.css HTTP/1.1" 404 850
192.168.10.231 - - [11/Jun/2024:10:32:06 +0900] "GET /spring_mvc/common/css/main.css HTTP/1.1" 200 16461
0:0:0:0:0:0:0:1 - - [11/Jun/2024:10:32:08 +0900] "GET /spring_mvc/day0610/add_cookie.do HTTP/1.1" 404 721
0:0:0:0:0:0:0:1 - - [11/Jun/2024:10:32:08 +0900] "GET /favicon.ico HTTP/1.1" 404 818
0:0:0:0:0:0:0:1 - - [11/Jun/2024:10:32:12 +0900] "GET /spring_mvc/index.do HTTP/1.1" 200 4956
192.168.10.231 - - [11/Jun/2024:10:32:12 +0900] "GET /spring_mbv/common/css/board.css HTTP/1.1" 404 850
0:0:0:0:0:0:0:1 - - [11/Jun/2024:10:32:12 +0900] "GET /spring_mvc/index.do HTTP/1.1" 200 4956
192.168.10.231 - - [11/Jun/2024:10:32:12 +0900] "GET /spring_mbv/common/css/board.css HTTP/1.1" 404 850
0:0:0:0:0:0:0:1 - - [11/Jun/2024:10:32:12 +0900] "GET /spring_mvc/index.do HTTP/1.1" 200 4956
192.168.10.231 - - [11/Jun/2024:10:32:12 +0900] "GET /spring_mbv/common/css/board.css HTTP/1.1" 404 850
0:0:0:0:0:0:0:1 - - [11/Jun/2024:10:32:13 +0900] "GET /spring_mvc/day0610/set_session.do HTTP/1.1" 200 1322
192.168.10.231 - - [11/Jun/2024:10:32:13 +0900] "GET /spring_mbv/common/css/board.css HTTP/1.1" 404 850
0:0:0:0:0:0:0:1 - - [11/Jun/2024:10:32:15 +0900] "GET /spring_mvc/index.do HTTP/1.1" 200 4956
192.168.10.231 - - [11/Jun/2024:10:32:15 +0900] "GET /spring_mbv/common/css/board.css HTTP/1.1" 404 850
0:0:0:0:0:0:0:1 - - [11/Jun/2024:10:32:17 +0900] "GET /spring_mvc/day0610/add_cookie.do HTTP/1.1" 404 721
0:0:0:0:0:0:0:1 - - [11/Jun/2024:10:32:21 +0900] "GET /spring_mvc/index.do HTTP/1.1" 200 4956
192.168.10.231 - - [11/Jun/2024:10:32:21 +0900] "GET /spring_mbv/common/css/board.css HTTP/1.1" 404 850
0:0:0:0:0:0:0:1 - - [11/Jun/2024:10:32:22 +0900] "GET /spring_mvc/day0610/add_cookie.do HTTP/1.1" 404 721
0:0:0:0:0:0:0:1 - - [11/Jun/2024:10:32:48 +0900] "GET /spring_mvc/index.do HTTP/1.1" 200 4956
192.168.10.231 - - [11/Jun/2024:10:32:48 +0900] "GET /spring_mbv/common/css/board.css HTTP/1.1" 404 850
0:0:0:0:0:0:0:1 - - [11/Jun/2024:10:32:49 +0900] "GET /spring_mvc/index.do HTTP/1.1" 200 4956
192.168.10.231 - - [11/Jun/2024:10:32:49 +0900] "GET /spring_mbv/common/css/board.css HTTP/1.1" 404 850
0:0:0:0:0:0:0:1 - - [11/Jun/2024:10:32:49 +0900] "GET /spring_mvc/index.do HTTP/1.1" 200 4956
192.168.10.231 - - [11/Jun/2024:10:32:49 +0900] "GET /spring_mbv/common/css/board.css HTTP/1.1" 404 850
0:0:0:0:0:0:0:1 - - [11/Jun/2024:10:32:49 +0900] "GET /spring_mvc/index.do HTTP/1.1" 200 4956
192.168.10.231 - - [11/Jun/2024:10:32:49 +0900] "GET /spring_mbv/common/css/board.css HTTP/1.1" 404 850
0:0:0:0:0:0:0:1 - - [11/Jun/2024:10:32:50 +0900] "GET /spring_mvc/day0610/add_cookie.do HTTP/1.1" 404 721
0:0:0:0:0:0:0:1 - - [11/Jun/2024:10:33:14 +0900] "GET /spring_mvc/day0610/add_cookie.do HTTP/1.1" 404 721
127.0.0.1 - - [11/Jun/2024:10:33:26 +0900] "GET / HTTP/1.1" 404 807
0:0:0:0:0:0:0:1 - - [11/Jun/2024:10:33:26 +0900] "GET /spring_mvc/index.do HTTP/1.1" 200 4956
192.168.10.231 - - [11/Jun/2024:10:33:26 +0900] "GET /spring_mbv/common/css/board.css HTTP/1.1" 404 850
0:0:0:0:0:0:0:1 - - [11/Jun/2024:10:33:28 +0900] "GET /spring_mvc/day0610/add_cookie.do HTTP/1.1" 200 1282
192.168.10.231 - - [11/Jun/2024:10:33:28 +0900] "GET /spring_mbv/common/css/board.css HTTP/1.1" 404 850
0:0:0:0:0:0:0:1 - - [11/Jun/2024:10:33:30 +0900] "GET /spring_mvc/day0610/cookie_annotation.do HTTP/1.1" 200 1282
192.168.10.231 - - [11/Jun/2024:10:33:30 +0900] "GET /spring_mbv/common/css/board.css HTTP/1.1" 404 850
0:0:0:0:0:0:0:1 - - [11/Jun/2024:10:33:56 +0900] "GET /spring_mvc/index.do HTTP/1.1" 200 4956
192.168.10.231 - - [11/Jun/2024:10:33:56 +0900] "GET /spring_mbv/common/css/board.css HTTP/1.1" 404 850
0:0:0:0:0:0:0:1 - - [11/Jun/2024:10:33:56 +0900] "GET /spring_mvc/index.do HTTP/1.1" 200 4956
192.168.10.231 - - [11/Jun/2024:10:33:56 +0900] "GET /spring_mbv/common/css/board.css HTTP/1.1" 404 850
0:0:0:0:0:0:0:1 - - [11/Jun/2024:10:33:56 +0900] "GET /spring_mvc/index.do HTTP/1.1" 200 4956
192.168.10.231 - - [11/Jun/2024:10:33:56 +0900] "GET /spring_mbv/common/css/board.css HTTP/1.1" 404 850
0:0:0:0:0:0:0:1 - - [11/Jun/2024:10:33:57 +0900] "GET /spring_mvc/index.do HTTP/1.1" 200 4956
192.168.10.231 - - [11/Jun/2024:10:33:57 +0900] "GET /spring_mbv/common/css/board.css HTTP/1.1" 404 850
0:0:0:0:0:0:0:1 - - [11/Jun/2024:10:33:57 +0900] "GET /spring_mvc/index.do HTTP/1.1" 200 4956
192.168.10.231 - - [11/Jun/2024:10:33:57 +0900] "GET /spring_mbv/common/css/board.css HTTP/1.1" 404 850
0:0:0:0:0:0:0:1 - - [11/Jun/2024:10:33:58 +0900] "GET /spring_mvc/day0610/cookie_annotation.do HTTP/1.1" 200 1282
192.168.10.231 - - [11/Jun/2024:10:33:58 +0900] "GET /spring_mbv/common/css/board.css HTTP/1.1" 404 850
0:0:0:0:0:0:0:1 - - [11/Jun/2024:10:34:00 +0900] "GET /spring_mvc/index.do HTTP/1.1" 200 4956
192.168.10.231 - - [11/Jun/2024:10:34:00 +0900] "GET /spring_mbv/common/css/board.css HTTP/1.1" 404 850
0:0:0:0:0:0:0:1 - - [11/Jun/2024:10:34:01 +0900] "GET /spring_mvc/index.do HTTP/1.1" 200 4956
192.168.10.231 - - [11/Jun/2024:10:34:01 +0900] "GET /spring_mbv/common/css/board.css HTTP/1.1" 404 850
0:0:0:0:0:0:0:1 - - [11/Jun/2024:10:34:01 +0900] "GET /spring_mvc/index.do HTTP/1.1" 200 4956
192.168.10.231 - - [11/Jun/2024:10:34:01 +0900] "GET /spring_mbv/common/css/board.css HTTP/1.1" 404 850
0:0:0:0:0:0:0:1 - - [11/Jun/2024:10:34:01 +0900] "GET /spring_mvc/index.do HTTP/1.1" 200 4956
192.168.10.231 - - [11/Jun/2024:10:34:01 +0900] "GET /spring_mbv/common/css/board.css HTTP/1.1" 404 850
0:0:0:0:0:0:0:1 - - [11/Jun/2024:10:34:01 +0900] "GET /spring_mvc/index.do HTTP/1.1" 200 4956
192.168.10.231 - - [11/Jun/2024:10:34:01 +0900] "GET /spring_mbv/common/css/board.css HTTP/1.1" 404 850
0:0:0:0:0:0:0:1 - - [11/Jun/2024:10:34:01 +0900] "GET /spring_mvc/index.do HTTP/1.1" 200 4956
192.168.10.231 - - [11/Jun/2024:10:34:01 +0900] "GET /spring_mbv/common/css/board.css HTTP/1.1" 404 850
0:0:0:0:0:0:0:1 - - [11/Jun/2024:10:34:02 +0900] "GET /spring_mvc/index.do HTTP/1.1" 200 4956
192.168.10.231 - - [11/Jun/2024:10:34:02 +0900] "GET /spring_mbv/common/css/board.css HTTP/1.1" 404 850
0:0:0:0:0:0:0:1 - - [11/Jun/2024:10:34:02 +0900] "GET /spring_mvc/index.do HTTP/1.1" 200 4956
192.168.10.231 - - [11/Jun/2024:10:34:02 +0900] "GET /spring_mbv/common/css/board.css HTTP/1.1" 404 850
192.168.10.231 - - [11/Jun/2024:10:34:02 +0900] "GET /spring_mvc/common/css/main.css HTTP/1.1" 200 16461
192.168.10.231 - - [11/Jun/2024:10:34:02 +0900] "GET /spring_mvc/common/favicon.ico HTTP/1.1" 200 1150
0:0:0:0:0:0:0:1 - - [11/Jun/2024:10:34:03 +0900] "GET /spring_mvc/day0610/add_cookie.do HTTP/1.1" 200 1282
192.168.10.231 - - [11/Jun/2024:10:34:03 +0900] "GET /spring_mbv/common/css/board.css HTTP/1.1" 404 850
0:0:0:0:0:0:0:1 - - [11/Jun/2024:10:34:05 +0900] "GET /spring_mvc/day0610/cookie_annotation.do HTTP/1.1" 200 1324
192.168.10.231 - - [11/Jun/2024:10:34:05 +0900] "GET /spring_mbv/common/css/board.css HTTP/1.1" 404 850
0:0:0:0:0:0:0:1 - - [11/Jun/2024:10:35:09 +0900] "GET /spring_mvc/day0610/cookie_annotation.do HTTP/1.1" 200 1321
192.168.10.231 - - [11/Jun/2024:10:35:09 +0900] "GET /spring_mbv/common/css/board.css HTTP/1.1" 404 850
0:0:0:0:0:0:0:1 - - [11/Jun/2024:10:35:21 +0900] "GET /spring_mvc/day0610/cookie_annotation.do HTTP/1.1" 200 1321
192.168.10.231 - - [11/Jun/2024:10:35:21 +0900] "GET /spring_mbv/common/css/board.css HTTP/1.1" 404 850
0:0:0:0:0:0:0:1 - - [11/Jun/2024:10:40:05 +0900] "GET /spring_mvc/day0610/cookie_annotation.do HTTP/1.1" 200 1332
192.168.10.231 - - [11/Jun/2024:10:40:05 +0900] "GET /spring_mbv/common/css/board.css HTTP/1.1" 404 850
0:0:0:0:0:0:0:1 - - [11/Jun/2024:10:40:05 +0900] "GET /spring_mvc/day0610/cookie_annotation.do HTTP/1.1" 200 1332
192.168.10.231 - - [11/Jun/2024:10:40:05 +0900] "GET /spring_mbv/common/css/board.css HTTP/1.1" 404 850
0:0:0:0:0:0:0:1 - - [11/Jun/2024:10:40:06 +0900] "GET /spring_mvc/day0610/cookie_annotation.do HTTP/1.1" 200 1332
192.168.10.231 - - [11/Jun/2024:10:40:06 +0900] "GET /spring_mbv/common/css/board.css HTTP/1.1" 404 850
0:0:0:0:0:0:0:1 - - [11/Jun/2024:10:40:06 +0900] "GET /spring_mvc/day0610/cookie_annotation.do HTTP/1.1" 200 1332
192.168.10.231 - - [11/Jun/2024:10:40:06 +0900] "GET /spring_mbv/common/css/board.css HTTP/1.1" 404 850
0:0:0:0:0:0:0:1 - - [11/Jun/2024:10:40:08 +0900] "GET /spring_mvc/index.do HTTP/1.1" 200 4956
192.168.10.231 - - [11/Jun/2024:10:40:08 +0900] "GET /spring_mbv/common/css/board.css HTTP/1.1" 404 850
0:0:0:0:0:0:0:1 - - [11/Jun/2024:10:40:08 +0900] "GET /spring_mvc/index.do HTTP/1.1" 200 4956
192.168.10.231 - - [11/Jun/2024:10:40:08 +0900] "GET /spring_mbv/common/css/board.css HTTP/1.1" 404 850
0:0:0:0:0:0:0:1 - - [11/Jun/2024:10:40:09 +0900] "GET /spring_mvc/index.do HTTP/1.1" 200 4956
192.168.10.231 - - [11/Jun/2024:10:40:09 +0900] "GET /spring_mbv/common/css/board.css HTTP/1.1" 404 850
0:0:0:0:0:0:0:1 - - [11/Jun/2024:10:40:09 +0900] "GET /spring_mvc/index.do HTTP/1.1" 200 4956
192.168.10.231 - - [11/Jun/2024:10:40:09 +0900] "GET /spring_mbv/common/css/board.css HTTP/1.1" 404 850
0:0:0:0:0:0:0:1 - - [11/Jun/2024:10:40:10 +0900] "GET /spring_mvc/day0610/add_cookie.do HTTP/1.1" 200 1282
192.168.10.231 - - [11/Jun/2024:10:40:10 +0900] "GET /spring_mbv/common/css/board.css HTTP/1.1" 404 850
0:0:0:0:0:0:0:1 - - [11/Jun/2024:10:40:12 +0900] "GET /spring_mvc/day0610/cookie_annotation.do HTTP/1.1" 200 1335
192.168.10.231 - - [11/Jun/2024:10:40:12 +0900] "GET /spring_mbv/common/css/board.css HTTP/1.1" 404 850
0:0:0:0:0:0:0:1 - - [11/Jun/2024:10:40:14 +0900] "GET /spring_mvc/day0610/web_utils.do HTTP/1.1" 200 1343
192.168.10.231 - - [11/Jun/2024:10:40:14 +0900] "GET /spring_mbv/common/css/board.css HTTP/1.1" 404 850
0:0:0:0:0:0:0:1 - - [11/Jun/2024:10:41:02 +0900] "GET /spring_mvc/day0610/web_utils.do HTTP/1.1" 200 1343
192.168.10.231 - - [11/Jun/2024:10:41:02 +0900] "GET /spring_mbv/common/css/board.css HTTP/1.1" 404 850
0:0:0:0:0:0:0:1 - - [11/Jun/2024:10:41:02 +0900] "GET /spring_mvc/day0610/web_utils.do HTTP/1.1" 200 1343
192.168.10.231 - - [11/Jun/2024:10:41:02 +0900] "GET /spring_mbv/common/css/board.css HTTP/1.1" 404 850
0:0:0:0:0:0:0:1 - - [11/Jun/2024:10:41:03 +0900] "GET /spring_mvc/day0610/web_utils.do HTTP/1.1" 200 1343
192.168.10.231 - - [11/Jun/2024:10:41:03 +0900] "GET /spring_mbv/common/css/board.css HTTP/1.1" 404 850
0:0:0:0:0:0:0:1 - - [11/Jun/2024:10:41:03 +0900] "GET /spring_mvc/day0610/web_utils.do HTTP/1.1" 200 1343
192.168.10.231 - - [11/Jun/2024:10:41:03 +0900] "GET /spring_mbv/common/css/board.css HTTP/1.1" 404 850
0:0:0:0:0:0:0:1 - - [11/Jun/2024:10:41:03 +0900] "GET /spring_mvc/day0610/web_utils.do HTTP/1.1" 200 1343
192.168.10.231 - - [11/Jun/2024:10:41:03 +0900] "GET /spring_mbv/common/css/board.css HTTP/1.1" 404 850
0:0:0:0:0:0:0:1 - - [11/Jun/2024:10:41:03 +0900] "GET /spring_mvc/day0610/web_utils.do HTTP/1.1" 200 1343
192.168.10.231 - - [11/Jun/2024:10:41:03 +0900] "GET /spring_mbv/common/css/board.css HTTP/1.1" 404 850
0:0:0:0:0:0:0:1 - - [11/Jun/2024:10:41:03 +0900] "GET /spring_mvc/day0610/web_utils.do HTTP/1.1" 200 1343
192.168.10.231 - - [11/Jun/2024:10:41:03 +0900] "GET /spring_mbv/common/css/board.css HTTP/1.1" 404 850
0:0:0:0:0:0:0:1 - - [11/Jun/2024:10:41:04 +0900] "GET /spring_mvc/index.do HTTP/1.1" 200 4956
192.168.10.231 - - [11/Jun/2024:10:41:04 +0900] "GET /spring_mbv/common/css/board.css HTTP/1.1" 404 850
0:0:0:0:0:0:0:1 - - [11/Jun/2024:10:41:04 +0900] "GET /spring_mvc/index.do HTTP/1.1" 200 4956
192.168.10.231 - - [11/Jun/2024:10:41:04 +0900] "GET /spring_mbv/common/css/board.css HTTP/1.1" 404 850
0:0:0:0:0:0:0:1 - - [11/Jun/2024:10:41:05 +0900] "GET /spring_mvc/index.do HTTP/1.1" 200 4956
192.168.10.231 - - [11/Jun/2024:10:41:05 +0900] "GET /spring_mbv/common/css/board.css HTTP/1.1" 404 850
0:0:0:0:0:0:0:1 - - [11/Jun/2024:10:41:05 +0900] "GET /spring_mvc/index.do HTTP/1.1" 200 4956
192.168.10.231 - - [11/Jun/2024:10:41:05 +0900] "GET /spring_mbv/common/css/board.css HTTP/1.1" 404 850
0:0:0:0:0:0:0:1 - - [11/Jun/2024:10:41:05 +0900] "GET /spring_mvc/index.do HTTP/1.1" 200 4956
192.168.10.231 - - [11/Jun/2024:10:41:05 +0900] "GET /spring_mbv/common/css/board.css HTTP/1.1" 404 850
0:0:0:0:0:0:0:1 - - [11/Jun/2024:10:41:06 +0900] "GET /spring_mvc/day0610/add_cookie.do HTTP/1.1" 200 1282
192.168.10.231 - - [11/Jun/2024:10:41:06 +0900] "GET /spring_mbv/common/css/board.css HTTP/1.1" 404 850
0:0:0:0:0:0:0:1 - - [11/Jun/2024:10:41:07 +0900] "GET /spring_mvc/day0610/cookie_annotation.do HTTP/1.1" 200 1356
192.168.10.231 - - [11/Jun/2024:10:41:07 +0900] "GET /spring_mbv/common/css/board.css HTTP/1.1" 404 850
0:0:0:0:0:0:0:1 - - [11/Jun/2024:10:41:11 +0900] "GET /spring_mvc/day0610/web_utils.do HTTP/1.1" 200 1343
192.168.10.231 - - [11/Jun/2024:10:41:11 +0900] "GET /spring_mbv/common/css/board.css HTTP/1.1" 404 850
0:0:0:0:0:0:0:1 - - [11/Jun/2024:10:41:12 +0900] "GET /spring_mvc/index.do HTTP/1.1" 200 4956
192.168.10.231 - - [11/Jun/2024:10:41:12 +0900] "GET /spring_mbv/common/css/board.css HTTP/1.1" 404 850
0:0:0:0:0:0:0:1 - - [11/Jun/2024:10:41:13 +0900] "GET /spring_mvc/index.do HTTP/1.1" 200 4956
192.168.10.231 - - [11/Jun/2024:10:41:13 +0900] "GET /spring_mbv/common/css/board.css HTTP/1.1" 404 850
0:0:0:0:0:0:0:1 - - [11/Jun/2024:10:41:14 +0900] "GET /spring_mvc/day0610/add_cookie.do HTTP/1.1" 200 1282
192.168.10.231 - - [11/Jun/2024:10:41:14 +0900] "GET /spring_mbv/common/css/board.css HTTP/1.1" 404 850
0:0:0:0:0:0:0:1 - - [11/Jun/2024:10:41:16 +0900] "GET /spring_mvc/day0610/cookie_annotation.do HTTP/1.1" 200 1358
192.168.10.231 - - [11/Jun/2024:10:41:16 +0900] "GET /spring_mbv/common/css/board.css HTTP/1.1" 404 850
0:0:0:0:0:0:0:1 - - [11/Jun/2024:10:41:18 +0900] "GET /spring_mvc/day0610/web_utils.do HTTP/1.1" 200 1343
192.168.10.231 - - [11/Jun/2024:10:41:18 +0900] "GET /spring_mbv/common/css/board.css HTTP/1.1" 404 850
0:0:0:0:0:0:0:1 - - [11/Jun/2024:10:41:56 +0900] "GET /spring_mvc/day0610/web_utils.do HTTP/1.1" 200 1343
192.168.10.231 - - [11/Jun/2024:10:41:56 +0900] "GET /spring_mbv/common/css/board.css HTTP/1.1" 404 850
0:0:0:0:0:0:0:1 - - [11/Jun/2024:10:44:09 +0900] "GET /spring_mvc/index.do HTTP/1.1" 200 4956
192.168.10.231 - - [11/Jun/2024:10:44:09 +0900] "GET /spring_mbv/common/css/board.css HTTP/1.1" 404 850
0:0:0:0:0:0:0:1 - - [11/Jun/2024:10:44:10 +0900] "GET /spring_mvc/index.do HTTP/1.1" 200 4956
192.168.10.231 - - [11/Jun/2024:10:44:10 +0900] "GET /spring_mbv/common/css/board.css HTTP/1.1" 404 850
0:0:0:0:0:0:0:1 - - [11/Jun/2024:10:44:10 +0900] "GET /spring_mvc/index.do HTTP/1.1" 200 4956
192.168.10.231 - - [11/Jun/2024:10:44:10 +0900] "GET /spring_mbv/common/css/board.css HTTP/1.1" 404 850
0:0:0:0:0:0:0:1 - - [11/Jun/2024:10:44:11 +0900] "GET /spring_mvc/day0610/web_utils.do HTTP/1.1" 500 4274
0:0:0:0:0:0:0:1 - - [11/Jun/2024:10:44:11 +0900] "GET /favicon.ico HTTP/1.1" 404 818
0:0:0:0:0:0:0:1 - - [11/Jun/2024:10:44:17 +0900] "GET /spring_mvc/index.do HTTP/1.1" 200 4956
192.168.10.231 - - [11/Jun/2024:10:44:17 +0900] "GET /spring_mbv/common/css/board.css HTTP/1.1" 404 850
0:0:0:0:0:0:0:1 - - [11/Jun/2024:10:44:18 +0900] "GET /spring_mvc/day0610/web_utils.do HTTP/1.1" 200 1331
192.168.10.231 - - [11/Jun/2024:10:44:18 +0900] "GET /spring_mbv/common/css/board.css HTTP/1.1" 404 850
0:0:0:0:0:0:0:1 - - [11/Jun/2024:10:44:26 +0900] "GET /spring_mvc/day0610/add_cookie.do HTTP/1.1" 200 1282
192.168.10.231 - - [11/Jun/2024:10:44:26 +0900] "GET /spring_mbv/common/css/board.css HTTP/1.1" 404 850
0:0:0:0:0:0:0:1 - - [11/Jun/2024:10:44:28 +0900] "GET /spring_mvc/day0610/web_utils.do HTTP/1.1" 200 1343
192.168.10.231 - - [11/Jun/2024:10:44:28 +0900] "GET /spring_mbv/common/css/board.css HTTP/1.1" 404 850
0:0:0:0:0:0:0:1 - - [11/Jun/2024:10:44:31 +0900] "GET /spring_mvc/day0610/cookie_annotation.do HTTP/1.1" 200 1358
192.168.10.231 - - [11/Jun/2024:10:44:31 +0900] "GET /spring_mbv/common/css/board.css HTTP/1.1" 404 850
0:0:0:0:0:0:0:1 - - [11/Jun/2024:10:44:33 +0900] "GET /spring_mvc/day0610/web_utils.do HTTP/1.1" 200 1343
192.168.10.231 - - [11/Jun/2024:10:44:33 +0900] "GET /spring_mbv/common/css/board.css HTTP/1.1" 404 850
0:0:0:0:0:0:0:1 - - [11/Jun/2024:10:45:19 +0900] "GET /spring_mvc/day0610/web_utils.do HTTP/1.1" 200 1343
192.168.10.231 - - [11/Jun/2024:10:45:19 +0900] "GET /spring_mbv/common/css/board.css HTTP/1.1" 404 850
0:0:0:0:0:0:0:1 - - [11/Jun/2024:10:45:19 +0900] "GET /spring_mvc/day0610/web_utils.do HTTP/1.1" 200 1343
192.168.10.231 - - [11/Jun/2024:10:45:19 +0900] "GET /spring_mbv/common/css/board.css HTTP/1.1" 404 850
0:0:0:0:0:0:0:1 - - [11/Jun/2024:10:45:23 +0900] "GET /spring_mvc/index.do HTTP/1.1" 200 4956
192.168.10.231 - - [11/Jun/2024:10:45:23 +0900] "GET /spring_mbv/common/css/board.css HTTP/1.1" 404 850
127.0.0.1 - - [11/Jun/2024:11:41:33 +0900] "GET / HTTP/1.1" 404 807
0:0:0:0:0:0:0:1 - - [11/Jun/2024:11:41:33 +0900] "GET /spring_mvc/index.do HTTP/1.1" 200 5180
192.168.10.231 - - [11/Jun/2024:11:41:33 +0900] "GET /spring_mbv/common/css/board.css HTTP/1.1" 404 850
0:0:0:0:0:0:0:1 - - [11/Jun/2024:11:41:35 +0900] "GET /spring_mvc/day0611/ajax.do HTTP/1.1" 500 5688
0:0:0:0:0:0:0:1 - - [11/Jun/2024:11:42:19 +0900] "GET /spring_mvc/index.do HTTP/1.1" 200 5180
192.168.10.231 - - [11/Jun/2024:11:42:19 +0900] "GET /spring_mbv/common/css/board.css HTTP/1.1" 404 850
0:0:0:0:0:0:0:1 - - [11/Jun/2024:11:42:19 +0900] "GET /spring_mvc/index.do HTTP/1.1" 200 5180
192.168.10.231 - - [11/Jun/2024:11:42:19 +0900] "GET /spring_mbv/common/css/board.css HTTP/1.1" 404 850
0:0:0:0:0:0:0:1 - - [11/Jun/2024:11:42:20 +0900] "GET /spring_mvc/index.do HTTP/1.1" 200 5180
192.168.10.231 - - [11/Jun/2024:11:42:20 +0900] "GET /spring_mbv/common/css/board.css HTTP/1.1" 404 850
0:0:0:0:0:0:0:1 - - [11/Jun/2024:11:42:20 +0900] "GET /spring_mvc/index.do HTTP/1.1" 200 5180
192.168.10.231 - - [11/Jun/2024:11:42:20 +0900] "GET /spring_mbv/common/css/board.css HTTP/1.1" 404 850
0:0:0:0:0:0:0:1 - - [11/Jun/2024:11:42:20 +0900] "GET /spring_mvc/index.do HTTP/1.1" 200 5180
192.168.10.231 - - [11/Jun/2024:11:42:20 +0900] "GET /spring_mbv/common/css/board.css HTTP/1.1" 404 850
0:0:0:0:0:0:0:1 - - [11/Jun/2024:11:42:21 +0900] "GET /spring_mvc/index.do HTTP/1.1" 200 5180
192.168.10.231 - - [11/Jun/2024:11:42:21 +0900] "GET /spring_mbv/common/css/board.css HTTP/1.1" 404 850
0:0:0:0:0:0:0:1 - - [11/Jun/2024:11:42:25 +0900] "GET /spring_mvc/day0611/ajax.do HTTP/1.1" 200 1509
192.168.10.231 - - [11/Jun/2024:11:42:25 +0900] "GET /spring_mbv/common/css/board.css HTTP/1.1" 404 850
0:0:0:0:0:0:0:1 - - [11/Jun/2024:11:45:29 +0900] "GET /spring_mvc/index.do HTTP/1.1" 200 5180
192.168.10.231 - - [11/Jun/2024:11:45:29 +0900] "GET /spring_mbv/common/css/board.css HTTP/1.1" 404 850
0:0:0:0:0:0:0:1 - - [11/Jun/2024:11:45:29 +0900] "GET /spring_mvc/index.do HTTP/1.1" 200 5180
192.168.10.231 - - [11/Jun/2024:11:45:29 +0900] "GET /spring_mbv/common/css/board.css HTTP/1.1" 404 850
0:0:0:0:0:0:0:1 - - [11/Jun/2024:11:45:29 +0900] "GET /spring_mvc/index.do HTTP/1.1" 200 5180
192.168.10.231 - - [11/Jun/2024:11:45:29 +0900] "GET /spring_mbv/common/css/board.css HTTP/1.1" 404 850
0:0:0:0:0:0:0:1 - - [11/Jun/2024:11:45:29 +0900] "GET /spring_mvc/index.do HTTP/1.1" 200 5180
192.168.10.231 - - [11/Jun/2024:11:45:29 +0900] "GET /spring_mbv/common/css/board.css HTTP/1.1" 404 850
0:0:0:0:0:0:0:1 - - [11/Jun/2024:11:45:29 +0900] "GET /spring_mvc/index.do HTTP/1.1" 200 5180
192.168.10.231 - - [11/Jun/2024:11:45:29 +0900] "GET /spring_mbv/common/css/board.css HTTP/1.1" 404 850
0:0:0:0:0:0:0:1 - - [11/Jun/2024:11:45:30 +0900] "GET /spring_mvc/index.do HTTP/1.1" 200 5180
192.168.10.231 - - [11/Jun/2024:11:45:30 +0900] "GET /spring_mbv/common/css/board.css HTTP/1.1" 404 850
0:0:0:0:0:0:0:1 - - [11/Jun/2024:11:45:30 +0900] "GET /spring_mvc/index.do HTTP/1.1" 200 5180
192.168.10.231 - - [11/Jun/2024:11:45:30 +0900] "GET /spring_mbv/common/css/board.css HTTP/1.1" 404 850
0:0:0:0:0:0:0:1 - - [11/Jun/2024:11:45:30 +0900] "GET /spring_mvc/index.do HTTP/1.1" 200 5180
192.168.10.231 - - [11/Jun/2024:11:45:30 +0900] "GET /spring_mbv/common/css/board.css HTTP/1.1" 404 850
0:0:0:0:0:0:0:1 - - [11/Jun/2024:11:45:30 +0900] "GET /spring_mvc/index.do HTTP/1.1" 200 5180
192.168.10.231 - - [11/Jun/2024:11:45:30 +0900] "GET /spring_mbv/common/css/board.css HTTP/1.1" 404 850
0:0:0:0:0:0:0:1 - - [11/Jun/2024:11:45:32 +0900] "GET /spring_mvc/day0611/ajax.do HTTP/1.1" 200 1719
192.168.10.231 - - [11/Jun/2024:11:45:32 +0900] "GET /spring_mbv/common/css/board.css HTTP/1.1" 404 850
0:0:0:0:0:0:0:1 - - [11/Jun/2024:11:45:32 +0900] "GET /spring_mvc/day0611/ajax_result.do HTTP/1.1" 200 1261
0:0:0:0:0:0:0:1 - - [11/Jun/2024:11:49:39 +0900] "GET /spring_mvc/index.do HTTP/1.1" 200 5180
192.168.10.231 - - [11/Jun/2024:11:49:39 +0900] "GET /spring_mbv/common/css/board.css HTTP/1.1" 404 850
0:0:0:0:0:0:0:1 - - [11/Jun/2024:11:49:40 +0900] "GET /spring_mvc/index.do HTTP/1.1" 200 5180
192.168.10.231 - - [11/Jun/2024:11:49:40 +0900] "GET /spring_mbv/common/css/board.css HTTP/1.1" 404 850
0:0:0:0:0:0:0:1 - - [11/Jun/2024:11:49:40 +0900] "GET /spring_mvc/index.do HTTP/1.1" 200 5180
192.168.10.231 - - [11/Jun/2024:11:49:40 +0900] "GET /spring_mbv/common/css/board.css HTTP/1.1" 404 850
0:0:0:0:0:0:0:1 - - [11/Jun/2024:11:49:40 +0900] "GET /spring_mvc/index.do HTTP/1.1" 200 5180
192.168.10.231 - - [11/Jun/2024:11:49:40 +0900] "GET /spring_mbv/common/css/board.css HTTP/1.1" 404 850
0:0:0:0:0:0:0:1 - - [11/Jun/2024:11:49:41 +0900] "GET /spring_mvc/day0611/ajax.do HTTP/1.1" 200 1719
192.168.10.231 - - [11/Jun/2024:11:49:41 +0900] "GET /spring_mbv/common/css/board.css HTTP/1.1" 404 850
0:0:0:0:0:0:0:1 - - [11/Jun/2024:11:49:41 +0900] "GET /spring_mvc/day0611/ajax_result.do HTTP/1.1" 200 131
192.168.10.231 - - [11/Jun/2024:11:49:47 +0900] "GET /spring_mbv/common/css/board.css HTTP/1.1" 404 850
0:0:0:0:0:0:0:1 - - [11/Jun/2024:11:50:49 +0900] "GET /spring_mvc/index.do HTTP/1.1" 200 5180
192.168.10.231 - - [11/Jun/2024:11:50:49 +0900] "GET /spring_mbv/common/css/board.css HTTP/1.1" 404 850
0:0:0:0:0:0:0:1 - - [11/Jun/2024:11:50:50 +0900] "GET /spring_mvc/index.do HTTP/1.1" 200 5180
192.168.10.231 - - [11/Jun/2024:11:50:50 +0900] "GET /spring_mbv/common/css/board.css HTTP/1.1" 404 850
0:0:0:0:0:0:0:1 - - [11/Jun/2024:11:50:51 +0900] "GET /spring_mvc/day0611/ajax.do HTTP/1.1" 200 1719
192.168.10.231 - - [11/Jun/2024:11:50:51 +0900] "GET /spring_mbv/common/css/board.css HTTP/1.1" 404 850
0:0:0:0:0:0:0:1 - - [11/Jun/2024:11:50:51 +0900] "GET /spring_mvc/day0611/ajax_result.do HTTP/1.1" 200 131
127.0.0.1 - - [11/Jun/2024:11:51:25 +0900] "GET / HTTP/1.1" 404 807
0:0:0:0:0:0:0:1 - - [11/Jun/2024:11:51:26 +0900] "GET /spring_mvc/index.do HTTP/1.1" 200 5180
192.168.10.231 - - [11/Jun/2024:11:51:26 +0900] "GET /spring_mbv/common/css/board.css HTTP/1.1" 404 850
0:0:0:0:0:0:0:1 - - [11/Jun/2024:11:51:43 +0900] "GET /spring_mvc/day0611/ajax.do HTTP/1.1" 200 1719
192.168.10.231 - - [11/Jun/2024:11:51:43 +0900] "GET /spring_mbv/common/css/board.css HTTP/1.1" 404 850
0:0:0:0:0:0:0:1 - - [11/Jun/2024:11:51:43 +0900] "GET /spring_mvc/day0611/ajax_result.do HTTP/1.1" 200 91
0:0:0:0:0:0:0:1 - - [11/Jun/2024:11:52:39 +0900] "GET /spring_mvc/day0611/ajax.do HTTP/1.1" 200 1719
192.168.10.231 - - [11/Jun/2024:11:52:39 +0900] "GET /spring_mbv/common/css/board.css HTTP/1.1" 404 850
0:0:0:0:0:0:0:1 - - [11/Jun/2024:11:52:39 +0900] "GET /spring_mvc/day0611/ajax_result.do HTTP/1.1" 200 91
0:0:0:0:0:0:0:1 - - [11/Jun/2024:11:52:39 +0900] "GET /spring_mvc/day0611/ajax.do HTTP/1.1" 200 1719
192.168.10.231 - - [11/Jun/2024:11:52:39 +0900] "GET /spring_mbv/common/css/board.css HTTP/1.1" 404 850
0:0:0:0:0:0:0:1 - - [11/Jun/2024:11:52:39 +0900] "GET /spring_mvc/day0611/ajax_result.do HTTP/1.1" 200 91
0:0:0:0:0:0:0:1 - - [11/Jun/2024:11:52:40 +0900] "GET /spring_mvc/day0611/ajax.do HTTP/1.1" 200 1719
192.168.10.231 - - [11/Jun/2024:11:52:40 +0900] "GET /spring_mbv/common/css/board.css HTTP/1.1" 404 850
0:0:0:0:0:0:0:1 - - [11/Jun/2024:11:52:40 +0900] "GET /spring_mvc/day0611/ajax_result.do HTTP/1.1" 200 91
0:0:0:0:0:0:0:1 - - [11/Jun/2024:11:52:40 +0900] "GET /spring_mvc/day0611/ajax.do HTTP/1.1" 200 1719
192.168.10.231 - - [11/Jun/2024:11:52:40 +0900] "GET /spring_mbv/common/css/board.css HTTP/1.1" 404 850
0:0:0:0:0:0:0:1 - - [11/Jun/2024:11:52:40 +0900] "GET /spring_mvc/day0611/ajax_result.do HTTP/1.1" 200 91
0:0:0:0:0:0:0:1 - - [11/Jun/2024:11:52:42 +0900] "GET /spring_mvc/index.do HTTP/1.1" 200 5180
192.168.10.231 - - [11/Jun/2024:11:52:42 +0900] "GET /spring_mbv/common/css/board.css HTTP/1.1" 404 850
0:0:0:0:0:0:0:1 - - [11/Jun/2024:11:52:42 +0900] "GET /spring_mvc/index.do HTTP/1.1" 200 5180
192.168.10.231 - - [11/Jun/2024:11:52:42 +0900] "GET /spring_mbv/common/css/board.css HTTP/1.1" 404 850
0:0:0:0:0:0:0:1 - - [11/Jun/2024:11:52:42 +0900] "GET /spring_mvc/index.do HTTP/1.1" 200 5180
192.168.10.231 - - [11/Jun/2024:11:52:42 +0900] "GET /spring_mbv/common/css/board.css HTTP/1.1" 404 850
0:0:0:0:0:0:0:1 - - [11/Jun/2024:11:52:42 +0900] "GET /spring_mvc/index.do HTTP/1.1" 200 5180
192.168.10.231 - - [11/Jun/2024:11:52:42 +0900] "GET /spring_mbv/common/css/board.css HTTP/1.1" 404 850
0:0:0:0:0:0:0:1 - - [11/Jun/2024:11:52:42 +0900] "GET /spring_mvc/index.do HTTP/1.1" 200 5180
192.168.10.231 - - [11/Jun/2024:11:52:42 +0900] "GET /spring_mbv/common/css/board.css HTTP/1.1" 404 850
0:0:0:0:0:0:0:1 - - [11/Jun/2024:11:52:43 +0900] "GET /spring_mvc/day0611/ajax.do HTTP/1.1" 200 1719
192.168.10.231 - - [11/Jun/2024:11:52:43 +0900] "GET /spring_mbv/common/css/board.css HTTP/1.1" 404 850
0:0:0:0:0:0:0:1 - - [11/Jun/2024:11:52:43 +0900] "GET /spring_mvc/day0611/ajax_result.do HTTP/1.1" 200 91
0:0:0:0:0:0:0:1 - - [11/Jun/2024:11:52:55 +0900] "GET /spring_mvc/index.do HTTP/1.1" 200 5180
192.168.10.231 - - [11/Jun/2024:11:52:55 +0900] "GET /spring_mbv/common/css/board.css HTTP/1.1" 404 850
0:0:0:0:0:0:0:1 - - [11/Jun/2024:11:52:55 +0900] "GET /spring_mvc/index.do HTTP/1.1" 200 5180
192.168.10.231 - - [11/Jun/2024:11:52:55 +0900] "GET /spring_mbv/common/css/board.css HTTP/1.1" 404 850
0:0:0:0:0:0:0:1 - - [11/Jun/2024:11:52:56 +0900] "GET /spring_mvc/day0611/ajax.do HTTP/1.1" 200 1758
192.168.10.231 - - [11/Jun/2024:11:52:56 +0900] "GET /spring_mbv/common/css/board.css HTTP/1.1" 404 850
0:0:0:0:0:0:0:1 - - [11/Jun/2024:11:52:57 +0900] "GET /spring_mvc/day0611/ajax_result.do HTTP/1.1" 200 91
192.168.10.231 - - [11/Jun/2024:12:13:15 +0900] "GET /spring_mbv/common/css/board.css HTTP/1.1" 404 850
0:0:0:0:0:0:0:1 - - [11/Jun/2024:12:13:16 +0900] "GET /spring_mvc/index.do HTTP/1.1" 200 5180
192.168.10.231 - - [11/Jun/2024:12:13:16 +0900] "GET /spring_mbv/common/css/board.css HTTP/1.1" 404 850
0:0:0:0:0:0:0:1 - - [11/Jun/2024:12:13:16 +0900] "GET /spring_mvc/index.do HTTP/1.1" 200 5180
192.168.10.231 - - [11/Jun/2024:12:13:16 +0900] "GET /spring_mbv/common/css/board.css HTTP/1.1" 404 850
0:0:0:0:0:0:0:1 - - [11/Jun/2024:12:13:16 +0900] "GET /spring_mvc/index.do HTTP/1.1" 200 5180
192.168.10.231 - - [11/Jun/2024:12:13:16 +0900] "GET /spring_mbv/common/css/board.css HTTP/1.1" 404 850
0:0:0:0:0:0:0:1 - - [11/Jun/2024:12:13:21 +0900] "GET /spring_mvc/day0611/ajax.do HTTP/1.1" 200 1897
192.168.10.231 - - [11/Jun/2024:12:13:21 +0900] "GET /spring_mbv/common/css/board.css HTTP/1.1" 404 850
0:0:0:0:0:0:0:1 - - [11/Jun/2024:12:13:22 +0900] "GET /spring_mvc/day0611/ajax_result.do HTTP/1.1" 200 91
0:0:0:0:0:0:0:1 - - [11/Jun/2024:12:13:49 +0900] "GET /spring_mvc/index.do HTTP/1.1" 200 5180
192.168.10.231 - - [11/Jun/2024:12:13:49 +0900] "GET /spring_mbv/common/css/board.css HTTP/1.1" 404 850
0:0:0:0:0:0:0:1 - - [11/Jun/2024:12:13:49 +0900] "GET /spring_mvc/index.do HTTP/1.1" 200 5180
192.168.10.231 - - [11/Jun/2024:12:13:49 +0900] "GET /spring_mbv/common/css/board.css HTTP/1.1" 404 850
0:0:0:0:0:0:0:1 - - [11/Jun/2024:12:13:49 +0900] "GET /spring_mvc/index.do HTTP/1.1" 200 5180
192.168.10.231 - - [11/Jun/2024:12:13:49 +0900] "GET /spring_mbv/common/css/board.css HTTP/1.1" 404 850
0:0:0:0:0:0:0:1 - - [11/Jun/2024:12:13:49 +0900] "GET /spring_mvc/index.do HTTP/1.1" 200 5180
192.168.10.231 - - [11/Jun/2024:12:13:49 +0900] "GET /spring_mbv/common/css/board.css HTTP/1.1" 404 850
0:0:0:0:0:0:0:1 - - [11/Jun/2024:12:13:49 +0900] "GET /spring_mvc/index.do HTTP/1.1" 200 5180
192.168.10.231 - - [11/Jun/2024:12:13:49 +0900] "GET /spring_mbv/common/css/board.css HTTP/1.1" 404 850
0:0:0:0:0:0:0:1 - - [11/Jun/2024:12:13:50 +0900] "GET /spring_mvc/day0611/ajax.do HTTP/1.1" 200 1900
192.168.10.231 - - [11/Jun/2024:12:13:50 +0900] "GET /spring_mbv/common/css/board.css HTTP/1.1" 404 850
0:0:0:0:0:0:0:1 - - [11/Jun/2024:12:13:51 +0900] "GET /spring_mvc/day0611/ajax_result.do HTTP/1.1" 200 91
0:0:0:0:0:0:0:1 - - [11/Jun/2024:12:16:54 +0900] "GET /spring_mvc/index.do HTTP/1.1" 200 5180
192.168.10.231 - - [11/Jun/2024:12:16:54 +0900] "GET /spring_mbv/common/css/board.css HTTP/1.1" 404 850
0:0:0:0:0:0:0:1 - - [11/Jun/2024:12:16:54 +0900] "GET /spring_mvc/index.do HTTP/1.1" 200 5180
192.168.10.231 - - [11/Jun/2024:12:16:54 +0900] "GET /spring_mbv/common/css/board.css HTTP/1.1" 404 850
0:0:0:0:0:0:0:1 - - [11/Jun/2024:12:16:54 +0900] "GET /spring_mvc/index.do HTTP/1.1" 200 5180
192.168.10.231 - - [11/Jun/2024:12:16:54 +0900] "GET /spring_mbv/common/css/board.css HTTP/1.1" 404 850
0:0:0:0:0:0:0:1 - - [11/Jun/2024:12:16:54 +0900] "GET /spring_mvc/index.do HTTP/1.1" 200 5180
192.168.10.231 - - [11/Jun/2024:12:16:54 +0900] "GET /spring_mbv/common/css/board.css HTTP/1.1" 404 850
0:0:0:0:0:0:0:1 - - [11/Jun/2024:12:16:54 +0900] "GET /spring_mvc/index.do HTTP/1.1" 200 5180
192.168.10.231 - - [11/Jun/2024:12:16:54 +0900] "GET /spring_mbv/common/css/board.css HTTP/1.1" 404 850
0:0:0:0:0:0:0:1 - - [11/Jun/2024:12:16:55 +0900] "GET /spring_mvc/day0611/ajax.do HTTP/1.1" 200 2122
192.168.10.231 - - [11/Jun/2024:12:16:55 +0900] "GET /spring_mbv/common/css/board.css HTTP/1.1" 404 850
0:0:0:0:0:0:0:1 - - [11/Jun/2024:12:17:02 +0900] "GET /spring_mvc/day0611/ajax_result.do HTTP/1.1" 200 91
0:0:0:0:0:0:0:1 - - [11/Jun/2024:12:17:12 +0900] "GET /spring_mvc/index.do HTTP/1.1" 200 5180
192.168.10.231 - - [11/Jun/2024:12:17:12 +0900] "GET /spring_mbv/common/css/board.css HTTP/1.1" 404 850
0:0:0:0:0:0:0:1 - - [11/Jun/2024:12:17:12 +0900] "GET /spring_mvc/index.do HTTP/1.1" 200 5180
192.168.10.231 - - [11/Jun/2024:12:17:12 +0900] "GET /spring_mbv/common/css/board.css HTTP/1.1" 404 850
0:0:0:0:0:0:0:1 - - [11/Jun/2024:12:17:12 +0900] "GET /spring_mvc/index.do HTTP/1.1" 200 5180
192.168.10.231 - - [11/Jun/2024:12:17:12 +0900] "GET /spring_mbv/common/css/board.css HTTP/1.1" 404 850
0:0:0:0:0:0:0:1 - - [11/Jun/2024:12:17:12 +0900] "GET /spring_mvc/index.do HTTP/1.1" 200 5180
192.168.10.231 - - [11/Jun/2024:12:17:12 +0900] "GET /spring_mbv/common/css/board.css HTTP/1.1" 404 850
0:0:0:0:0:0:0:1 - - [11/Jun/2024:12:17:13 +0900] "GET /spring_mvc/index.do HTTP/1.1" 200 5180
192.168.10.231 - - [11/Jun/2024:12:17:13 +0900] "GET /spring_mbv/common/css/board.css HTTP/1.1" 404 850
0:0:0:0:0:0:0:1 - - [11/Jun/2024:12:17:14 +0900] "GET /spring_mvc/day0611/ajax.do HTTP/1.1" 200 2122
192.168.10.231 - - [11/Jun/2024:12:17:14 +0900] "GET /spring_mbv/common/css/board.css HTTP/1.1" 404 850
0:0:0:0:0:0:0:1 - - [11/Jun/2024:12:17:15 +0900] "GET /spring_mvc/day0611/ajax_result.do HTTP/1.1" 200 91
0:0:0:0:0:0:0:1 - - [11/Jun/2024:12:17:52 +0900] "GET /spring_mvc/index.do HTTP/1.1" 200 5180
192.168.10.231 - - [11/Jun/2024:12:17:52 +0900] "GET /spring_mbv/common/css/board.css HTTP/1.1" 404 850
0:0:0:0:0:0:0:1 - - [11/Jun/2024:12:17:52 +0900] "GET /spring_mvc/index.do HTTP/1.1" 200 5180
192.168.10.231 - - [11/Jun/2024:12:17:52 +0900] "GET /spring_mbv/common/css/board.css HTTP/1.1" 404 850
0:0:0:0:0:0:0:1 - - [11/Jun/2024:12:17:53 +0900] "GET /spring_mvc/index.do HTTP/1.1" 200 5180
192.168.10.231 - - [11/Jun/2024:12:17:53 +0900] "GET /spring_mbv/common/css/board.css HTTP/1.1" 404 850
0:0:0:0:0:0:0:1 - - [11/Jun/2024:12:17:53 +0900] "GET /spring_mvc/index.do HTTP/1.1" 200 5180
192.168.10.231 - - [11/Jun/2024:12:17:53 +0900] "GET /spring_mbv/common/css/board.css HTTP/1.1" 404 850
0:0:0:0:0:0:0:1 - - [11/Jun/2024:12:17:54 +0900] "GET /spring_mvc/day0611/ajax.do HTTP/1.1" 200 2122
192.168.10.231 - - [11/Jun/2024:12:17:54 +0900] "GET /spring_mbv/common/css/board.css HTTP/1.1" 404 850
0:0:0:0:0:0:0:1 - - [11/Jun/2024:12:17:54 +0900] "GET /spring_mvc/day0611/ajax_result.do HTTP/1.1" 200 91
0:0:0:0:0:0:0:1 - - [11/Jun/2024:12:18:28 +0900] "GET /spring_mvc/day0611/ajax.do HTTP/1.1" 200 2122
192.168.10.231 - - [11/Jun/2024:12:18:28 +0900] "GET /spring_mbv/common/css/board.css HTTP/1.1" 404 850
0:0:0:0:0:0:0:1 - - [11/Jun/2024:12:18:28 +0900] "GET /spring_mvc/day0611/ajax.do HTTP/1.1" 200 2122
192.168.10.231 - - [11/Jun/2024:12:18:28 +0900] "GET /spring_mbv/common/css/board.css HTTP/1.1" 404 850
0:0:0:0:0:0:0:1 - - [11/Jun/2024:12:18:28 +0900] "GET /spring_mvc/day0611/ajax.do HTTP/1.1" 200 2122
192.168.10.231 - - [11/Jun/2024:12:18:28 +0900] "GET /spring_mbv/common/css/board.css HTTP/1.1" 404 850
0:0:0:0:0:0:0:1 - - [11/Jun/2024:12:18:28 +0900] "GET /spring_mvc/day0611/ajax.do HTTP/1.1" 200 2122
192.168.10.231 - - [11/Jun/2024:12:18:28 +0900] "GET /spring_mbv/common/css/board.css HTTP/1.1" 404 850
0:0:0:0:0:0:0:1 - - [11/Jun/2024:12:18:29 +0900] "GET /spring_mvc/day0611/ajax_result.do HTTP/1.1" 200 91
0:0:0:0:0:0:0:1 - - [11/Jun/2024:12:18:32 +0900] "GET /spring_mvc/index.do HTTP/1.1" 200 5180
192.168.10.231 - - [11/Jun/2024:12:18:32 +0900] "GET /spring_mbv/common/css/board.css HTTP/1.1" 404 850
0:0:0:0:0:0:0:1 - - [11/Jun/2024:12:18:32 +0900] "GET /spring_mvc/index.do HTTP/1.1" 200 5180
192.168.10.231 - - [11/Jun/2024:12:18:32 +0900] "GET /spring_mbv/common/css/board.css HTTP/1.1" 404 850
0:0:0:0:0:0:0:1 - - [11/Jun/2024:12:18:32 +0900] "GET /spring_mvc/index.do HTTP/1.1" 200 5180
192.168.10.231 - - [11/Jun/2024:12:18:32 +0900] "GET /spring_mbv/common/css/board.css HTTP/1.1" 404 850
0:0:0:0:0:0:0:1 - - [11/Jun/2024:12:18:33 +0900] "GET /spring_mvc/day0611/ajax.do HTTP/1.1" 200 2122
192.168.10.231 - - [11/Jun/2024:12:18:33 +0900] "GET /spring_mbv/common/css/board.css HTTP/1.1" 404 850
0:0:0:0:0:0:0:1 - - [11/Jun/2024:12:18:34 +0900] "GET /spring_mvc/day0611/ajax_result.do HTTP/1.1" 200 91
0:0:0:0:0:0:0:1 - - [11/Jun/2024:12:18:41 +0900] "GET /spring_mvc/day0611/ajax.do HTTP/1.1" 200 2095
192.168.10.231 - - [11/Jun/2024:12:18:41 +0900] "GET /spring_mbv/common/css/board.css HTTP/1.1" 404 850
0:0:0:0:0:0:0:1 - - [11/Jun/2024:12:18:41 +0900] "GET /spring_mvc/day0611/ajax.do HTTP/1.1" 200 2095
192.168.10.231 - - [11/Jun/2024:12:18:41 +0900] "GET /spring_mbv/common/css/board.css HTTP/1.1" 404 850
0:0:0:0:0:0:0:1 - - [11/Jun/2024:12:18:41 +0900] "GET /spring_mvc/day0611/ajax.do HTTP/1.1" 200 2095
192.168.10.231 - - [11/Jun/2024:12:18:41 +0900] "GET /spring_mbv/common/css/board.css HTTP/1.1" 404 850
0:0:0:0:0:0:0:1 - - [11/Jun/2024:12:18:41 +0900] "GET /spring_mvc/day0611/ajax.do HTTP/1.1" 200 2095
192.168.10.231 - - [11/Jun/2024:12:18:41 +0900] "GET /spring_mbv/common/css/board.css HTTP/1.1" 404 850
0:0:0:0:0:0:0:1 - - [11/Jun/2024:12:18:41 +0900] "GET /spring_mvc/day0611/ajax.do HTTP/1.1" 200 2095
192.168.10.231 - - [11/Jun/2024:12:18:41 +0900] "GET /spring_mbv/common/css/board.css HTTP/1.1" 404 850
0:0:0:0:0:0:0:1 - - [11/Jun/2024:12:18:42 +0900] "GET /spring_mvc/day0611/ajax.do HTTP/1.1" 200 2095
192.168.10.231 - - [11/Jun/2024:12:18:42 +0900] "GET /spring_mbv/common/css/board.css HTTP/1.1" 404 850
0:0:0:0:0:0:0:1 - - [11/Jun/2024:12:18:43 +0900] "GET /spring_mvc/index.do HTTP/1.1" 200 5180
192.168.10.231 - - [11/Jun/2024:12:18:43 +0900] "GET /spring_mbv/common/css/board.css HTTP/1.1" 404 850
0:0:0:0:0:0:0:1 - - [11/Jun/2024:12:18:43 +0900] "GET /spring_mvc/index.do HTTP/1.1" 200 5180
192.168.10.231 - - [11/Jun/2024:12:18:43 +0900] "GET /spring_mbv/common/css/board.css HTTP/1.1" 404 850
0:0:0:0:0:0:0:1 - - [11/Jun/2024:12:18:43 +0900] "GET /spring_mvc/index.do HTTP/1.1" 200 5180
192.168.10.231 - - [11/Jun/2024:12:18:43 +0900] "GET /spring_mbv/common/css/board.css HTTP/1.1" 404 850
0:0:0:0:0:0:0:1 - - [11/Jun/2024:12:18:44 +0900] "GET /spring_mvc/index.do HTTP/1.1" 200 5180
192.168.10.231 - - [11/Jun/2024:12:18:44 +0900] "GET /spring_mbv/common/css/board.css HTTP/1.1" 404 850
0:0:0:0:0:0:0:1 - - [11/Jun/2024:12:18:44 +0900] "GET /spring_mvc/index.do HTTP/1.1" 200 5180
192.168.10.231 - - [11/Jun/2024:12:18:44 +0900] "GET /spring_mbv/common/css/board.css HTTP/1.1" 404 850
0:0:0:0:0:0:0:1 - - [11/Jun/2024:12:18:45 +0900] "GET /spring_mvc/day0611/ajax.do HTTP/1.1" 200 2095
192.168.10.231 - - [11/Jun/2024:12:18:45 +0900] "GET /spring_mbv/common/css/board.css HTTP/1.1" 404 850
0:0:0:0:0:0:0:1 - - [11/Jun/2024:12:18:46 +0900] "GET /spring_mvc/day0611/ajax_result.do HTTP/1.1" 200 91
0:0:0:0:0:0:0:1 - - [11/Jun/2024:12:18:48 +0900] "GET /spring_mvc/index.do HTTP/1.1" 200 5180
192.168.10.231 - - [11/Jun/2024:12:18:48 +0900] "GET /spring_mbv/common/css/board.css HTTP/1.1" 404 850
0:0:0:0:0:0:0:1 - - [11/Jun/2024:12:18:48 +0900] "GET /spring_mvc/index.do HTTP/1.1" 200 5180
192.168.10.231 - - [11/Jun/2024:12:18:48 +0900] "GET /spring_mbv/common/css/board.css HTTP/1.1" 404 850
0:0:0:0:0:0:0:1 - - [11/Jun/2024:12:18:49 +0900] "GET /spring_mvc/index.do HTTP/1.1" 200 5180
192.168.10.231 - - [11/Jun/2024:12:18:49 +0900] "GET /spring_mbv/common/css/board.css HTTP/1.1" 404 850
0:0:0:0:0:0:0:1 - - [11/Jun/2024:12:18:49 +0900] "GET /spring_mvc/day0611/ajax.do HTTP/1.1" 200 2097
192.168.10.231 - - [11/Jun/2024:12:18:49 +0900] "GET /spring_mbv/common/css/board.css HTTP/1.1" 404 850
0:0:0:0:0:0:0:1 - - [11/Jun/2024:12:18:50 +0900] "GET /spring_mvc/day0611/ajax_result.do HTTP/1.1" 200 91
127.0.0.1 - - [11/Jun/2024:12:49:47 +0900] "GET / HTTP/1.1" 404 807
0:0:0:0:0:0:0:1 - - [11/Jun/2024:12:49:47 +0900] "GET /spring_mvc/index.do HTTP/1.1" 200 5180
192.168.10.231 - - [11/Jun/2024:12:49:47 +0900] "GET /spring_mbv/common/css/board.css HTTP/1.1" 404 850
0:0:0:0:0:0:0:1 - - [11/Jun/2024:12:49:50 +0900] "GET /spring_mvc/day0611/ajax.do HTTP/1.1" 200 2534
192.168.10.231 - - [11/Jun/2024:12:49:50 +0900] "GET /spring_mbv/common/css/board.css HTTP/1.1" 404 850
0:0:0:0:0:0:0:1 - - [11/Jun/2024:12:49:51 +0900] "GET /spring_mvc/day0611/ajax_responsebody.do HTTP/1.1" 200 127
0:0:0:0:0:0:0:1 - - [11/Jun/2024:14:03:57 +0900] "GET /spring_mvc/day0611/ajax_responsebody.do HTTP/1.1" 200 127
0:0:0:0:0:0:0:1 - - [11/Jun/2024:14:05:05 +0900] "GET /spring_mvc/day0611/ajax.do HTTP/1.1" 200 2534
192.168.10.231 - - [11/Jun/2024:14:05:05 +0900] "GET /spring_mbv/common/css/board.css HTTP/1.1" 404 850
0:0:0:0:0:0:0:1 - - [11/Jun/2024:14:05:07 +0900] "GET /spring_mvc/day0611/ajax_responsebody.do HTTP/1.1" 404 721
0:0:0:0:0:0:0:1 - - [11/Jun/2024:14:05:32 +0900] "GET /spring_mvc/day0611/ajax.do HTTP/1.1" 200 2534
192.168.10.231 - - [11/Jun/2024:14:05:32 +0900] "GET /spring_mbv/common/css/board.css HTTP/1.1" 404 850
0:0:0:0:0:0:0:1 - - [11/Jun/2024:14:05:35 +0900] "GET /spring_mvc/day0611/ajax_responsebody.do HTTP/1.1" 200 175
0:0:0:0:0:0:0:1 - - [11/Jun/2024:14:13:22 +0900] "GET /spring_mvc/day0611/ajax.do HTTP/1.1" 200 2798
192.168.10.231 - - [11/Jun/2024:14:13:22 +0900] "GET /spring_mbv/common/css/board.css HTTP/1.1" 404 850
192.168.10.231 - - [11/Jun/2024:14:13:28 +0900] "GET /spring_mbv/common/css/board.css HTTP/1.1" 404 850
0:0:0:0:0:0:0:1 - - [11/Jun/2024:14:13:51 +0900] "GET /spring_mvc/day0611/ajax.do HTTP/1.1" 200 2798
192.168.10.231 - - [11/Jun/2024:14:13:51 +0900] "GET /spring_mbv/common/css/board.css HTTP/1.1" 404 850
0:0:0:0:0:0:0:1 - - [11/Jun/2024:14:14:15 +0900] "GET /spring_mvc/day0611/ajax.do HTTP/1.1" 200 2801
192.168.10.231 - - [11/Jun/2024:14:14:15 +0900] "GET /spring_mbv/common/css/board.css HTTP/1.1" 404 850
0:0:0:0:0:0:0:1 - - [11/Jun/2024:14:14:18 +0900] "GET /spring_mvc/day0611/ajax.do HTTP/1.1" 200 2801
192.168.10.231 - - [11/Jun/2024:14:14:18 +0900] "GET /spring_mbv/common/css/board.css HTTP/1.1" 404 850
192.168.10.231 - - [11/Jun/2024:14:14:19 +0900] "GET /spring_mbv/common/css/board.css HTTP/1.1" 404 850
0:0:0:0:0:0:0:1 - - [11/Jun/2024:14:14:21 +0900] "GET /spring_mvc/day0611/ajax.do HTTP/1.1" 200 2801
192.168.10.231 - - [11/Jun/2024:14:14:21 +0900] "GET /spring_mbv/common/css/board.css HTTP/1.1" 404 850
0:0:0:0:0:0:0:1 - - [11/Jun/2024:14:14:36 +0900] "GET /spring_mvc/day0611/ajax.do HTTP/1.1" 200 2801
192.168.10.231 - - [11/Jun/2024:14:14:36 +0900] "GET /spring_mbv/common/css/board.css HTTP/1.1" 404 850
0:0:0:0:0:0:0:1 - - [11/Jun/2024:14:14:36 +0900] "GET /spring_mvc/day0611/ajax.do HTTP/1.1" 200 2801
192.168.10.231 - - [11/Jun/2024:14:14:36 +0900] "GET /spring_mbv/common/css/board.css HTTP/1.1" 404 850
0:0:0:0:0:0:0:1 - - [11/Jun/2024:14:14:36 +0900] "GET /spring_mvc/day0611/ajax.do HTTP/1.1" 200 2801
192.168.10.231 - - [11/Jun/2024:14:14:36 +0900] "GET /spring_mbv/common/css/board.css HTTP/1.1" 404 850
0:0:0:0:0:0:0:1 - - [11/Jun/2024:14:14:36 +0900] "GET /spring_mvc/day0611/ajax.do HTTP/1.1" 200 2801
192.168.10.231 - - [11/Jun/2024:14:14:36 +0900] "GET /spring_mbv/common/css/board.css HTTP/1.1" 404 850
0:0:0:0:0:0:0:1 - - [11/Jun/2024:14:14:36 +0900] "GET /spring_mvc/day0611/ajax.do HTTP/1.1" 200 2801
192.168.10.231 - - [11/Jun/2024:14:14:37 +0900] "GET /spring_mbv/common/css/board.css HTTP/1.1" 404 850
0:0:0:0:0:0:0:1 - - [11/Jun/2024:14:14:37 +0900] "GET /spring_mvc/day0611/ajax.do HTTP/1.1" 200 2801
192.168.10.231 - - [11/Jun/2024:14:14:37 +0900] "GET /spring_mbv/common/css/board.css HTTP/1.1" 404 850
192.168.10.231 - - [11/Jun/2024:14:14:40 +0900] "GET /spring_mbv/common/css/board.css HTTP/1.1" 404 850
0:0:0:0:0:0:0:1 - - [11/Jun/2024:14:14:40 +0900] "GET /spring_mvc/index.do HTTP/1.1" 200 5180
192.168.10.231 - - [11/Jun/2024:14:14:40 +0900] "GET /spring_mbv/common/css/board.css HTTP/1.1" 404 850
0:0:0:0:0:0:0:1 - - [11/Jun/2024:14:14:41 +0900] "GET /spring_mvc/index.do HTTP/1.1" 200 5180
192.168.10.231 - - [11/Jun/2024:14:14:41 +0900] "GET /spring_mbv/common/css/board.css HTTP/1.1" 404 850
0:0:0:0:0:0:0:1 - - [11/Jun/2024:14:14:41 +0900] "GET /spring_mvc/index.do HTTP/1.1" 200 5180
192.168.10.231 - - [11/Jun/2024:14:14:41 +0900] "GET /spring_mbv/common/css/board.css HTTP/1.1" 404 850
0:0:0:0:0:0:0:1 - - [11/Jun/2024:14:14:41 +0900] "GET /spring_mvc/index.do HTTP/1.1" 200 5180
192.168.10.231 - - [11/Jun/2024:14:14:41 +0900] "GET /spring_mbv/common/css/board.css HTTP/1.1" 404 850
0:0:0:0:0:0:0:1 - - [11/Jun/2024:14:14:42 +0900] "GET /spring_mvc/day0611/ajax.do HTTP/1.1" 200 2802
192.168.10.231 - - [11/Jun/2024:14:14:42 +0900] "GET /spring_mbv/common/css/board.css HTTP/1.1" 404 850
0:0:0:0:0:0:0:1 - - [11/Jun/2024:14:14:43 +0900] "GET /spring_mvc/day0611/ajax_responsebody.do HTTP/1.1" 200 175
0:0:0:0:0:0:0:1 - - [11/Jun/2024:14:14:44 +0900] "GET /spring_mvc/day0611/ajax_result.do HTTP/1.1" 200 91
0:0:0:0:0:0:0:1 - - [11/Jun/2024:14:14:46 +0900] "GET /spring_mvc/day0611/ajax_responsebody.do HTTP/1.1" 200 175
0:0:0:0:0:0:0:1 - - [11/Jun/2024:14:14:47 +0900] "GET /spring_mvc/day0611/ajax_responsebody.do HTTP/1.1" 200 175
0:0:0:0:0:0:0:1 - - [11/Jun/2024:14:14:48 +0900] "GET /spring_mvc/day0611/ajax_responsebody.do HTTP/1.1" 200 175
0:0:0:0:0:0:0:1 - - [11/Jun/2024:14:15:00 +0900] "GET /spring_mvc/day0611/ajax.do HTTP/1.1" 200 2803
192.168.10.231 - - [11/Jun/2024:14:15:00 +0900] "GET /spring_mbv/common/css/board.css HTTP/1.1" 404 850
0:0:0:0:0:0:0:1 - - [11/Jun/2024:14:15:00 +0900] "GET /spring_mvc/day0611/ajax.do HTTP/1.1" 200 2803
192.168.10.231 - - [11/Jun/2024:14:15:00 +0900] "GET /spring_mbv/common/css/board.css HTTP/1.1" 404 850
0:0:0:0:0:0:0:1 - - [11/Jun/2024:14:15:01 +0900] "GET /spring_mvc/day0611/ajax_responsebody.do HTTP/1.1" 200 175
0:0:0:0:0:0:0:1 - - [11/Jun/2024:14:15:03 +0900] "GET /spring_mvc/day0611/ajax_result.do HTTP/1.1" 200 91
0:0:0:0:0:0:0:1 - - [11/Jun/2024:14:15:05 +0900] "GET /spring_mvc/day0611/ajax_responsebody.do HTTP/1.1" 200 175
0:0:0:0:0:0:0:1 - - [11/Jun/2024:14:15:06 +0900] "GET /spring_mvc/day0611/ajax_responsebody.do HTTP/1.1" 200 175
0:0:0:0:0:0:0:1 - - [11/Jun/2024:14:15:28 +0900] "GET /spring_mvc/day0611/ajax.do HTTP/1.1" 200 2803
192.168.10.231 - - [11/Jun/2024:14:15:28 +0900] "GET /spring_mbv/common/css/board.css HTTP/1.1" 404 850
0:0:0:0:0:0:0:1 - - [11/Jun/2024:14:15:28 +0900] "GET /spring_mvc/day0611/ajax.do HTTP/1.1" 200 2803
192.168.10.231 - - [11/Jun/2024:14:15:28 +0900] "GET /spring_mbv/common/css/board.css HTTP/1.1" 404 850
0:0:0:0:0:0:0:1 - - [11/Jun/2024:14:15:28 +0900] "GET /spring_mvc/day0611/ajax.do HTTP/1.1" 200 2803
192.168.10.231 - - [11/Jun/2024:14:15:28 +0900] "GET /spring_mbv/common/css/board.css HTTP/1.1" 404 850
0:0:0:0:0:0:0:1 - - [11/Jun/2024:14:15:28 +0900] "GET /spring_mvc/day0611/ajax.do HTTP/1.1" 200 2803
192.168.10.231 - - [11/Jun/2024:14:15:28 +0900] "GET /spring_mbv/common/css/board.css HTTP/1.1" 404 850
0:0:0:0:0:0:0:1 - - [11/Jun/2024:14:15:29 +0900] "GET /spring_mvc/day0611/ajax_result.do HTTP/1.1" 200 91
0:0:0:0:0:0:0:1 - - [11/Jun/2024:14:15:31 +0900] "GET /spring_mvc/day0611/ajax_responsebody.do HTTP/1.1" 200 175
0:0:0:0:0:0:0:1 - - [11/Jun/2024:14:15:32 +0900] "GET /spring_mvc/day0611/ajax.do HTTP/1.1" 200 2803
192.168.10.231 - - [11/Jun/2024:14:15:32 +0900] "GET /spring_mbv/common/css/board.css HTTP/1.1" 404 850
0:0:0:0:0:0:0:1 - - [11/Jun/2024:14:15:35 +0900] "GET /spring_mvc/day0611/ajax.do HTTP/1.1" 200 2803
192.168.10.231 - - [11/Jun/2024:14:15:35 +0900] "GET /spring_mbv/common/css/board.css HTTP/1.1" 404 850
0:0:0:0:0:0:0:1 - - [11/Jun/2024:14:15:35 +0900] "GET /spring_mvc/day0611/ajax.do HTTP/1.1" 200 2803
192.168.10.231 - - [11/Jun/2024:14:15:35 +0900] "GET /spring_mbv/common/css/board.css HTTP/1.1" 404 850
0:0:0:0:0:0:0:1 - - [11/Jun/2024:14:15:35 +0900] "GET /spring_mvc/day0611/ajax.do HTTP/1.1" 200 2803
192.168.10.231 - - [11/Jun/2024:14:15:35 +0900] "GET /spring_mbv/common/css/board.css HTTP/1.1" 404 850
0:0:0:0:0:0:0:1 - - [11/Jun/2024:14:15:35 +0900] "GET /spring_mvc/day0611/ajax.do HTTP/1.1" 200 2803
