127.0.0.1 - - [05/Jun/2024:09:25:37 +0900] "GET / HTTP/1.1" 404 807
0:0:0:0:0:0:0:1 - - [05/Jun/2024:09:25:38 +0900] "GET /spring_mvc/index.html HTTP/1.1" 304 -
0:0:0:0:0:0:0:1 - - [05/Jun/2024:09:25:38 +0900] "GET /spring_mvc/index.do HTTP/1.1" 200 2617
192.168.10.231 - - [05/Jun/2024:09:25:38 +0900] "GET /spring_mbv/common/css/board.css HTTP/1.1" 404 850
192.168.10.231 - - [05/Jun/2024:09:25:38 +0900] "GET /spring_mvc/common/css/main.css HTTP/1.1" 304 -
0:0:0:0:0:0:0:1 - - [05/Jun/2024:09:25:40 +0900] "GET /spring_mvc/index.do HTTP/1.1" 200 2617
192.168.10.231 - - [05/Jun/2024:09:25:40 +0900] "GET /spring_mbv/common/css/board.css HTTP/1.1" 404 850
192.168.10.231 - - [05/Jun/2024:09:25:40 +0900] "GET /spring_mvc/common/favicon.ico HTTP/1.1" 304 -
0:0:0:0:0:0:0:1 - - [05/Jun/2024:09:25:40 +0900] "GET /spring_mvc/index.do HTTP/1.1" 200 2617
192.168.10.231 - - [05/Jun/2024:09:25:40 +0900] "GET /spring_mbv/common/css/board.css HTTP/1.1" 404 850
0:0:0:0:0:0:0:1 - - [05/Jun/2024:09:25:41 +0900] "GET /spring_mvc/index.do HTTP/1.1" 200 2617
192.168.10.231 - - [05/Jun/2024:09:25:41 +0900] "GET /spring_mbv/common/css/board.css HTTP/1.1" 404 850
0:0:0:0:0:0:0:1 - - [05/Jun/2024:09:25:41 +0900] "GET /spring_mvc/index.do HTTP/1.1" 200 2617
192.168.10.231 - - [05/Jun/2024:09:25:41 +0900] "GET /spring_mbv/common/css/board.css HTTP/1.1" 404 850
0:0:0:0:0:0:0:1 - - [05/Jun/2024:09:26:24 +0900] "GET /spring_mvc/index.do HTTP/1.1" 200 2617
192.168.10.231 - - [05/Jun/2024:09:26:24 +0900] "GET /spring_mbv/common/css/board.css HTTP/1.1" 404 850
0:0:0:0:0:0:0:1 - - [05/Jun/2024:09:26:26 +0900] "GET /spring_mvc/index.do HTTP/1.1" 200 2617
192.168.10.231 - - [05/Jun/2024:09:26:26 +0900] "GET /spring_mbv/common/css/board.css HTTP/1.1" 404 850
0:0:0:0:0:0:0:1 - - [05/Jun/2024:09:26:26 +0900] "GET /spring_mvc/index.do HTTP/1.1" 200 2617
192.168.10.231 - - [05/Jun/2024:09:26:26 +0900] "GET /spring_mbv/common/css/board.css HTTP/1.1" 404 850
0:0:0:0:0:0:0:1 - - [05/Jun/2024:09:26:26 +0900] "GET /spring_mvc/index.do HTTP/1.1" 200 2617
192.168.10.231 - - [05/Jun/2024:09:26:26 +0900] "GET /spring_mbv/common/css/board.css HTTP/1.1" 404 850
0:0:0:0:0:0:0:1 - - [05/Jun/2024:09:26:26 +0900] "GET /spring_mvc/index.do HTTP/1.1" 200 2617
192.168.10.231 - - [05/Jun/2024:09:26:26 +0900] "GET /spring_mbv/common/css/board.css HTTP/1.1" 404 850
127.0.0.1 - - [05/Jun/2024:09:29:04 +0900] "GET / HTTP/1.1" 404 807
0:0:0:0:0:0:0:1 - - [05/Jun/2024:09:29:05 +0900] "GET /spring_mvc/index.do HTTP/1.1" 200 2827
192.168.10.231 - - [05/Jun/2024:09:29:05 +0900] "GET /spring_mbv/common/css/board.css HTTP/1.1" 404 850
0:0:0:0:0:0:0:1 - - [05/Jun/2024:09:29:06 +0900] "GET /spring_mvc/a.do HTTP/1.1" 404 841
0:0:0:0:0:0:0:1 - - [05/Jun/2024:09:29:30 +0900] "GET /spring_mvc/a.do HTTP/1.1" 200 1336
192.168.10.231 - - [05/Jun/2024:09:29:30 +0900] "GET /spring_mbv/common/css/board.css HTTP/1.1" 404 850
0:0:0:0:0:0:0:1 - - [05/Jun/2024:09:29:30 +0900] "GET /spring_mvc/a.do HTTP/1.1" 200 1336
192.168.10.231 - - [05/Jun/2024:09:29:30 +0900] "GET /spring_mbv/common/css/board.css HTTP/1.1" 404 850
127.0.0.1 - - [05/Jun/2024:09:40:27 +0900] "GET / HTTP/1.1" 404 807
0:0:0:0:0:0:0:1 - - [05/Jun/2024:09:40:27 +0900] "GET /spring_mvc/index.do HTTP/1.1" 200 2827
192.168.10.231 - - [05/Jun/2024:09:40:27 +0900] "GET /spring_mbv/common/css/board.css HTTP/1.1" 404 850
0:0:0:0:0:0:0:1 - - [05/Jun/2024:09:40:30 +0900] "GET /spring_mvc/day0604/param_frm.do HTTP/1.1" 200 2672
192.168.10.231 - - [05/Jun/2024:09:40:30 +0900] "GET /spring_mbv/common/css/board.css HTTP/1.1" 404 850
0:0:0:0:0:0:0:1 - - [05/Jun/2024:09:40:32 +0900] "GET /spring_mvc/day0604/single_param.do?name=%EB%B0%95%EC%8B%9C%ED%98%84&age=25&email=test%40test.com HTTP/1.1" 200 1503
192.168.10.231 - - [05/Jun/2024:09:40:32 +0900] "GET /spring_mbv/common/css/board.css HTTP/1.1" 404 850
0:0:0:0:0:0:0:1 - - [05/Jun/2024:09:40:36 +0900] "GET /spring_mvc/day0604/single_param.do?name=&age=25&email=test%40test.com HTTP/1.1" 200 1494
192.168.10.231 - - [05/Jun/2024:09:40:36 +0900] "GET /spring_mbv/common/css/board.css HTTP/1.1" 404 850
0:0:0:0:0:0:0:1 - - [05/Jun/2024:09:40:46 +0900] "GET /spring_mvc/day0604/single_param.do?name=&age=25&email=test%40test.com HTTP/1.1" 200 1494
192.168.10.231 - - [05/Jun/2024:09:40:46 +0900] "GET /spring_mbv/common/css/board.css HTTP/1.1" 404 850
0:0:0:0:0:0:0:1 - - [05/Jun/2024:09:40:54 +0900] "GET /spring_mvc/day0604/single_param.do?name=%EB%B0%95%EC%8B%9C%ED%98%84&age=&email=test%40test.com HTTP/1.1" 400 843
0:0:0:0:0:0:0:1 - - [05/Jun/2024:09:42:23 +0900] "GET /spring_mvc/day0604/param_frm.do HTTP/1.1" 200 2672
192.168.10.231 - - [05/Jun/2024:09:42:23 +0900] "GET /spring_mbv/common/css/board.css HTTP/1.1" 404 850
0:0:0:0:0:0:0:1 - - [05/Jun/2024:09:42:23 +0900] "GET /spring_mvc/day0604/param_frm.do HTTP/1.1" 200 2672
192.168.10.231 - - [05/Jun/2024:09:42:23 +0900] "GET /spring_mbv/common/css/board.css HTTP/1.1" 404 850
0:0:0:0:0:0:0:1 - - [05/Jun/2024:09:42:23 +0900] "GET /spring_mvc/day0604/param_frm.do HTTP/1.1" 200 2672
192.168.10.231 - - [05/Jun/2024:09:42:23 +0900] "GET /spring_mbv/common/css/board.css HTTP/1.1" 404 850
0:0:0:0:0:0:0:1 - - [05/Jun/2024:09:42:24 +0900] "GET /spring_mvc/day0604/param_frm.do HTTP/1.1" 200 2672
192.168.10.231 - - [05/Jun/2024:09:42:24 +0900] "GET /spring_mbv/common/css/board.css HTTP/1.1" 404 850
0:0:0:0:0:0:0:1 - - [05/Jun/2024:09:42:25 +0900] "GET /spring_mvc/day0604/single_param.do?name=%EB%B0%95%EC%8B%9C%ED%98%84&age=&email=test%40test.com HTTP/1.1" 200 1501
192.168.10.231 - - [05/Jun/2024:09:42:25 +0900] "GET /spring_mbv/common/css/board.css HTTP/1.1" 404 850
0:0:0:0:0:0:0:1 - - [05/Jun/2024:09:43:41 +0900] "GET /spring_mvc/day0604/param_frm.do HTTP/1.1" 200 2672
192.168.10.231 - - [05/Jun/2024:09:43:41 +0900] "GET /spring_mbv/common/css/board.css HTTP/1.1" 404 850
0:0:0:0:0:0:0:1 - - [05/Jun/2024:09:43:41 +0900] "GET /spring_mvc/day0604/param_frm.do HTTP/1.1" 200 2672
192.168.10.231 - - [05/Jun/2024:09:43:41 +0900] "GET /spring_mbv/common/css/board.css HTTP/1.1" 404 850
0:0:0:0:0:0:0:1 - - [05/Jun/2024:09:43:42 +0900] "GET /spring_mvc/day0604/param_frm.do HTTP/1.1" 200 2672
192.168.10.231 - - [05/Jun/2024:09:43:42 +0900] "GET /spring_mbv/common/css/board.css HTTP/1.1" 404 850
0:0:0:0:0:0:0:1 - - [05/Jun/2024:09:43:42 +0900] "GET /spring_mvc/day0604/param_frm.do HTTP/1.1" 200 2672
192.168.10.231 - - [05/Jun/2024:09:43:42 +0900] "GET /spring_mbv/common/css/board.css HTTP/1.1" 404 850
0:0:0:0:0:0:0:1 - - [05/Jun/2024:09:43:42 +0900] "GET /spring_mvc/day0604/single_param.do?name=%EB%B0%95%EC%8B%9C%ED%98%84&age=25&email=test%40test.com HTTP/1.1" 200 1503
192.168.10.231 - - [05/Jun/2024:09:43:42 +0900] "GET /spring_mbv/common/css/board.css HTTP/1.1" 404 850
0:0:0:0:0:0:0:1 - - [05/Jun/2024:09:43:48 +0900] "GET /spring_mvc/day0604/single_param.do?name=%EB%B0%95%EC%8B%9C%ED%98%84&age=&email=test%40test.com HTTP/1.1" 200 1501
192.168.10.231 - - [05/Jun/2024:09:43:48 +0900] "GET /spring_mbv/common/css/board.css HTTP/1.1" 404 850
0:0:0:0:0:0:0:1 - - [05/Jun/2024:09:43:56 +0900] "GET /spring_mvc/day0604/single_param.do?name=%EB%B0%95%EC%8B%9C%ED%98%84&age=36&email=test%40test.com HTTP/1.1" 200 1503
192.168.10.231 - - [05/Jun/2024:09:43:56 +0900] "GET /spring_mbv/common/css/board.css HTTP/1.1" 404 850
0:0:0:0:0:0:0:1 - - [05/Jun/2024:09:43:59 +0900] "GET /spring_mvc/day0604/single_param.do?name=%EB%B0%95%EC%8B%9C%ED%98%84&age=&email=test%40test.com HTTP/1.1" 200 1501
192.168.10.231 - - [05/Jun/2024:09:43:59 +0900] "GET /spring_mbv/common/css/board.css HTTP/1.1" 404 850
127.0.0.1 - - [05/Jun/2024:10:21:01 +0900] "GET / HTTP/1.1" 404 807
0:0:0:0:0:0:0:1 - - [05/Jun/2024:10:21:01 +0900] "GET /spring_mvc/index.do HTTP/1.1" 200 2827
192.168.10.231 - - [05/Jun/2024:10:21:01 +0900] "GET /spring_mbv/common/css/board.css HTTP/1.1" 404 850
0:0:0:0:0:0:0:1 - - [05/Jun/2024:10:21:08 +0900] "GET /spring_mvc/index.do HTTP/1.1" 200 2827
192.168.10.231 - - [05/Jun/2024:10:21:08 +0900] "GET /spring_mbv/common/css/board.css HTTP/1.1" 404 850
0:0:0:0:0:0:0:1 - - [05/Jun/2024:10:21:09 +0900] "GET /spring_mvc/a.do HTTP/1.1" 200 1336
192.168.10.231 - - [05/Jun/2024:10:21:09 +0900] "GET /spring_mbv/common/css/board.css HTTP/1.1" 404 850
0:0:0:0:0:0:0:1 - - [05/Jun/2024:10:21:15 +0900] "GET /spring_mvc/day0604/param_frm.do HTTP/1.1" 200 2928
192.168.10.231 - - [05/Jun/2024:10:21:15 +0900] "GET /spring_mbv/common/css/board.css HTTP/1.1" 404 850
192.168.10.231 - - [05/Jun/2024:10:21:23 +0900] "GET /spring_mbv/common/css/board.css HTTP/1.1" 404 850
0:0:0:0:0:0:0:1 - - [05/Jun/2024:10:21:27 +0900] "GET /spring_mvc/get.do? HTTP/1.1" 200 1476
192.168.10.231 - - [05/Jun/2024:10:21:27 +0900] "GET /spring_mbv/common/css/board.css HTTP/1.1" 404 850
0:0:0:0:0:0:0:1 - - [05/Jun/2024:10:21:30 +0900] "POST /spring_mvc/post.do HTTP/1.1" 200 1474
192.168.10.231 - - [05/Jun/2024:10:21:30 +0900] "GET /spring_mbv/common/css/board.css HTTP/1.1" 404 850
0:0:0:0:0:0:0:1 - - [05/Jun/2024:10:21:31 +0900] "GET /spring_mvc/day0604/param_frm.do HTTP/1.1" 200 2928
192.168.10.231 - - [05/Jun/2024:10:21:31 +0900] "GET /spring_mbv/common/css/board.css HTTP/1.1" 404 850
0:0:0:0:0:0:0:1 - - [05/Jun/2024:10:21:48 +0900] "GET /spring_mvc/day0604/param_frm.do HTTP/1.1" 200 2926
192.168.10.231 - - [05/Jun/2024:10:21:48 +0900] "GET /spring_mbv/common/css/board.css HTTP/1.1" 404 850
0:0:0:0:0:0:0:1 - - [05/Jun/2024:10:21:49 +0900] "GET /spring_mvc/day0604/param_frm.do HTTP/1.1" 200 2926
192.168.10.231 - - [05/Jun/2024:10:21:49 +0900] "GET /spring_mbv/common/css/board.css HTTP/1.1" 404 850
0:0:0:0:0:0:0:1 - - [05/Jun/2024:10:21:49 +0900] "GET /spring_mvc/day0604/param_frm.do HTTP/1.1" 200 2926
192.168.10.231 - - [05/Jun/2024:10:21:49 +0900] "GET /spring_mbv/common/css/board.css HTTP/1.1" 404 850
0:0:0:0:0:0:0:1 - - [05/Jun/2024:10:21:49 +0900] "GET /spring_mvc/day0604/param_frm.do HTTP/1.1" 200 2926
192.168.10.231 - - [05/Jun/2024:10:21:49 +0900] "GET /spring_mbv/common/css/board.css HTTP/1.1" 404 850
0:0:0:0:0:0:0:1 - - [05/Jun/2024:10:21:49 +0900] "GET /spring_mvc/day0604/param_frm.do HTTP/1.1" 200 2926
192.168.10.231 - - [05/Jun/2024:10:21:49 +0900] "GET /spring_mbv/common/css/board.css HTTP/1.1" 404 850
0:0:0:0:0:0:0:1 - - [05/Jun/2024:10:21:49 +0900] "GET /spring_mvc/day0604/param_frm.do HTTP/1.1" 200 2926
192.168.10.231 - - [05/Jun/2024:10:21:49 +0900] "GET /spring_mbv/common/css/board.css HTTP/1.1" 404 850
0:0:0:0:0:0:0:1 - - [05/Jun/2024:10:21:51 +0900] "GET /spring_mvc/day0604/single_param.do?name=%EB%B0%95%EC%8B%9C%ED%98%84&age=25&email=test%40test.com HTTP/1.1" 200 1503
192.168.10.231 - - [05/Jun/2024:10:21:51 +0900] "GET /spring_mbv/common/css/board.css HTTP/1.1" 404 850
0:0:0:0:0:0:0:1 - - [05/Jun/2024:10:21:54 +0900] "GET /spring_mvc/day0604/param_frm.do HTTP/1.1" 200 2926
192.168.10.231 - - [05/Jun/2024:10:21:54 +0900] "GET /spring_mbv/common/css/board.css HTTP/1.1" 404 850
0:0:0:0:0:0:0:1 - - [05/Jun/2024:10:21:54 +0900] "GET /spring_mvc/day0604/param_frm.do HTTP/1.1" 200 2926
192.168.10.231 - - [05/Jun/2024:10:21:54 +0900] "GET /spring_mbv/common/css/board.css HTTP/1.1" 404 850
0:0:0:0:0:0:0:1 - - [05/Jun/2024:10:21:54 +0900] "GET /spring_mvc/day0604/param_frm.do HTTP/1.1" 200 2926
192.168.10.231 - - [05/Jun/2024:10:21:54 +0900] "GET /spring_mbv/common/css/board.css HTTP/1.1" 404 850
0:0:0:0:0:0:0:1 - - [05/Jun/2024:10:22:17 +0900] "GET /spring_mvc/day0604/param_frm.do HTTP/1.1" 200 2926
192.168.10.231 - - [05/Jun/2024:10:22:17 +0900] "GET /spring_mbv/common/css/board.css HTTP/1.1" 404 850
0:0:0:0:0:0:0:1 - - [05/Jun/2024:10:22:17 +0900] "GET /spring_mvc/day0604/param_frm.do HTTP/1.1" 200 2926
192.168.10.231 - - [05/Jun/2024:10:22:17 +0900] "GET /spring_mbv/common/css/board.css HTTP/1.1" 404 850
0:0:0:0:0:0:0:1 - - [05/Jun/2024:10:22:17 +0900] "GET /spring_mvc/day0604/param_frm.do HTTP/1.1" 200 2926
192.168.10.231 - - [05/Jun/2024:10:22:17 +0900] "GET /spring_mbv/common/css/board.css HTTP/1.1" 404 850
0:0:0:0:0:0:0:1 - - [05/Jun/2024:10:22:17 +0900] "GET /spring_mvc/day0604/param_frm.do HTTP/1.1" 200 2926
192.168.10.231 - - [05/Jun/2024:10:22:17 +0900] "GET /spring_mbv/common/css/board.css HTTP/1.1" 404 850
127.0.0.1 - - [05/Jun/2024:10:22:24 +0900] "GET / HTTP/1.1" 404 807
0:0:0:0:0:0:0:1 - - [05/Jun/2024:10:22:25 +0900] "GET /spring_mvc/index.do HTTP/1.1" 200 2827
192.168.10.231 - - [05/Jun/2024:10:22:25 +0900] "GET /spring_mbv/common/css/board.css HTTP/1.1" 404 850
0:0:0:0:0:0:0:1 - - [05/Jun/2024:10:22:26 +0900] "GET /spring_mvc/day0604/param_frm.do HTTP/1.1" 200 2926
192.168.10.231 - - [05/Jun/2024:10:22:26 +0900] "GET /spring_mbv/common/css/board.css HTTP/1.1" 404 850
0:0:0:0:0:0:0:1 - - [05/Jun/2024:10:22:27 +0900] "GET /spring_mvc/day0605/vo_param.do?name=%EB%B0%95%EC%8B%9C%ED%98%84&age=25&email=test%40test.com HTTP/1.1" 200 1531
192.168.10.231 - - [05/Jun/2024:10:22:27 +0900] "GET /spring_mbv/common/css/board.css HTTP/1.1" 404 850
0:0:0:0:0:0:0:1 - - [05/Jun/2024:10:25:44 +0900] "GET /spring_mvc/index.do HTTP/1.1" 200 2827
192.168.10.231 - - [05/Jun/2024:10:25:44 +0900] "GET /spring_mbv/common/css/board.css HTTP/1.1" 404 850
127.0.0.1 - - [05/Jun/2024:10:28:52 +0900] "GET / HTTP/1.1" 404 807
0:0:0:0:0:0:0:1 - - [05/Jun/2024:10:28:52 +0900] "GET /spring_mvc/index.do HTTP/1.1" 200 2827
192.168.10.231 - - [05/Jun/2024:10:28:52 +0900] "GET /spring_mbv/common/css/board.css HTTP/1.1" 404 850
0:0:0:0:0:0:0:1 - - [05/Jun/2024:10:28:54 +0900] "GET /spring_mvc/day0604/param_frm.do HTTP/1.1" 200 2926
192.168.10.231 - - [05/Jun/2024:10:28:54 +0900] "GET /spring_mbv/common/css/board.css HTTP/1.1" 404 850
0:0:0:0:0:0:0:1 - - [05/Jun/2024:10:28:55 +0900] "POST /spring_mvc/day0605/post_vo_param.do HTTP/1.1" 404 721
0:0:0:0:0:0:0:1 - - [05/Jun/2024:10:29:16 +0900] "GET /spring_mvc/day0604/param_frm.do HTTP/1.1" 200 2926
192.168.10.231 - - [05/Jun/2024:10:29:16 +0900] "GET /spring_mbv/common/css/board.css HTTP/1.1" 404 850
0:0:0:0:0:0:0:1 - - [05/Jun/2024:10:29:16 +0900] "GET /spring_mvc/day0604/param_frm.do HTTP/1.1" 200 2926
192.168.10.231 - - [05/Jun/2024:10:29:16 +0900] "GET /spring_mbv/common/css/board.css HTTP/1.1" 404 850
0:0:0:0:0:0:0:1 - - [05/Jun/2024:10:29:16 +0900] "GET /spring_mvc/day0604/param_frm.do HTTP/1.1" 200 2926
192.168.10.231 - - [05/Jun/2024:10:29:16 +0900] "GET /spring_mbv/common/css/board.css HTTP/1.1" 404 850
0:0:0:0:0:0:0:1 - - [05/Jun/2024:10:29:16 +0900] "GET /spring_mvc/day0604/param_frm.do HTTP/1.1" 200 2926
192.168.10.231 - - [05/Jun/2024:10:29:16 +0900] "GET /spring_mbv/common/css/board.css HTTP/1.1" 404 850
0:0:0:0:0:0:0:1 - - [05/Jun/2024:10:29:17 +0900] "POST /spring_mvc/day0605/post_vo_param.do HTTP/1.1" 404 721
0:0:0:0:0:0:0:1 - - [05/Jun/2024:10:29:19 +0900] "GET /spring_mvc/day0604/param_frm.do HTTP/1.1" 200 2926
192.168.10.231 - - [05/Jun/2024:10:29:19 +0900] "GET /spring_mbv/common/css/board.css HTTP/1.1" 404 850
0:0:0:0:0:0:0:1 - - [05/Jun/2024:10:29:20 +0900] "GET /spring_mvc/day0604/param_frm.do HTTP/1.1" 200 2926
192.168.10.231 - - [05/Jun/2024:10:29:20 +0900] "GET /spring_mbv/common/css/board.css HTTP/1.1" 404 850
0:0:0:0:0:0:0:1 - - [05/Jun/2024:10:29:20 +0900] "GET /spring_mvc/day0604/param_frm.do HTTP/1.1" 200 2926
192.168.10.231 - - [05/Jun/2024:10:29:20 +0900] "GET /spring_mbv/common/css/board.css HTTP/1.1" 404 850
0:0:0:0:0:0:0:1 - - [05/Jun/2024:10:29:21 +0900] "POST /spring_mvc/day0605/post_vo_param.do HTTP/1.1" 404 721
0:0:0:0:0:0:0:1 - - [05/Jun/2024:10:29:24 +0900] "GET /spring_mvc/day0604/param_frm.do HTTP/1.1" 200 2926
0:0:0:0:0:0:0:1 - - [05/Jun/2024:10:29:24 +0900] "POST /spring_mvc/day0605/post_vo_param.do HTTP/1.1" 200 1529
192.168.10.231 - - [05/Jun/2024:10:29:24 +0900] "GET /spring_mbv/common/css/board.css HTTP/1.1" 404 850
127.0.0.1 - - [05/Jun/2024:10:46:21 +0900] "GET / HTTP/1.1" 404 807
0:0:0:0:0:0:0:1 - - [05/Jun/2024:10:46:21 +0900] "GET /favicon.ico HTTP/1.1" 404 818
0:0:0:0:0:0:0:1 - - [05/Jun/2024:10:46:21 +0900] "GET /spring_mvc/index.do HTTP/1.1" 200 2827
192.168.10.231 - - [05/Jun/2024:10:46:21 +0900] "GET /spring_mbv/common/css/board.css HTTP/1.1" 404 850
0:0:0:0:0:0:0:1 - - [05/Jun/2024:10:46:24 +0900] "GET /spring_mvc/day0604/param_frm.do HTTP/1.1" 200 3184
192.168.10.231 - - [05/Jun/2024:10:46:24 +0900] "GET /spring_mbv/common/css/board.css HTTP/1.1" 404 850
0:0:0:0:0:0:0:1 - - [05/Jun/2024:10:46:40 +0900] "GET /spring_mvc/day0604/param_frm.do HTTP/1.1" 200 3184
192.168.10.231 - - [05/Jun/2024:10:46:40 +0900] "GET /spring_mbv/common/css/board.css HTTP/1.1" 404 850
0:0:0:0:0:0:0:1 - - [05/Jun/2024:11:01:12 +0900] "GET /spring_mvc/day0604/param_frm.do HTTP/1.1" 200 3184
192.168.10.231 - - [05/Jun/2024:11:01:12 +0900] "GET /spring_mbv/common/css/board.css HTTP/1.1" 404 850
0:0:0:0:0:0:0:1 - - [05/Jun/2024:11:01:13 +0900] "GET /spring_mvc/day0604/param_frm.do HTTP/1.1" 200 3184
192.168.10.231 - - [05/Jun/2024:11:01:13 +0900] "GET /spring_mbv/common/css/board.css HTTP/1.1" 404 850
0:0:0:0:0:0:0:1 - - [05/Jun/2024:11:01:13 +0900] "GET /spring_mvc/day0604/param_frm.do HTTP/1.1" 200 3184
192.168.10.231 - - [05/Jun/2024:11:01:13 +0900] "GET /spring_mbv/common/css/board.css HTTP/1.1" 404 850
192.168.10.231 - - [05/Jun/2024:11:01:13 +0900] "GET /spring_mbv/common/css/board.css HTTP/1.1" 404 850
0:0:0:0:0:0:0:1 - - [05/Jun/2024:11:01:14 +0900] "GET /spring_mvc/index.do HTTP/1.1" 200 2827
192.168.10.231 - - [05/Jun/2024:11:01:14 +0900] "GET /spring_mbv/common/css/board.css HTTP/1.1" 404 850
0:0:0:0:0:0:0:1 - - [05/Jun/2024:11:01:14 +0900] "GET /spring_mvc/index.do HTTP/1.1" 200 2827
192.168.10.231 - - [05/Jun/2024:11:01:14 +0900] "GET /spring_mbv/common/css/board.css HTTP/1.1" 404 850
0:0:0:0:0:0:0:1 - - [05/Jun/2024:11:01:14 +0900] "GET /spring_mvc/index.do HTTP/1.1" 200 2827
192.168.10.231 - - [05/Jun/2024:11:01:14 +0900] "GET /spring_mbv/common/css/board.css HTTP/1.1" 404 850
0:0:0:0:0:0:0:1 - - [05/Jun/2024:11:01:14 +0900] "GET /spring_mvc/index.do HTTP/1.1" 200 2827
192.168.10.231 - - [05/Jun/2024:11:01:14 +0900] "GET /spring_mbv/common/css/board.css HTTP/1.1" 404 850
0:0:0:0:0:0:0:1 - - [05/Jun/2024:11:01:16 +0900] "GET /spring_mvc/day0604/param_frm.do HTTP/1.1" 200 3184
192.168.10.231 - - [05/Jun/2024:11:01:16 +0900] "GET /spring_mbv/common/css/board.css HTTP/1.1" 404 850
0:0:0:0:0:0:0:1 - - [05/Jun/2024:11:01:41 +0900] "GET /spring_mvc/day0605/hsr_param.do?name=%EB%B0%95%EC%8B%9C%ED%98%84&age=25&email=test%40test.com HTTP/1.1" 200 1534
192.168.10.231 - - [05/Jun/2024:11:01:41 +0900] "GET /spring_mbv/common/css/board.css HTTP/1.1" 404 850
0:0:0:0:0:0:0:1 - - [05/Jun/2024:11:01:46 +0900] "POST /spring_mvc/day0605/post_hsr_param.do HTTP/1.1" 404 721
127.0.0.1 - - [05/Jun/2024:11:07:24 +0900] "GET / HTTP/1.1" 404 807
0:0:0:0:0:0:0:1 - - [05/Jun/2024:11:07:25 +0900] "GET /spring_mvc/index.do HTTP/1.1" 200 2827
192.168.10.231 - - [05/Jun/2024:11:07:25 +0900] "GET /spring_mbv/common/css/board.css HTTP/1.1" 404 850
0:0:0:0:0:0:0:1 - - [05/Jun/2024:11:07:27 +0900] "GET /spring_mvc/day0604/param_frm.do HTTP/1.1" 200 3184
192.168.10.231 - - [05/Jun/2024:11:07:27 +0900] "GET /spring_mbv/common/css/board.css HTTP/1.1" 404 850
0:0:0:0:0:0:0:1 - - [05/Jun/2024:11:07:28 +0900] "POST /spring_mvc/day0605/post_hsr_param.do HTTP/1.1" 500 4164
0:0:0:0:0:0:0:1 - - [05/Jun/2024:11:07:50 +0900] "POST /spring_mvc/day0605/post_hsr_param.do HTTP/1.1" 500 4164
0:0:0:0:0:0:0:1 - - [05/Jun/2024:11:07:53 +0900] "POST /spring_mvc/day0605/post_hsr_param.do HTTP/1.1" 500 4164
0:0:0:0:0:0:0:1 - - [05/Jun/2024:11:07:54 +0900] "GET /spring_mvc/day0604/param_frm.do HTTP/1.1" 200 3184
192.168.10.231 - - [05/Jun/2024:11:07:54 +0900] "GET /spring_mbv/common/css/board.css HTTP/1.1" 404 850
0:0:0:0:0:0:0:1 - - [05/Jun/2024:11:07:54 +0900] "GET /spring_mvc/day0604/param_frm.do HTTP/1.1" 200 3184
192.168.10.231 - - [05/Jun/2024:11:07:54 +0900] "GET /spring_mbv/common/css/board.css HTTP/1.1" 404 850
0:0:0:0:0:0:0:1 - - [05/Jun/2024:11:07:54 +0900] "GET /spring_mvc/day0604/param_frm.do HTTP/1.1" 200 3184
192.168.10.231 - - [05/Jun/2024:11:07:54 +0900] "GET /spring_mbv/common/css/board.css HTTP/1.1" 404 850
0:0:0:0:0:0:0:1 - - [05/Jun/2024:11:07:55 +0900] "POST /spring_mvc/day0605/post_hsr_param.do HTTP/1.1" 500 4164
127.0.0.1 - - [05/Jun/2024:11:09:48 +0900] "GET / HTTP/1.1" 404 807
0:0:0:0:0:0:0:1 - - [05/Jun/2024:11:09:48 +0900] "GET /spring_mvc/index.do HTTP/1.1" 200 2827
192.168.10.231 - - [05/Jun/2024:11:09:48 +0900] "GET /spring_mbv/common/css/board.css HTTP/1.1" 404 850
0:0:0:0:0:0:0:1 - - [05/Jun/2024:11:09:50 +0900] "GET /spring_mvc/day0604/param_frm.do HTTP/1.1" 200 3181
192.168.10.231 - - [05/Jun/2024:11:09:50 +0900] "GET /spring_mbv/common/css/board.css HTTP/1.1" 404 850
0:0:0:0:0:0:0:1 - - [05/Jun/2024:11:09:51 +0900] "POST /spring_mvc/day0605/post__param.do HTTP/1.1" 404 721
0:0:0:0:0:0:0:1 - - [05/Jun/2024:11:10:20 +0900] "POST /spring_mvc/day0605/post__param.do HTTP/1.1" 404 721
0:0:0:0:0:0:0:1 - - [05/Jun/2024:11:10:22 +0900] "GET /spring_mvc/day0604/param_frm.do HTTP/1.1" 200 3184
192.168.10.231 - - [05/Jun/2024:11:10:22 +0900] "GET /spring_mbv/common/css/board.css HTTP/1.1" 404 850
0:0:0:0:0:0:0:1 - - [05/Jun/2024:11:10:22 +0900] "GET /spring_mvc/day0604/param_frm.do HTTP/1.1" 200 3184
192.168.10.231 - - [05/Jun/2024:11:10:22 +0900] "GET /spring_mbv/common/css/board.css HTTP/1.1" 404 850
0:0:0:0:0:0:0:1 - - [05/Jun/2024:11:10:23 +0900] "GET /spring_mvc/day0604/param_frm.do HTTP/1.1" 200 3184
192.168.10.231 - - [05/Jun/2024:11:10:23 +0900] "GET /spring_mbv/common/css/board.css HTTP/1.1" 404 850
0:0:0:0:0:0:0:1 - - [05/Jun/2024:11:10:23 +0900] "GET /spring_mvc/day0604/param_frm.do HTTP/1.1" 200 3184
192.168.10.231 - - [05/Jun/2024:11:10:23 +0900] "GET /spring_mbv/common/css/board.css HTTP/1.1" 404 850
0:0:0:0:0:0:0:1 - - [05/Jun/2024:11:10:23 +0900] "POST /spring_mvc/day0605/post_hsr_param.do HTTP/1.1" 200 1531
192.168.10.231 - - [05/Jun/2024:11:10:23 +0900] "GET /spring_mbv/common/css/board.css HTTP/1.1" 404 850
127.0.0.1 - - [05/Jun/2024:11:42:57 +0900] "GET / HTTP/1.1" 404 807
0:0:0:0:0:0:0:1 - - [05/Jun/2024:11:42:57 +0900] "GET /spring_mvc/index.html HTTP/1.1" 304 -
0:0:0:0:0:0:0:1 - - [05/Jun/2024:11:42:57 +0900] "GET /spring_mvc/index.do HTTP/1.1" 200 2827
192.168.10.231 - - [05/Jun/2024:11:42:57 +0900] "GET /spring_mbv/common/css/board.css HTTP/1.1" 404 850
0:0:0:0:0:0:0:1 - - [05/Jun/2024:11:42:59 +0900] "GET /spring_mvc/day0604/param_frm.do HTTP/1.1" 200 3392
192.168.10.231 - - [05/Jun/2024:11:42:59 +0900] "GET /spring_mbv/common/css/board.css HTTP/1.1" 404 850
0:0:0:0:0:0:0:1 - - [05/Jun/2024:11:43:00 +0900] "GET /spring_mvc/day0605/btn_rp.do?name=%EB%B0%95%EC%8B%9C%ED%98%84&age=25&email=test%40test.com HTTP/1.1" 404 721
0:0:0:0:0:0:0:1 - - [05/Jun/2024:11:43:14 +0900] "GET /spring_mvc/day0604/param_frm.do HTTP/1.1" 200 3392
192.168.10.231 - - [05/Jun/2024:11:43:14 +0900] "GET /spring_mbv/common/css/board.css HTTP/1.1" 404 850
0:0:0:0:0:0:0:1 - - [05/Jun/2024:11:43:14 +0900] "GET /spring_mvc/day0604/param_frm.do HTTP/1.1" 200 3392
192.168.10.231 - - [05/Jun/2024:11:43:14 +0900] "GET /spring_mbv/common/css/board.css HTTP/1.1" 404 850
0:0:0:0:0:0:0:1 - - [05/Jun/2024:11:43:15 +0900] "GET /spring_mvc/day0604/param_frm.do HTTP/1.1" 200 3392
192.168.10.231 - - [05/Jun/2024:11:43:15 +0900] "GET /spring_mbv/common/css/board.css HTTP/1.1" 404 850
0:0:0:0:0:0:0:1 - - [05/Jun/2024:11:43:16 +0900] "GET /spring_mvc/day0605/btn_rp.do?name=%EB%B0%95%EC%8B%9C%ED%98%84&age=25&email=test%40test.com HTTP/1.1" 404 721
0:0:0:0:0:0:0:1 - - [05/Jun/2024:11:43:18 +0900] "GET /spring_mvc/day0605/btn_rp.do?name=%EB%B0%95%EC%8B%9C%ED%98%84&age=25&email=test%40test.com HTTP/1.1" 404 721
0:0:0:0:0:0:0:1 - - [05/Jun/2024:11:43:20 +0900] "GET /spring_mvc/day0604/param_frm.do HTTP/1.1" 200 3392
192.168.10.231 - - [05/Jun/2024:11:43:20 +0900] "GET /spring_mbv/common/css/board.css HTTP/1.1" 404 850
0:0:0:0:0:0:0:1 - - [05/Jun/2024:11:43:21 +0900] "GET /spring_mvc/day0605/btn_rp.do?name=%EB%B0%95%EC%8B%9C%ED%98%84&age=25&email=test%40test.com HTTP/1.1" 404 721
0:0:0:0:0:0:0:1 - - [05/Jun/2024:11:43:38 +0900] "GET /spring_mvc/day0604/param_frm.do HTTP/1.1" 200 3392
192.168.10.231 - - [05/Jun/2024:11:43:38 +0900] "GET /spring_mbv/common/css/board.css HTTP/1.1" 404 850
0:0:0:0:0:0:0:1 - - [05/Jun/2024:11:43:38 +0900] "GET /spring_mvc/day0604/param_frm.do HTTP/1.1" 200 3392
192.168.10.231 - - [05/Jun/2024:11:43:38 +0900] "GET /spring_mbv/common/css/board.css HTTP/1.1" 404 850
0:0:0:0:0:0:0:1 - - [05/Jun/2024:11:43:38 +0900] "GET /spring_mvc/day0604/param_frm.do HTTP/1.1" 200 3392
192.168.10.231 - - [05/Jun/2024:11:43:38 +0900] "GET /spring_mbv/common/css/board.css HTTP/1.1" 404 850
0:0:0:0:0:0:0:1 - - [05/Jun/2024:11:43:40 +0900] "GET /spring_mvc/day0604/param_frm.do HTTP/1.1" 200 3392
0:0:0:0:0:0:0:1 - - [05/Jun/2024:11:43:40 +0900] "GET /spring_mvc/day0605/btn_rp.do?name=%EB%B0%95%EC%8B%9C%ED%98%84&age=25&email=test%40test.com HTTP/1.1" 200 1503
192.168.10.231 - - [05/Jun/2024:11:43:40 +0900] "GET /spring_mbv/common/css/board.css HTTP/1.1" 404 850
0:0:0:0:0:0:0:1 - - [05/Jun/2024:11:44:53 +0900] "GET /spring_mvc/day0605/btn_rp.do?name=&age=25&email=test%40test.com HTTP/1.1" 200 1494
192.168.10.231 - - [05/Jun/2024:11:44:53 +0900] "GET /spring_mbv/common/css/board.css HTTP/1.1" 404 850
0:0:0:0:0:0:0:1 - - [05/Jun/2024:11:45:13 +0900] "GET /spring_mvc/day0604/param_frm.do HTTP/1.1" 200 3392
192.168.10.231 - - [05/Jun/2024:11:45:13 +0900] "GET /spring_mbv/common/css/board.css HTTP/1.1" 404 850
0:0:0:0:0:0:0:1 - - [05/Jun/2024:11:45:16 +0900] "GET /spring_mvc/day0605/btn_rp.do?name=&age=&email=test%40test.com HTTP/1.1" 400 843
0:0:0:0:0:0:0:1 - - [05/Jun/2024:11:46:17 +0900] "GET /spring_mvc/day0604/param_frm.do HTTP/1.1" 200 3392
192.168.10.231 - - [05/Jun/2024:11:46:17 +0900] "GET /spring_mbv/common/css/board.css HTTP/1.1" 404 850
0:0:0:0:0:0:0:1 - - [05/Jun/2024:11:46:22 +0900] "GET /spring_mvc/day0605/btn_rp.do?name=&age=&email=test%40test.com HTTP/1.1" 200 1492
192.168.10.231 - - [05/Jun/2024:11:46:22 +0900] "GET /spring_mbv/common/css/board.css HTTP/1.1" 404 850
127.0.0.1 - - [05/Jun/2024:12:07:00 +0900] "GET / HTTP/1.1" 404 807
0:0:0:0:0:0:0:1 - - [05/Jun/2024:12:07:00 +0900] "GET /spring_mvc/index.do HTTP/1.1" 200 2827
192.168.10.231 - - [05/Jun/2024:12:07:00 +0900] "GET /spring_mbv/common/css/board.css HTTP/1.1" 404 850
192.168.10.231 - - [05/Jun/2024:12:07:00 +0900] "GET /spring_mvc/common/css/main.css HTTP/1.1" 304 -
0:0:0:0:0:0:0:1 - - [05/Jun/2024:12:07:03 +0900] "GET /spring_mvc/day0604/param_frm.do HTTP/1.1" 200 3617
192.168.10.231 - - [05/Jun/2024:12:07:03 +0900] "GET /spring_mbv/common/css/board.css HTTP/1.1" 404 850
0:0:0:0:0:0:0:1 - - [05/Jun/2024:12:07:04 +0900] "GET /spring_mvc/day0605/btn_rp_vo.do?name=%EB%B0%95%EC%8B%9C%ED%98%84&age=25&email=test%40test.com HTTP/1.1" 200 1506
192.168.10.231 - - [05/Jun/2024:12:07:04 +0900] "GET /spring_mbv/common/css/board.css HTTP/1.1" 404 850
0:0:0:0:0:0:0:1 - - [05/Jun/2024:12:07:15 +0900] "GET /spring_mvc/day0605/btn_rp_vo.do?name=%EB%B0%95%EC%8B%9C%ED%98%84&age=25&email=test%40test.com HTTP/1.1" 200 1506
192.168.10.231 - - [05/Jun/2024:12:07:15 +0900] "GET /spring_mbv/common/css/board.css HTTP/1.1" 404 850
0:0:0:0:0:0:0:1 - - [05/Jun/2024:12:07:24 +0900] "GET /spring_mvc/day0605/btn_rp_vo.do?name=&age=&email=test%40test.com HTTP/1.1" 400 843
0:0:0:0:0:0:0:1 - - [05/Jun/2024:12:07:28 +0900] "GET /spring_mvc/day0605/btn_rp_vo.do?name=&age=25&email=test%40test.com HTTP/1.1" 200 1497
192.168.10.231 - - [05/Jun/2024:12:07:28 +0900] "GET /spring_mbv/common/css/board.css HTTP/1.1" 404 850
0:0:0:0:0:0:0:1 - - [05/Jun/2024:12:08:06 +0900] "GET /spring_mvc/index.do HTTP/1.1" 200 2827
192.168.10.231 - - [05/Jun/2024:12:08:06 +0900] "GET /spring_mbv/common/css/board.css HTTP/1.1" 404 850
127.0.0.1 - - [05/Jun/2024:12:35:27 +0900] "GET / HTTP/1.1" 404 807
0:0:0:0:0:0:0:1 - - [05/Jun/2024:12:35:27 +0900] "GET /spring_mvc/index.do HTTP/1.1" 200 3046
192.168.10.231 - - [05/Jun/2024:12:35:27 +0900] "GET /spring_mbv/common/css/board.css HTTP/1.1" 404 850
127.0.0.1 - - [05/Jun/2024:12:41:03 +0900] "GET / HTTP/1.1" 404 807
0:0:0:0:0:0:0:1 - - [05/Jun/2024:12:41:03 +0900] "GET /spring_mvc/index.do HTTP/1.1" 200 3046
192.168.10.231 - - [05/Jun/2024:12:41:03 +0900] "GET /spring_mbv/common/css/board.css HTTP/1.1" 404 850
0:0:0:0:0:0:0:1 - - [05/Jun/2024:12:41:18 +0900] "GET /day0605/hsr_hs.do HTTP/1.1" 404 828
0:0:0:0:0:0:0:1 - - [05/Jun/2024:12:41:26 +0900] "GET /day0605/hsr_hs.do HTTP/1.1" 404 828
0:0:0:0:0:0:0:1 - - [05/Jun/2024:12:41:27 +0900] "GET /spring_mvc/index.do HTTP/1.1" 200 3048
192.168.10.231 - - [05/Jun/2024:12:41:27 +0900] "GET /spring_mbv/common/css/board.css HTTP/1.1" 404 850
192.168.10.231 - - [05/Jun/2024:12:41:27 +0900] "GET /spring_mvc/common/favicon.ico HTTP/1.1" 304 -
0:0:0:0:0:0:0:1 - - [05/Jun/2024:12:41:28 +0900] "GET /spring_mvc/day0605/hsr_hs.do HTTP/1.1" 302 -
0:0:0:0:0:0:0:1 - - [05/Jun/2024:12:41:28 +0900] "GET /spring_mvc/index.do HTTP/1.1" 200 3048
192.168.10.231 - - [05/Jun/2024:12:41:28 +0900] "GET /spring_mbv/common/css/board.css HTTP/1.1" 404 850
0:0:0:0:0:0:0:1 - - [05/Jun/2024:12:41:30 +0900] "GET /spring_mvc/day0605/hsr_hs.do HTTP/1.1" 302 -
0:0:0:0:0:0:0:1 - - [05/Jun/2024:12:41:30 +0900] "GET /spring_mvc/index.do HTTP/1.1" 200 3048
192.168.10.231 - - [05/Jun/2024:12:41:30 +0900] "GET /spring_mbv/common/css/board.css HTTP/1.1" 404 850
0:0:0:0:0:0:0:1 - - [05/Jun/2024:12:41:31 +0900] "GET /spring_mvc/day0605/hsr_hs.do HTTP/1.1" 302 -
0:0:0:0:0:0:0:1 - - [05/Jun/2024:12:41:31 +0900] "GET /spring_mvc/index.do HTTP/1.1" 200 3048
192.168.10.231 - - [05/Jun/2024:12:41:31 +0900] "GET /spring_mbv/common/css/board.css HTTP/1.1" 404 850
0:0:0:0:0:0:0:1 - - [05/Jun/2024:12:41:31 +0900] "GET /spring_mvc/day0605/hsr_hs.do HTTP/1.1" 302 -
0:0:0:0:0:0:0:1 - - [05/Jun/2024:12:41:31 +0900] "GET /spring_mvc/index.do HTTP/1.1" 200 3048
192.168.10.231 - - [05/Jun/2024:12:41:31 +0900] "GET /spring_mbv/common/css/board.css HTTP/1.1" 404 850
0:0:0:0:0:0:0:1 - - [05/Jun/2024:12:41:31 +0900] "GET /spring_mvc/day0605/hsr_hs.do HTTP/1.1" 302 -
0:0:0:0:0:0:0:1 - - [05/Jun/2024:12:41:31 +0900] "GET /spring_mvc/index.do HTTP/1.1" 200 3048
192.168.10.231 - - [05/Jun/2024:12:41:31 +0900] "GET /spring_mbv/common/css/board.css HTTP/1.1" 404 850
0:0:0:0:0:0:0:1 - - [05/Jun/2024:12:41:45 +0900] "GET /spring_mvc/index.do HTTP/1.1" 200 3048
192.168.10.231 - - [05/Jun/2024:12:41:45 +0900] "GET /spring_mbv/common/css/board.css HTTP/1.1" 404 850
0:0:0:0:0:0:0:1 - - [05/Jun/2024:12:41:45 +0900] "GET /spring_mvc/index.do HTTP/1.1" 200 3048
192.168.10.231 - - [05/Jun/2024:12:41:45 +0900] "GET /spring_mbv/common/css/board.css HTTP/1.1" 404 850
0:0:0:0:0:0:0:1 - - [05/Jun/2024:12:41:45 +0900] "GET /spring_mvc/index.do HTTP/1.1" 200 3048
192.168.10.231 - - [05/Jun/2024:12:41:45 +0900] "GET /spring_mbv/common/css/board.css HTTP/1.1" 404 850
0:0:0:0:0:0:0:1 - - [05/Jun/2024:12:41:45 +0900] "GET /spring_mvc/index.do HTTP/1.1" 200 3048
192.168.10.231 - - [05/Jun/2024:12:41:45 +0900] "GET /spring_mbv/common/css/board.css HTTP/1.1" 404 850
0:0:0:0:0:0:0:1 - - [05/Jun/2024:12:41:45 +0900] "GET /spring_mvc/index.do HTTP/1.1" 200 3048
192.168.10.231 - - [05/Jun/2024:12:41:45 +0900] "GET /spring_mbv/common/css/board.css HTTP/1.1" 404 850
0:0:0:0:0:0:0:1 - - [05/Jun/2024:12:41:46 +0900] "GET /spring_mvc/index.do HTTP/1.1" 200 3048
192.168.10.231 - - [05/Jun/2024:12:41:46 +0900] "GET /spring_mbv/common/css/board.css HTTP/1.1" 404 850
0:0:0:0:0:0:0:1 - - [05/Jun/2024:12:41:46 +0900] "GET /spring_mvc/index.do HTTP/1.1" 200 3048
192.168.10.231 - - [05/Jun/2024:12:41:46 +0900] "GET /spring_mbv/common/css/board.css HTTP/1.1" 404 850
192.168.10.231 - - [05/Jun/2024:12:41:46 +0900] "GET /spring_mvc/common/css/main.css HTTP/1.1" 200 16461
192.168.10.231 - - [05/Jun/2024:12:41:46 +0900] "GET /spring_mvc/common/favicon.ico HTTP/1.1" 200 1150
0:0:0:0:0:0:0:1 - - [05/Jun/2024:12:41:47 +0900] "GET /spring_mvc/index.do HTTP/1.1" 200 3048
192.168.10.231 - - [05/Jun/2024:12:41:47 +0900] "GET /spring_mbv/common/css/board.css HTTP/1.1" 404 850
0:0:0:0:0:0:0:1 - - [05/Jun/2024:12:41:47 +0900] "GET /spring_mvc/index.do HTTP/1.1" 200 3048
192.168.10.231 - - [05/Jun/2024:12:41:47 +0900] "GET /spring_mbv/common/css/board.css HTTP/1.1" 404 850
0:0:0:0:0:0:0:1 - - [05/Jun/2024:12:41:47 +0900] "GET /spring_mvc/day0605/hsr_hs.do HTTP/1.1" 302 -
0:0:0:0:0:0:0:1 - - [05/Jun/2024:12:41:47 +0900] "GET /spring_mvc/index.do HTTP/1.1" 200 3048
192.168.10.231 - - [05/Jun/2024:12:41:47 +0900] "GET /spring_mbv/common/css/board.css HTTP/1.1" 404 850
0:0:0:0:0:0:0:1 - - [05/Jun/2024:12:41:48 +0900] "GET /spring_mvc/day0605/hsr_hs.do HTTP/1.1" 302 -
0:0:0:0:0:0:0:1 - - [05/Jun/2024:12:41:48 +0900] "GET /spring_mvc/index.do HTTP/1.1" 200 3048
0:0:0:0:0:0:0:1 - - [05/Jun/2024:12:41:48 +0900] "GET /favicon.ico HTTP/1.1" 404 818
192.168.10.231 - - [05/Jun/2024:12:41:48 +0900] "GET /spring_mbv/common/css/board.css HTTP/1.1" 404 850
0:0:0:0:0:0:0:1 - - [05/Jun/2024:12:41:48 +0900] "GET /spring_mvc/day0605/hsr_hs.do HTTP/1.1" 302 -
0:0:0:0:0:0:0:1 - - [05/Jun/2024:12:41:48 +0900] "GET /spring_mvc/index.do HTTP/1.1" 200 3048
0:0:0:0:0:0:0:1 - - [05/Jun/2024:12:41:49 +0900] "GET /favicon.ico HTTP/1.1" 404 818
192.168.10.231 - - [05/Jun/2024:12:41:49 +0900] "GET /spring_mbv/common/css/board.css HTTP/1.1" 404 850
0:0:0:0:0:0:0:1 - - [05/Jun/2024:12:41:49 +0900] "GET /spring_mvc/day0605/hsr_hs.do HTTP/1.1" 302 -
0:0:0:0:0:0:0:1 - - [05/Jun/2024:12:41:49 +0900] "GET /spring_mvc/index.do HTTP/1.1" 200 3048
0:0:0:0:0:0:0:1 - - [05/Jun/2024:12:41:49 +0900] "GET /favicon.ico HTTP/1.1" 404 818
192.168.10.231 - - [05/Jun/2024:12:41:49 +0900] "GET /spring_mbv/common/css/board.css HTTP/1.1" 404 850
0:0:0:0:0:0:0:1 - - [05/Jun/2024:12:41:49 +0900] "GET /spring_mvc/day0605/hsr_hs.do HTTP/1.1" 302 -
0:0:0:0:0:0:0:1 - - [05/Jun/2024:12:41:49 +0900] "GET /spring_mvc/index.do HTTP/1.1" 200 3048
0:0:0:0:0:0:0:1 - - [05/Jun/2024:12:41:49 +0900] "GET /favicon.ico HTTP/1.1" 404 818
192.168.10.231 - - [05/Jun/2024:12:41:49 +0900] "GET /spring_mbv/common/css/board.css HTTP/1.1" 404 850
0:0:0:0:0:0:0:1 - - [05/Jun/2024:12:41:49 +0900] "GET /spring_mvc/day0605/hsr_hs.do HTTP/1.1" 302 -
0:0:0:0:0:0:0:1 - - [05/Jun/2024:12:41:49 +0900] "GET /spring_mvc/index.do HTTP/1.1" 200 3048
0:0:0:0:0:0:0:1 - - [05/Jun/2024:12:41:49 +0900] "GET /favicon.ico HTTP/1.1" 404 818
192.168.10.231 - - [05/Jun/2024:12:41:49 +0900] "GET /spring_mbv/common/css/board.css HTTP/1.1" 404 850
0:0:0:0:0:0:0:1 - - [05/Jun/2024:12:41:49 +0900] "GET /spring_mvc/day0605/hsr_hs.do HTTP/1.1" 302 -
0:0:0:0:0:0:0:1 - - [05/Jun/2024:12:41:49 +0900] "GET /spring_mvc/index.do HTTP/1.1" 200 3048
192.168.10.231 - - [05/Jun/2024:12:41:49 +0900] "GET /spring_mbv/common/css/board.css HTTP/1.1" 404 850
0:0:0:0:0:0:0:1 - - [05/Jun/2024:12:41:49 +0900] "GET /favicon.ico HTTP/1.1" 404 818
0:0:0:0:0:0:0:1 - - [05/Jun/2024:12:42:19 +0900] "GET /spring_mvc/index.do HTTP/1.1" 200 3048
192.168.10.231 - - [05/Jun/2024:12:42:19 +0900] "GET /spring_mbv/common/css/board.css HTTP/1.1" 404 850
0:0:0:0:0:0:0:1 - - [05/Jun/2024:12:42:20 +0900] "GET /spring_mvc/index.do HTTP/1.1" 200 3048
192.168.10.231 - - [05/Jun/2024:12:42:20 +0900] "GET /spring_mbv/common/css/board.css HTTP/1.1" 404 850
0:0:0:0:0:0:0:1 - - [05/Jun/2024:12:42:20 +0900] "GET /spring_mvc/index.do HTTP/1.1" 200 3048
192.168.10.231 - - [05/Jun/2024:12:42:20 +0900] "GET /spring_mbv/common/css/board.css HTTP/1.1" 404 850
0:0:0:0:0:0:0:1 - - [05/Jun/2024:12:42:20 +0900] "GET /spring_mvc/index.do HTTP/1.1" 200 3048
192.168.10.231 - - [05/Jun/2024:12:42:20 +0900] "GET /spring_mbv/common/css/board.css HTTP/1.1" 404 850
0:0:0:0:0:0:0:1 - - [05/Jun/2024:12:42:20 +0900] "GET /spring_mvc/index.do HTTP/1.1" 200 3048
192.168.10.231 - - [05/Jun/2024:12:42:20 +0900] "GET /spring_mbv/common/css/board.css HTTP/1.1" 404 850
0:0:0:0:0:0:0:1 - - [05/Jun/2024:12:42:21 +0900] "GET /spring_mvc/day0605/hsr_hs.do HTTP/1.1" 200 1559
192.168.10.231 - - [05/Jun/2024:12:42:21 +0900] "GET /spring_mbv/common/css/board.css HTTP/1.1" 404 850
0:0:0:0:0:0:0:1 - - [05/Jun/2024:12:42:54 +0900] "GET /spring_mvc/index.do HTTP/1.1" 200 3048
192.168.10.231 - - [05/Jun/2024:12:42:54 +0900] "GET /spring_mbv/common/css/board.css HTTP/1.1" 404 850
0:0:0:0:0:0:0:1 - - [05/Jun/2024:12:42:54 +0900] "GET /spring_mvc/index.do HTTP/1.1" 200 3048
192.168.10.231 - - [05/Jun/2024:12:42:54 +0900] "GET /spring_mbv/common/css/board.css HTTP/1.1" 404 850
0:0:0:0:0:0:0:1 - - [05/Jun/2024:12:42:54 +0900] "GET /spring_mvc/index.do HTTP/1.1" 200 3048
192.168.10.231 - - [05/Jun/2024:12:42:54 +0900] "GET /spring_mbv/common/css/board.css HTTP/1.1" 404 850
0:0:0:0:0:0:0:1 - - [05/Jun/2024:12:42:55 +0900] "GET /spring_mvc/day0605/hsr_hs.do HTTP/1.1" 302 -
0:0:0:0:0:0:0:1 - - [05/Jun/2024:12:42:55 +0900] "GET /spring_mvc/index.do HTTP/1.1" 200 3048
0:0:0:0:0:0:0:1 - - [05/Jun/2024:12:42:55 +0900] "GET /favicon.ico HTTP/1.1" 404 818
192.168.10.231 - - [05/Jun/2024:12:42:55 +0900] "GET /spring_mbv/common/css/board.css HTTP/1.1" 404 850
0:0:0:0:0:0:0:1 - - [05/Jun/2024:12:42:56 +0900] "GET /spring_mvc/day0605/hsr_hs.do HTTP/1.1" 302 -
0:0:0:0:0:0:0:1 - - [05/Jun/2024:12:42:56 +0900] "GET /spring_mvc/index.do HTTP/1.1" 200 3048
0:0:0:0:0:0:0:1 - - [05/Jun/2024:12:42:56 +0900] "GET /favicon.ico HTTP/1.1" 404 818
192.168.10.231 - - [05/Jun/2024:12:42:56 +0900] "GET /spring_mbv/common/css/board.css HTTP/1.1" 404 850
0:0:0:0:0:0:0:1 - - [05/Jun/2024:12:42:57 +0900] "GET /spring_mvc/day0605/hsr_hs.do HTTP/1.1" 302 -
0:0:0:0:0:0:0:1 - - [05/Jun/2024:12:42:57 +0900] "GET /spring_mvc/index.do HTTP/1.1" 200 3048
0:0:0:0:0:0:0:1 - - [05/Jun/2024:12:42:57 +0900] "GET /favicon.ico HTTP/1.1" 404 818
192.168.10.231 - - [05/Jun/2024:12:42:57 +0900] "GET /spring_mbv/common/css/board.css HTTP/1.1" 404 850
0:0:0:0:0:0:0:1 - - [05/Jun/2024:12:42:57 +0900] "GET /spring_mvc/day0605/hsr_hs.do HTTP/1.1" 302 -
0:0:0:0:0:0:0:1 - - [05/Jun/2024:12:42:57 +0900] "GET /spring_mvc/index.do HTTP/1.1" 200 3048
0:0:0:0:0:0:0:1 - - [05/Jun/2024:12:42:57 +0900] "GET /favicon.ico HTTP/1.1" 404 818
192.168.10.231 - - [05/Jun/2024:12:42:57 +0900] "GET /spring_mbv/common/css/board.css HTTP/1.1" 404 850
0:0:0:0:0:0:0:1 - - [05/Jun/2024:12:42:57 +0900] "GET /spring_mvc/day0605/hsr_hs.do HTTP/1.1" 302 -
0:0:0:0:0:0:0:1 - - [05/Jun/2024:12:42:57 +0900] "GET /spring_mvc/index.do HTTP/1.1" 200 3048
0:0:0:0:0:0:0:1 - - [05/Jun/2024:12:42:57 +0900] "GET /favicon.ico HTTP/1.1" 404 818
192.168.10.231 - - [05/Jun/2024:12:42:57 +0900] "GET /spring_mbv/common/css/board.css HTTP/1.1" 404 850
0:0:0:0:0:0:0:1 - - [05/Jun/2024:12:42:57 +0900] "GET /spring_mvc/day0605/hsr_hs.do HTTP/1.1" 302 -
0:0:0:0:0:0:0:1 - - [05/Jun/2024:12:42:57 +0900] "GET /spring_mvc/index.do HTTP/1.1" 200 3048
192.168.10.231 - - [05/Jun/2024:12:42:57 +0900] "GET /spring_mbv/common/css/board.css HTTP/1.1" 404 850
0:0:0:0:0:0:0:1 - - [05/Jun/2024:12:42:57 +0900] "GET /favicon.ico HTTP/1.1" 404 818
0:0:0:0:0:0:0:1 - - [05/Jun/2024:12:43:20 +0900] "GET /spring_mvc/index.do HTTP/1.1" 200 3048
192.168.10.231 - - [05/Jun/2024:12:43:20 +0900] "GET /spring_mbv/common/css/board.css HTTP/1.1" 404 850
0:0:0:0:0:0:0:1 - - [05/Jun/2024:12:43:21 +0900] "GET /spring_mvc/index.do HTTP/1.1" 200 3048
192.168.10.231 - - [05/Jun/2024:12:43:21 +0900] "GET /spring_mbv/common/css/board.css HTTP/1.1" 404 850
0:0:0:0:0:0:0:1 - - [05/Jun/2024:12:43:21 +0900] "GET /spring_mvc/index.do HTTP/1.1" 200 3048
192.168.10.231 - - [05/Jun/2024:12:43:21 +0900] "GET /spring_mbv/common/css/board.css HTTP/1.1" 404 850
0:0:0:0:0:0:0:1 - - [05/Jun/2024:12:43:21 +0900] "GET /spring_mvc/index.do HTTP/1.1" 200 3048
192.168.10.231 - - [05/Jun/2024:12:43:21 +0900] "GET /spring_mbv/common/css/board.css HTTP/1.1" 404 850
0:0:0:0:0:0:0:1 - - [05/Jun/2024:12:43:22 +0900] "GET /spring_mvc/day0605/hsr_hs.do HTTP/1.1" 302 -
0:0:0:0:0:0:0:1 - - [05/Jun/2024:12:43:22 +0900] "GET /spring_mvc/index.do HTTP/1.1" 200 3048
192.168.10.231 - - [05/Jun/2024:12:43:22 +0900] "GET /spring_mbv/common/css/board.css HTTP/1.1" 404 850
0:0:0:0:0:0:0:1 - - [05/Jun/2024:12:43:22 +0900] "GET /favicon.ico HTTP/1.1" 404 818
0:0:0:0:0:0:0:1 - - [05/Jun/2024:12:43:23 +0900] "GET /spring_mvc/day0605/hsr_hs.do HTTP/1.1" 302 -
0:0:0:0:0:0:0:1 - - [05/Jun/2024:12:43:23 +0900] "GET /spring_mvc/index.do HTTP/1.1" 200 3048
0:0:0:0:0:0:0:1 - - [05/Jun/2024:12:43:23 +0900] "GET /favicon.ico HTTP/1.1" 404 818
192.168.10.231 - - [05/Jun/2024:12:43:23 +0900] "GET /spring_mbv/common/css/board.css HTTP/1.1" 404 850
0:0:0:0:0:0:0:1 - - [05/Jun/2024:12:43:23 +0900] "GET /spring_mvc/day0605/hsr_hs.do HTTP/1.1" 302 -
0:0:0:0:0:0:0:1 - - [05/Jun/2024:12:43:23 +0900] "GET /spring_mvc/index.do HTTP/1.1" 200 3048
0:0:0:0:0:0:0:1 - - [05/Jun/2024:12:43:23 +0900] "GET /favicon.ico HTTP/1.1" 404 818
192.168.10.231 - - [05/Jun/2024:12:43:23 +0900] "GET /spring_mbv/common/css/board.css HTTP/1.1" 404 850
0:0:0:0:0:0:0:1 - - [05/Jun/2024:12:43:24 +0900] "GET /spring_mvc/index.do HTTP/1.1" 200 3048
192.168.10.231 - - [05/Jun/2024:12:43:24 +0900] "GET /spring_mbv/common/css/board.css HTTP/1.1" 404 850
0:0:0:0:0:0:0:1 - - [05/Jun/2024:12:43:24 +0900] "GET /spring_mvc/index.do HTTP/1.1" 200 3048
192.168.10.231 - - [05/Jun/2024:12:43:24 +0900] "GET /spring_mbv/common/css/board.css HTTP/1.1" 404 850
0:0:0:0:0:0:0:1 - - [05/Jun/2024:12:43:25 +0900] "GET /spring_mvc/day0605/hsr_hs.do HTTP/1.1" 302 -
0:0:0:0:0:0:0:1 - - [05/Jun/2024:12:43:25 +0900] "GET /spring_mvc/index.do HTTP/1.1" 200 3048
0:0:0:0:0:0:0:1 - - [05/Jun/2024:12:43:25 +0900] "GET /favicon.ico HTTP/1.1" 404 818
192.168.10.231 - - [05/Jun/2024:12:43:25 +0900] "GET /spring_mbv/common/css/board.css HTTP/1.1" 404 850
0:0:0:0:0:0:0:1 - - [05/Jun/2024:12:43:26 +0900] "GET /spring_mvc/index.do HTTP/1.1" 200 3048
192.168.10.231 - - [05/Jun/2024:12:43:26 +0900] "GET /spring_mbv/common/css/board.css HTTP/1.1" 404 850
192.168.10.231 - - [05/Jun/2024:12:43:26 +0900] "GET /spring_mvc/common/css/main.css HTTP/1.1" 200 16461
192.168.10.231 - - [05/Jun/2024:12:43:26 +0900] "GET /spring_mvc/common/favicon.ico HTTP/1.1" 200 1150
0:0:0:0:0:0:0:1 - - [05/Jun/2024:12:43:27 +0900] "GET /spring_mvc/day0605/hsr_hs.do HTTP/1.1" 302 -
0:0:0:0:0:0:0:1 - - [05/Jun/2024:12:43:27 +0900] "GET /spring_mvc/index.do HTTP/1.1" 200 3048
192.168.10.231 - - [05/Jun/2024:12:43:27 +0900] "GET /spring_mbv/common/css/board.css HTTP/1.1" 404 850
0:0:0:0:0:0:0:1 - - [05/Jun/2024:12:43:27 +0900] "GET /favicon.ico HTTP/1.1" 404 818
0:0:0:0:0:0:0:1 - - [05/Jun/2024:12:43:31 +0900] "GET /spring_mvc/day0605/hsr_hs.do HTTP/1.1" 200 1560
192.168.10.231 - - [05/Jun/2024:12:43:31 +0900] "GET /spring_mbv/common/css/board.css HTTP/1.1" 404 850
127.0.0.1 - - [05/Jun/2024:14:18:39 +0900] "GET / HTTP/1.1" 404 807
0:0:0:0:0:0:0:1 - - [05/Jun/2024:14:18:40 +0900] "GET /spring_mvc/index.html HTTP/1.1" 304 -
0:0:0:0:0:0:0:1 - - [05/Jun/2024:14:18:40 +0900] "GET /favicon.ico HTTP/1.1" 404 818
0:0:0:0:0:0:0:1 - - [05/Jun/2024:14:18:40 +0900] "GET /spring_mvc/index.do HTTP/1.1" 200 3054
192.168.10.231 - - [05/Jun/2024:14:18:40 +0900] "GET /spring_mbv/common/css/board.css HTTP/1.1" 404 850
0:0:0:0:0:0:0:1 - - [05/Jun/2024:14:18:42 +0900] "GET /spring_mvc/day0605/model.do HTTP/1.1" 200 1554
192.168.10.231 - - [05/Jun/2024:14:18:42 +0900] "GET /spring_mbv/common/css/board.css HTTP/1.1" 404 850
0:0:0:0:0:0:0:1 - - [05/Jun/2024:14:20:40 +0900] "GET /spring_mvc/index.do HTTP/1.1" 200 3054
192.168.10.231 - - [05/Jun/2024:14:20:40 +0900] "GET /spring_mbv/common/css/board.css HTTP/1.1" 404 850
0:0:0:0:0:0:0:1 - - [05/Jun/2024:14:20:40 +0900] "GET /spring_mvc/index.do HTTP/1.1" 200 3054
192.168.10.231 - - [05/Jun/2024:14:20:40 +0900] "GET /spring_mbv/common/css/board.css HTTP/1.1" 404 850
0:0:0:0:0:0:0:1 - - [05/Jun/2024:14:20:40 +0900] "GET /spring_mvc/index.do HTTP/1.1" 200 3054
192.168.10.231 - - [05/Jun/2024:14:20:40 +0900] "GET /spring_mbv/common/css/board.css HTTP/1.1" 404 850
0:0:0:0:0:0:0:1 - - [05/Jun/2024:14:20:40 +0900] "GET /spring_mvc/index.do HTTP/1.1" 200 3054
192.168.10.231 - - [05/Jun/2024:14:20:40 +0900] "GET /spring_mbv/common/css/board.css HTTP/1.1" 404 850
0:0:0:0:0:0:0:1 - - [05/Jun/2024:14:20:41 +0900] "GET /spring_mvc/day0605/model.do HTTP/1.1" 200 1559
192.168.10.231 - - [05/Jun/2024:14:20:41 +0900] "GET /spring_mbv/common/css/board.css HTTP/1.1" 404 850
0:0:0:0:0:0:0:1 - - [05/Jun/2024:14:21:02 +0900] "GET /spring_mvc/day0605/model.do HTTP/1.1" 200 1557
192.168.10.231 - - [05/Jun/2024:14:21:02 +0900] "GET /spring_mbv/common/css/board.css HTTP/1.1" 404 850
0:0:0:0:0:0:0:1 - - [05/Jun/2024:14:21:02 +0900] "GET /spring_mvc/day0605/model.do HTTP/1.1" 200 1557
192.168.10.231 - - [05/Jun/2024:14:21:02 +0900] "GET /spring_mbv/common/css/board.css HTTP/1.1" 404 850
0:0:0:0:0:0:0:1 - - [05/Jun/2024:14:21:02 +0900] "GET /spring_mvc/day0605/model.do HTTP/1.1" 200 1557
192.168.10.231 - - [05/Jun/2024:14:21:02 +0900] "GET /spring_mbv/common/css/board.css HTTP/1.1" 404 850
0:0:0:0:0:0:0:1 - - [05/Jun/2024:14:21:02 +0900] "GET /spring_mvc/day0605/model.do HTTP/1.1" 200 1557
192.168.10.231 - - [05/Jun/2024:14:21:02 +0900] "GET /spring_mbv/common/css/board.css HTTP/1.1" 404 850
0:0:0:0:0:0:0:1 - - [05/Jun/2024:14:21:03 +0900] "GET /spring_mvc/day0605/model.do HTTP/1.1" 200 1559
192.168.10.231 - - [05/Jun/2024:14:21:03 +0900] "GET /spring_mbv/common/css/board.css HTTP/1.1" 404 850
0:0:0:0:0:0:0:1 - - [05/Jun/2024:14:21:03 +0900] "GET /spring_mvc/day0605/model.do HTTP/1.1" 200 1557
192.168.10.231 - - [05/Jun/2024:14:21:03 +0900] "GET /spring_mbv/common/css/board.css HTTP/1.1" 404 850
0:0:0:0:0:0:0:1 - - [05/Jun/2024:14:21:03 +0900] "GET /spring_mvc/day0605/model.do HTTP/1.1" 200 1557
192.168.10.231 - - [05/Jun/2024:14:21:03 +0900] "GET /spring_mbv/common/css/board.css HTTP/1.1" 404 850
0:0:0:0:0:0:0:1 - - [05/Jun/2024:14:21:03 +0900] "GET /spring_mvc/day0605/model.do HTTP/1.1" 200 1565
192.168.10.231 - - [05/Jun/2024:14:21:03 +0900] "GET /spring_mbv/common/css/board.css HTTP/1.1" 404 850
0:0:0:0:0:0:0:1 - - [05/Jun/2024:14:21:03 +0900] "GET /spring_mvc/day0605/model.do HTTP/1.1" 200 1557
192.168.10.231 - - [05/Jun/2024:14:21:03 +0900] "GET /spring_mbv/common/css/board.css HTTP/1.1" 404 850
0:0:0:0:0:0:0:1 - - [05/Jun/2024:14:21:04 +0900] "GET /spring_mvc/day0605/model.do HTTP/1.1" 200 1557
192.168.10.231 - - [05/Jun/2024:14:21:04 +0900] "GET /spring_mbv/common/css/board.css HTTP/1.1" 404 850
0:0:0:0:0:0:0:1 - - [05/Jun/2024:14:21:04 +0900] "GET /spring_mvc/day0605/model.do HTTP/1.1" 200 1559
192.168.10.231 - - [05/Jun/2024:14:21:04 +0900] "GET /spring_mbv/common/css/board.css HTTP/1.1" 404 850
127.0.0.1 - - [05/Jun/2024:14:48:56 +0900] "GET / HTTP/1.1" 404 807
0:0:0:0:0:0:0:1 - - [05/Jun/2024:14:48:57 +0900] "GET /spring_mvc/index.do HTTP/1.1" 500 14016
127.0.0.1 - - [05/Jun/2024:14:49:30 +0900] "GET / HTTP/1.1" 404 807
0:0:0:0:0:0:0:1 - - [05/Jun/2024:14:49:31 +0900] "GET /spring_mvc/index.do HTTP/1.1" 200 3048
192.168.10.231 - - [05/Jun/2024:14:49:31 +0900] "GET /spring_mbv/common/css/board.css HTTP/1.1" 404 850
